#
# A fatal error has been detected by the Java Runtime Environment:
#
#  EXCEPTION_ACCESS_VIOLATION (0xc0000005) at pc=0x00007ffb61393bb0, pid=22284, tid=22300
#
# JRE version: OpenJDK Runtime Environment Temurin-21.0.10+7 (21.0.10+7) (build 21.0.10+7-LTS)
# Java VM: OpenJDK 64-Bit Server VM Temurin-21.0.10+7 (21.0.10+7-LTS, mixed mode, sharing, tiered, compressed oops, compressed class ptrs, parallel gc, windows-amd64)
# Problematic frame:
# V  [jvm.dll+0x3c3bb0]
#
# No core dump will be written. Minidumps are not enabled by default on client versions of Windows
#
# If you would like to submit a bug report, please visit:
#   https://github.com/adoptium/adoptium-support/issues
#

---------------  S U M M A R Y ------------

Command Line: --add-modules=ALL-SYSTEM --add-opens=java.base/java.util=ALL-UNNAMED --add-opens=java.base/java.lang=ALL-UNNAMED --add-opens=java.base/sun.nio.fs=ALL-UNNAMED -Declipse.application=org.eclipse.jdt.ls.core.id1 -Dosgi.bundles.defaultStartLevel=4 -Declipse.product=org.eclipse.jdt.ls.core.product -Djava.import.generatesMetadataFilesAtProjectRoot=false -DDetectVMInstallationsJob.disabled=true -Dfile.encoding=utf8 -XX:+UseParallelGC -XX:GCTimeRatio=4 -XX:AdaptiveSizePolicyWeight=90 -Dsun.zip.disableMemoryMapping=true -Xmx2G -Xms100m -Xlog:disable -javaagent:c:\Users\camil\.vscode\extensions\redhat.java-1.54.0-win32-x64\lombok\lombok-1.18.39-4050.jar -XX:+HeapDumpOnOutOfMemoryError -XX:HeapDumpPath=c:\Users\camil\AppData\Roaming\Code\User\workspaceStorage\fcb90d46bb9a1586029f89fc31149cd5\redhat.java -Daether.dependencyCollector.impl=bf c:\Users\camil\.vscode\extensions\redhat.java-1.54.0-win32-x64\server\plugins\org.eclipse.equinox.launcher_1.7.100.v20251111-0406.jar -configuration c:\Users\camil\AppData\Roaming\Code\User\globalStorage\redhat.java\1.54.0\config_win -data c:\Users\camil\AppData\Roaming\Code\User\workspaceStorage\fcb90d46bb9a1586029f89fc31149cd5\redhat.java\jdt_ws --pipe=\\.\pipe\lsp-81f08e9b88a229d392edd36c02042bf2-sock

Host: AMD Ryzen 5 5600G with Radeon Graphics         , 12 cores, 15G,  Windows 11 , 64 bit Build 26100 (10.0.26100.8246)
Time: Wed Apr 22 21:06:13 2026 Hora est. Pacífico, Sudamérica elapsed time: 9.783791 seconds (0d 0h 0m 9s)

---------------  T H R E A D  ---------------

Current thread (0x000001b714fff820):  JavaThread "C2 CompilerThread0" daemon [_thread_in_native, id=22300, stack(0x0000002a29000000,0x0000002a29100000) (1024K)]


Current CompileTask:
C2:9783 7770   !   4       org.eclipse.osgi.internal.loader.classpath.ClasspathManager::defineClass (636 bytes)

Stack: [0x0000002a29000000,0x0000002a29100000],  sp=0x0000002a290fcfa0,  free space=1011k
Native frames: (J=compiled Java code, j=interpreted, Vv=VM code, C=native code)
V  [jvm.dll+0x3c3bb0]
V  [jvm.dll+0x3bd088]
V  [jvm.dll+0x1e3fb0]
V  [jvm.dll+0x24c6b3]
V  [jvm.dll+0x24bb40]
V  [jvm.dll+0x1cb34e]
V  [jvm.dll+0x25b85d]
V  [jvm.dll+0x259dea]
V  [jvm.dll+0x3f857e]
V  [jvm.dll+0x85f59d]
V  [jvm.dll+0x6d626d]
C  [ucrtbase.dll+0x37b0]
C  [KERNEL32.DLL+0x2e8d7]
C  [ntdll.dll+0x8c3fc]


siginfo: EXCEPTION_ACCESS_VIOLATION (0xc0000005), reading address 0x00007ffb71c76580


Registers:
RAX=0x0000000000000000, RBX=0x0000002a290fcff0, RCX=0x0000000000000000, RDX=0x0000000000000004
RSP=0x0000002a290fcfa0, RBP=0x0000002a290fd110, RSI=0x00007ffb61c76580, RDI=0x000000000000000b
R8 =0x00007ffb71c76580, R9 =0x000000000000001d, R10=0x00000000000008f4, R11=0x0000000000000004
R12=0x0000000000000000, R13=0x000001b773430c80, R14=0x00000000000012d5, R15=0x0000000000000001
RIP=0x00007ffb61393bb0, EFLAGS=0x0000000000010246

XMM[0]=0x0000000000000000 0x0000000000000000
XMM[1]=0x0000000000000000 0x0000000000000000
XMM[2]=0x0000000000000000 0x0000000000000000
XMM[3]=0x0000000000000000 0x0000000000000000
XMM[4]=0x0000000000000000 0x0000000000000000
XMM[5]=0x0000000000000000 0x0000000000000000
XMM[6]=0x0000000000000000 0x0000000000000000
XMM[7]=0x0000000000000000 0x0000000000000000
XMM[8]=0x0000000000000000 0x0000000000000000
XMM[9]=0x0000000000000000 0x0000000000000000
XMM[10]=0x0000000000000000 0x0000000000000000
XMM[11]=0x0000000000000000 0x0000000000000000
XMM[12]=0x0000000000000000 0x0000000000000000
XMM[13]=0x0000000000000000 0x0000000000000000
XMM[14]=0x0000000000000000 0x0000000000000000
XMM[15]=0x0000000000000000 0x0000000000000000
  MXCSR=0x00001fa0


Register to memory mapping:

RAX=0x0 is null
RBX=0x0000002a290fcff0 is pointing into the stack for thread: 0x000001b714fff820
RCX=0x0 is null
RDX=0x0000000000000004 is an unknown value
RSP=0x0000002a290fcfa0 is pointing into the stack for thread: 0x000001b714fff820
RBP=0x0000002a290fd110 is pointing into the stack for thread: 0x000001b714fff820
RSI=0x00007ffb61c76580 jvm.dll
RDI=0x000000000000000b is an unknown value
R8 =0x00007ffb71c76580 is an unknown value
R9 =0x000000000000001d is an unknown value
R10=0x00000000000008f4 is an unknown value
R11=0x0000000000000004 is an unknown value
R12=0x0 is null
R13=0x000001b773430c80 points into unknown readable memory: 0x0000000800000002 | 02 00 00 00 08 00 00 00
R14=0x00000000000012d5 is an unknown value
R15=0x0000000000000001 is an unknown value

Top of Stack: (sp=0x0000002a290fcfa0)
0x0000002a290fcfa0:   000001b714ef4ed0 000001b777b2f200
0x0000002a290fcfb0:   000001b777b3f2a0 00007ffb61a12fe8
0x0000002a290fcfc0:   000000000000000e 00007ffb6138d088
0x0000002a290fcfd0:   0000000000000002 0000000000000009
0x0000002a290fcfe0:   000001b714ef4e00 0000000000000000
0x0000002a290fcff0:   0000000000000000 00000004000008f4
0x0000002a290fd000:   0000001d00000009 00007ffb71c76580
0x0000002a290fd010:   000001b7765c52d0 000001b776b70570
0x0000002a290fd020:   0000002a290fd590 0000000000000000
0x0000002a290fd030:   0000002a290fd140 00007ffb611b3fb0
0x0000002a290fd040:   0000002a290fd4b0 0000002a290fd4c0
0x0000002a290fd050:   0000002a290fe970 000001b773430c70
0x0000002a290fd060:   000001b700000000 0000000000000000
0x0000002a290fd070:   0000000000000007 000001b773430c70
0x0000002a290fd080:   000001b7754fce00 000001b7754fe790
0x0000002a290fd090:   000001b775504de8 0000000000709380
0x0000002a290fd0a0:   000001b773430c70 0000000000000000
0x0000002a290fd0b0:   0000000000000000 0000000000000000
0x0000002a290fd0c0:   0000000000000010 0000000000005700
0x0000002a290fd0d0:   0000000000007fd8 00007ffb619dc2a0
0x0000002a290fd0e0:   0000000000000000 0000002a290fe970
0x0000002a290fd0f0:   0000000000000000 00007ffb619dc2a0
0x0000002a290fd100:   0000000000007f00 00007ffb6109665e
0x0000002a290fd110:   00007ffb0000000c 0000002a290fe970
0x0000002a290fd120:   000001b776ab4050 000001b714ef4e01
0x0000002a290fd130:   000001b77f7d8050 000001b700002038
0x0000002a290fd140:   0000002a290fd070 000001b773430c80
0x0000002a290fd150:   00007ffb619dc270 000001b70000000d
0x0000002a290fd160:   0000002a290fe970 0000002a290fd4b0
0x0000002a290fd170:   000001b7000022ad 0000000000008ab8
0x0000002a290fd180:   000001b70000000a 0000002a290fe970
0x0000002a290fd190:   000001b777b3f2c0 0000000000000000 

Instructions: (pc=0x00007ffb61393bb0)
0x00007ffb61393ab0:   04 2e 48 8b 88 68 06 00 00 48 8b b1 80 00 00 00
0x00007ffb61393ac0:   48 8b 8e d8 08 00 00 48 85 c9 75 0c e8 2f 0b 00
0x00007ffb61393ad0:   00 48 8b 8e d8 08 00 00 48 8b 01 0f 57 c0 48 89
0x00007ffb61393ae0:   86 d8 08 00 00 0f 11 01 0f 11 41 10 0f 10 45 00
0x00007ffb61393af0:   0f 11 01 0f 10 4d 10 0f 11 49 10 48 8b 43 08 49
0x00007ffb61393b00:   89 0c 06 48 8d 0d 76 2a 8e 00 ff c7 ba 70 00 00
0x00007ffb61393b10:   00 3b bb 90 00 00 00 0f 82 63 ff ff ff 4c 8b 74
0x00007ffb61393b20:   24 60 4c 8b 64 24 58 48 8b 6c 24 50 48 8b c3 48
0x00007ffb61393b30:   83 c4 20 41 5f 41 5d 5f 5e 5b c3 cc cc cc cc cc
0x00007ffb61393b40:   40 53 48 83 ec 20 8b 51 0c 48 8b d9 83 fa 04 73
0x00007ffb61393b50:   26 4c 8b 49 18 66 66 66 0f 1f 84 00 00 00 00 00
0x00007ffb61393b60:   8b c2 8d 4a 01 49 83 3c c1 00 4d 8d 04 c1 75 7e
0x00007ffb61393b70:   8b d1 83 f9 04 72 e9 48 89 74 24 30 48 89 7c 24
0x00007ffb61393b80:   38 8b 7b 10 3b 7b 14 73 53 48 8d 35 f0 29 8e 00
0x00007ffb61393b90:   48 8b 43 20 8b cf 4c 8b 04 c8 4c 3b c6 74 36 33
0x00007ffb61393ba0:   c0 4c 89 43 18 33 c9 66 0f 1f 84 00 00 00 00 00
0x00007ffb61393bb0:   4a 83 3c 01 00 8d 50 01 75 65 48 83 c1 08 8b c2
0x00007ffb61393bc0:   83 fa 04 72 eb 48 8b 4b 28 48 85 c9 74 07 8b d7
0x00007ffb61393bd0:   e8 5b 01 00 00 ff c7 3b 7b 14 72 b4 48 8b 74 24
0x00007ffb61393be0:   30 33 c0 48 8b 7c 24 38 48 83 c4 20 5b c3 8b 43
0x00007ffb61393bf0:   10 8d 04 82 c1 e0 06 2d 00 01 00 00 89 43 08 4d
0x00007ffb61393c00:   8b 00 49 0f bc d0 89 4b 0c 8b ca 49 d3 e8 49 ff
0x00007ffb61393c10:   c8 03 c2 4c 89 03 89 43 08 48 83 c4 20 5b c3 48
0x00007ffb61393c20:   8b 74 24 30 44 8d 0c b8 8b c8 41 c1 e1 06 44 89
0x00007ffb61393c30:   4b 08 4d 8b 04 c8 8d 4f 01 48 8b 7c 24 38 89 53
0x00007ffb61393c40:   0c 49 0f bc d0 89 4b 10 8b ca 49 d3 e8 49 ff c8
0x00007ffb61393c50:   44 03 ca 4c 89 03 44 89 4b 08 41 8b c1 48 83 c4
0x00007ffb61393c60:   20 5b c3 cc cc cc cc cc cc cc cc cc cc cc cc cc
0x00007ffb61393c70:   40 53 48 83 ec 20 65 48 8b 04 25 58 00 00 00 8b
0x00007ffb61393c80:   0d 23 a9 92 00 48 8b 1c c8 b8 70 00 00 00 80 3c
0x00007ffb61393c90:   18 00 75 05 e8 37 04 59 00 b8 20 00 00 00 48 8b
0x00007ffb61393ca0:   04 18 48 8b 88 68 06 00 00 48 8b 99 80 00 00 00 


Stack slot to memory mapping:

stack at sp + 0 slots: 0x000001b714ef4ed0 points into unknown readable memory: 0x0000000000000007 | 07 00 00 00 00 00 00 00
stack at sp + 1 slots: 0x000001b777b2f200 points into unknown readable memory: 0x00007ffb61c76580 | 80 65 c7 61 fb 7f 00 00
stack at sp + 2 slots: 0x000001b777b3f2a0 points into unknown readable memory: 0xffffffffffff0000 | 00 00 ff ff ff ff ff ff
stack at sp + 3 slots: 0x00007ffb61a12fe8 jvm.dll
stack at sp + 4 slots: 0x000000000000000e is an unknown value
stack at sp + 5 slots: 0x00007ffb6138d088 jvm.dll
stack at sp + 6 slots: 0x0000000000000002 is an unknown value
stack at sp + 7 slots: 0x0000000000000009 is an unknown value


---------------  P R O C E S S  ---------------

Threads class SMR info:
_java_thread_list=0x000001b776e869e0, length=86, elements={
0x000001b714f4f6d0, 0x000001b714feffd0, 0x000001b714ff2e20, 0x000001b714ff8390,
0x000001b714ffb160, 0x000001b714ffbf70, 0x000001b714ffc9d0, 0x000001b714fff820,
0x000001b71500b860, 0x000001b76dede250, 0x000001b76e003c30, 0x000001b77389fe10,
0x000001b7735d1310, 0x000001b77397fd50, 0x000001b773980790, 0x000001b773db40c0,
0x000001b773e831b0, 0x000001b7740b0750, 0x000001b773cb8850, 0x000001b773cbb640,
0x000001b773cb8ee0, 0x000001b774c373c0, 0x000001b774cd0d20, 0x000001b773cb9570,
0x000001b773cb9c00, 0x000001b773cba290, 0x000001b773cbafb0, 0x000001b773cba920,
0x000001b773cbbcd0, 0x000001b775955e60, 0x000001b7759564f0, 0x000001b775956b80,
0x000001b775957210, 0x000001b775958c50, 0x000001b7759578a0, 0x000001b775957f30,
0x000001b7759585c0, 0x000001b7759557d0, 0x000001b7752d9670, 0x000001b7752d8950,
0x000001b7752d8fe0, 0x000001b7752d9d00, 0x000001b7752da390, 0x000001b7752daa20,
0x000001b7752db0b0, 0x000001b7752d7c30, 0x000001b7752db740, 0x000001b7752d82c0,
0x000001b7752df250, 0x000001b7752debc0, 0x000001b7752dbdd0, 0x000001b7752dcaf0,
0x000001b7752de530, 0x000001b7752dd180, 0x000001b7752dd810, 0x000001b7752ddea0,
0x000001b773613d20, 0x000001b773613000, 0x000001b773613690, 0x000001b7736150d0,
0x000001b773615760, 0x000001b7736143b0, 0x000001b773615df0, 0x000001b773616480,
0x000001b773614a40, 0x000001b7774925b0, 0x000001b777493ff0, 0x000001b777491f20,
0x000001b777490b70, 0x000001b777494680, 0x000001b777493960, 0x000001b7774932d0,
0x000001b777491200, 0x000001b777492c40, 0x000001b777491890, 0x000001b7774960c0,
0x000001b7774953a0, 0x000001b777496de0, 0x000001b777497470, 0x000001b777497b00,
0x000001b777496750, 0x000001b777495a30, 0x000001b777498190, 0x000001b777494d10,
0x000001b77783d330, 0x000001b77783d9c0
}

Java Threads: ( => current thread )
  0x000001b714f4f6d0 JavaThread "main"                              [_thread_blocked, id=22464, stack(0x0000002a28600000,0x0000002a28700000) (1024K)]
  0x000001b714feffd0 JavaThread "Reference Handler"          daemon [_thread_blocked, id=22432, stack(0x0000002a28a00000,0x0000002a28b00000) (1024K)]
  0x000001b714ff2e20 JavaThread "Finalizer"                  daemon [_thread_blocked, id=8028, stack(0x0000002a28b00000,0x0000002a28c00000) (1024K)]
  0x000001b714ff8390 JavaThread "Signal Dispatcher"          daemon [_thread_blocked, id=4660, stack(0x0000002a28c00000,0x0000002a28d00000) (1024K)]
  0x000001b714ffb160 JavaThread "Attach Listener"            daemon [_thread_blocked, id=15300, stack(0x0000002a28d00000,0x0000002a28e00000) (1024K)]
  0x000001b714ffbf70 JavaThread "Service Thread"             daemon [_thread_blocked, id=22520, stack(0x0000002a28e00000,0x0000002a28f00000) (1024K)]
  0x000001b714ffc9d0 JavaThread "Monitor Deflation Thread"   daemon [_thread_blocked, id=22288, stack(0x0000002a28f00000,0x0000002a29000000) (1024K)]
=>0x000001b714fff820 JavaThread "C2 CompilerThread0"         daemon [_thread_in_native, id=22300, stack(0x0000002a29000000,0x0000002a29100000) (1024K)]
  0x000001b71500b860 JavaThread "C1 CompilerThread0"         daemon [_thread_in_native, id=22248, stack(0x0000002a29100000,0x0000002a29200000) (1024K)]
  0x000001b76dede250 JavaThread "Common-Cleaner"             daemon [_thread_blocked, id=21840, stack(0x0000002a29300000,0x0000002a29400000) (1024K)]
  0x000001b76e003c30 JavaThread "Notification Thread"        daemon [_thread_blocked, id=2892, stack(0x0000002a29400000,0x0000002a29500000) (1024K)]
  0x000001b77389fe10 JavaThread "Active Thread: Equinox Container: 6862b51c-fa0b-461f-a99c-27f1bd9bfd65"        [_thread_blocked, id=21868, stack(0x0000002a29c00000,0x0000002a29d00000) (1024K)]
  0x000001b7735d1310 JavaThread "Refresh Thread: Equinox Container: 6862b51c-fa0b-461f-a99c-27f1bd9bfd65" daemon [_thread_blocked, id=22456, stack(0x0000002a29e00000,0x0000002a29f00000) (1024K)]
  0x000001b77397fd50 JavaThread "Framework Event Dispatcher: Equinox Container: 6862b51c-fa0b-461f-a99c-27f1bd9bfd65" daemon [_thread_blocked, id=19624, stack(0x0000002a29f00000,0x0000002a2a000000) (1024K)]
  0x000001b773980790 JavaThread "Start Level: Equinox Container: 6862b51c-fa0b-461f-a99c-27f1bd9bfd65" daemon [_thread_blocked, id=22220, stack(0x0000002a2a000000,0x0000002a2a100000) (1024K)]
  0x000001b773db40c0 JavaThread "Bundle File Closer"         daemon [_thread_blocked, id=22424, stack(0x0000002a2a300000,0x0000002a2a400000) (1024K)]
  0x000001b773e831b0 JavaThread "SCR Component Actor"        daemon [_thread_blocked, id=20428, stack(0x0000002a29200000,0x0000002a29300000) (1024K)]
  0x000001b7740b0750 JavaThread "Worker-JM"                         [_thread_blocked, id=15392, stack(0x0000002a2a500000,0x0000002a2a600000) (1024K)]
  0x000001b773cb8850 JavaThread "JNA Cleaner"                daemon [_thread_blocked, id=12468, stack(0x0000002a2a400000,0x0000002a2a500000) (1024K)]
  0x000001b773cbb640 JavaThread "Worker-0"                          [_thread_blocked, id=22084, stack(0x0000002a2a600000,0x0000002a2a700000) (1024K)]
  0x000001b773cb8ee0 JavaThread "Worker-1"                          [_thread_blocked, id=22020, stack(0x0000002a2a700000,0x0000002a2a800000) (1024K)]
  0x000001b774c373c0 JavaThread "C2 CompilerThread1"         daemon [_thread_in_native, id=18776, stack(0x0000002a29500000,0x0000002a29600000) (1024K)]
  0x000001b774cd0d20 JavaThread "C2 CompilerThread2"         daemon [_thread_in_native, id=21856, stack(0x0000002a2a800000,0x0000002a2a900000) (1024K)]
  0x000001b773cb9570 JavaThread "Java indexing"              daemon [_thread_blocked, id=18208, stack(0x0000002a2a900000,0x0000002a2aa00000) (1024K)]
  0x000001b773cb9c00 JavaThread "Worker-2: Initialize workspace"        [_thread_blocked, id=22620, stack(0x0000002a2ac00000,0x0000002a2ad00000) (1024K)]
  0x000001b773cba290 JavaThread "Worker-3"                          [_thread_blocked, id=22624, stack(0x0000002a2ad00000,0x0000002a2ae00000) (1024K)]
  0x000001b773cbafb0 JavaThread "Worker-4"                          [_thread_blocked, id=22628, stack(0x0000002a2ae00000,0x0000002a2af00000) (1024K)]
  0x000001b773cba920 JavaThread "Thread-1"                   daemon [_thread_in_native, id=22696, stack(0x0000002a2af00000,0x0000002a2b000000) (1024K)]
  0x000001b773cbbcd0 JavaThread "Thread-2"                   daemon [_thread_in_native, id=22700, stack(0x0000002a2b000000,0x0000002a2b100000) (1024K)]
  0x000001b775955e60 JavaThread "Thread-3"                   daemon [_thread_in_native, id=22704, stack(0x0000002a2b100000,0x0000002a2b200000) (1024K)]
  0x000001b7759564f0 JavaThread "Thread-4"                   daemon [_thread_in_native, id=22708, stack(0x0000002a2b200000,0x0000002a2b300000) (1024K)]
  0x000001b775956b80 JavaThread "Thread-5"                   daemon [_thread_in_native, id=22712, stack(0x0000002a2b300000,0x0000002a2b400000) (1024K)]
  0x000001b775957210 JavaThread "Thread-6"                   daemon [_thread_in_native, id=22716, stack(0x0000002a2b400000,0x0000002a2b500000) (1024K)]
  0x000001b775958c50 JavaThread "Thread-7"                   daemon [_thread_in_native, id=22720, stack(0x0000002a2b500000,0x0000002a2b600000) (1024K)]
  0x000001b7759578a0 JavaThread "Thread-8"                   daemon [_thread_in_native, id=22724, stack(0x0000002a2b600000,0x0000002a2b700000) (1024K)]
  0x000001b775957f30 JavaThread "Thread-9"                   daemon [_thread_in_native, id=22728, stack(0x0000002a2b700000,0x0000002a2b800000) (1024K)]
  0x000001b7759585c0 JavaThread "Thread-10"                  daemon [_thread_in_native, id=22732, stack(0x0000002a2b800000,0x0000002a2b900000) (1024K)]
  0x000001b7759557d0 JavaThread "Thread-11"                  daemon [_thread_in_native, id=22736, stack(0x0000002a2b900000,0x0000002a2ba00000) (1024K)]
  0x000001b7752d9670 JavaThread "Thread-12"                  daemon [_thread_in_native, id=22740, stack(0x0000002a2ba00000,0x0000002a2bb00000) (1024K)]
  0x000001b7752d8950 JavaThread "Thread-13"                  daemon [_thread_in_native, id=22744, stack(0x0000002a2bb00000,0x0000002a2bc00000) (1024K)]
  0x000001b7752d8fe0 JavaThread "pool-2-thread-1"                   [_thread_blocked, id=22760, stack(0x0000002a2bc00000,0x0000002a2bd00000) (1024K)]
  0x000001b7752d9d00 JavaThread "ForkJoinPool.commonPool-worker-1" daemon [_thread_blocked, id=22784, stack(0x0000002a2bd00000,0x0000002a2be00000) (1024K)]
  0x000001b7752da390 JavaThread "ForkJoinPool.commonPool-worker-2" daemon [_thread_blocked, id=22788, stack(0x0000002a2be00000,0x0000002a2bf00000) (1024K)]
  0x000001b7752daa20 JavaThread "ForkJoinPool.commonPool-worker-3" daemon [_thread_blocked, id=22792, stack(0x0000002a2bf00000,0x0000002a2c000000) (1024K)]
  0x000001b7752db0b0 JavaThread "ForkJoinPool.commonPool-worker-4" daemon [_thread_blocked, id=22796, stack(0x0000002a2c000000,0x0000002a2c100000) (1024K)]
  0x000001b7752d7c30 JavaThread "ForkJoinPool.commonPool-worker-5" daemon [_thread_blocked, id=22800, stack(0x0000002a2c100000,0x0000002a2c200000) (1024K)]
  0x000001b7752db740 JavaThread "WorkspaceEventsHandler"            [_thread_blocked, id=22804, stack(0x0000002a2c200000,0x0000002a2c300000) (1024K)]
  0x000001b7752d82c0 JavaThread "pool-1-thread-1"                   [_thread_blocked, id=22808, stack(0x0000002a2c300000,0x0000002a2c400000) (1024K)]
  0x000001b7752df250 JavaThread "ForkJoinPool.commonPool-worker-6" daemon [_thread_in_Java, id=22976, stack(0x0000002a2c400000,0x0000002a2c500000) (1024K)]
  0x000001b7752debc0 JavaThread "ForkJoinPool.commonPool-worker-7" daemon [_thread_blocked, id=22980, stack(0x0000002a2c500000,0x0000002a2c600000) (1024K)]
  0x000001b7752dbdd0 JavaThread "LocalFile Deleter"          daemon [_thread_blocked, id=23128, stack(0x0000002a2c600000,0x0000002a2c700000) (1024K)]
  0x000001b7752dcaf0 JavaThread "LocalFile Deleter"          daemon [_thread_blocked, id=23132, stack(0x0000002a2c700000,0x0000002a2c800000) (1024K)]
  0x000001b7752de530 JavaThread "LocalFile Deleter"          daemon [_thread_blocked, id=23136, stack(0x0000002a2c800000,0x0000002a2c900000) (1024K)]
  0x000001b7752dd180 JavaThread "LocalFile Deleter"          daemon [_thread_blocked, id=23140, stack(0x0000002a2c900000,0x0000002a2ca00000) (1024K)]
  0x000001b7752dd810 JavaThread "LocalFile Deleter"          daemon [_thread_blocked, id=23144, stack(0x0000002a2ca00000,0x0000002a2cb00000) (1024K)]
  0x000001b7752ddea0 JavaThread "LocalFile Deleter"          daemon [_thread_blocked, id=23148, stack(0x0000002a2cb00000,0x0000002a2cc00000) (1024K)]
  0x000001b773613d20 JavaThread "LocalFile Deleter"          daemon [_thread_blocked, id=23152, stack(0x0000002a2cc00000,0x0000002a2cd00000) (1024K)]
  0x000001b773613000 JavaThread "LocalFile Deleter"          daemon [_thread_blocked, id=23156, stack(0x0000002a2cd00000,0x0000002a2ce00000) (1024K)]
  0x000001b773613690 JavaThread "LocalFile Deleter"          daemon [_thread_blocked, id=23160, stack(0x0000002a2ce00000,0x0000002a2cf00000) (1024K)]
  0x000001b7736150d0 JavaThread "LocalFile Deleter"          daemon [_thread_blocked, id=23164, stack(0x0000002a2cf00000,0x0000002a2d000000) (1024K)]
  0x000001b773615760 JavaThread "LocalFile Deleter"          daemon [_thread_blocked, id=23168, stack(0x0000002a2d000000,0x0000002a2d100000) (1024K)]
  0x000001b7736143b0 JavaThread "LocalFile Deleter"          daemon [_thread_blocked, id=23172, stack(0x0000002a2d100000,0x0000002a2d200000) (1024K)]
  0x000001b773615df0 JavaThread "Compiler Source File Reader" daemon [_thread_blocked, id=23176, stack(0x0000002a2d200000,0x0000002a2d300000) (1024K)]
  0x000001b773616480 JavaThread "Compiler Source File Reader" daemon [_thread_blocked, id=23180, stack(0x0000002a2d300000,0x0000002a2d400000) (1024K)]
  0x000001b773614a40 JavaThread "Compiler Source File Reader" daemon [_thread_blocked, id=23184, stack(0x0000002a2d400000,0x0000002a2d500000) (1024K)]
  0x000001b7774925b0 JavaThread "Compiler Source File Reader" daemon [_thread_blocked, id=23188, stack(0x0000002a2d500000,0x0000002a2d600000) (1024K)]
  0x000001b777493ff0 JavaThread "Compiler Source File Reader" daemon [_thread_blocked, id=23192, stack(0x0000002a2d600000,0x0000002a2d700000) (1024K)]
  0x000001b777491f20 JavaThread "Compiler Source File Reader" daemon [_thread_blocked, id=23196, stack(0x0000002a2d700000,0x0000002a2d800000) (1024K)]
  0x000001b777490b70 JavaThread "Compiler Source File Reader" daemon [_thread_blocked, id=23200, stack(0x0000002a2d800000,0x0000002a2d900000) (1024K)]
  0x000001b777494680 JavaThread "Compiler Source File Reader" daemon [_thread_blocked, id=23204, stack(0x0000002a2d900000,0x0000002a2da00000) (1024K)]
  0x000001b777493960 JavaThread "Compiler Source File Reader" daemon [_thread_blocked, id=23208, stack(0x0000002a2da00000,0x0000002a2db00000) (1024K)]
  0x000001b7774932d0 JavaThread "Compiler Source File Reader" daemon [_thread_blocked, id=23212, stack(0x0000002a2db00000,0x0000002a2dc00000) (1024K)]
  0x000001b777491200 JavaThread "Compiler Processing Task"   daemon [_thread_blocked, id=23220, stack(0x0000002a2dc00000,0x0000002a2dd00000) (1024K)]
  0x000001b777492c40 JavaThread "Compiler Class File Writer" daemon [_thread_blocked, id=23224, stack(0x0000002a2dd00000,0x0000002a2de00000) (1024K)]
  0x000001b777491890 JavaThread "ForkJoinPool.commonPool-worker-8" daemon [_thread_blocked, id=23228, stack(0x0000002a2de00000,0x0000002a2df00000) (1024K)]
  0x000001b7774960c0 JavaThread "ForkJoinPool.commonPool-worker-9" daemon [_thread_blocked, id=23300, stack(0x0000002a2df00000,0x0000002a2e000000) (1024K)]
  0x000001b7774953a0 JavaThread "ForkJoinPool.commonPool-worker-10" daemon [_thread_in_vm, id=23304, stack(0x0000002a2e000000,0x0000002a2e100000) (1024K)]
  0x000001b777496de0 JavaThread "Compiler Class File Writer" daemon [_thread_blocked, id=23504, stack(0x0000002a2e100000,0x0000002a2e200000) (1024K)]
  0x000001b777497470 JavaThread "Compiler Class File Writer" daemon [_thread_blocked, id=23508, stack(0x0000002a2e200000,0x0000002a2e300000) (1024K)]
  0x000001b777497b00 JavaThread "Compiler Class File Writer" daemon [_thread_blocked, id=23516, stack(0x0000002a2e300000,0x0000002a2e400000) (1024K)]
  0x000001b777496750 JavaThread "Compiler Class File Writer" daemon [_thread_blocked, id=23520, stack(0x0000002a2e400000,0x0000002a2e500000) (1024K)]
  0x000001b777495a30 JavaThread "Compiler Class File Writer" daemon [_thread_blocked, id=23524, stack(0x0000002a2e500000,0x0000002a2e600000) (1024K)]
  0x000001b777498190 JavaThread "Compiler Class File Writer" daemon [_thread_blocked, id=23528, stack(0x0000002a2e600000,0x0000002a2e700000) (1024K)]
  0x000001b777494d10 JavaThread "Compiler Class File Writer" daemon [_thread_blocked, id=23532, stack(0x0000002a2e700000,0x0000002a2e800000) (1024K)]
  0x000001b77783d330 JavaThread "Compiler Class File Writer" daemon [_thread_blocked, id=23536, stack(0x0000002a2e800000,0x0000002a2e900000) (1024K)]
  0x000001b77783d9c0 JavaThread "Compiler Class File Writer" daemon [_thread_blocked, id=23540, stack(0x0000002a2e900000,0x0000002a2ea00000) (1024K)]
Total: 86

Other Threads:
  0x000001b714ee4540 VMThread "VM Thread"                           [id=19472, stack(0x0000002a28900000,0x0000002a28a00000) (1024K)]
  0x000001b714ddca00 WatcherThread "VM Periodic Task Thread"        [id=22340, stack(0x0000002a28800000,0x0000002a28900000) (1024K)]
  0x000001b714f6dca0 WorkerThread "GC Thread#0"                     [id=22384, stack(0x0000002a28700000,0x0000002a28800000) (1024K)]
  0x000001b7733ecb90 WorkerThread "GC Thread#1"                     [id=21912, stack(0x0000002a29600000,0x0000002a29700000) (1024K)]
  0x000001b76e068710 WorkerThread "GC Thread#2"                     [id=22344, stack(0x0000002a29700000,0x0000002a29800000) (1024K)]
  0x000001b76e068ac0 WorkerThread "GC Thread#3"                     [id=22460, stack(0x0000002a29800000,0x0000002a29900000) (1024K)]
  0x000001b76e068e70 WorkerThread "GC Thread#4"                     [id=22444, stack(0x0000002a29900000,0x0000002a29a00000) (1024K)]
  0x000001b76e069220 WorkerThread "GC Thread#5"                     [id=22128, stack(0x0000002a29a00000,0x0000002a29b00000) (1024K)]
  0x000001b76e0695d0 WorkerThread "GC Thread#6"                     [id=22324, stack(0x0000002a29b00000,0x0000002a29c00000) (1024K)]
  0x000001b7738e0480 WorkerThread "GC Thread#7"                     [id=20440, stack(0x0000002a29d00000,0x0000002a29e00000) (1024K)]
  0x000001b773fcc010 WorkerThread "GC Thread#8"                     [id=21900, stack(0x0000002a2a100000,0x0000002a2a200000) (1024K)]
  0x000001b773c37b60 WorkerThread "GC Thread#9"                     [id=9752, stack(0x0000002a2a200000,0x0000002a2a300000) (1024K)]
Total: 12

Threads with active compile tasks:
C2 CompilerThread0  9854 7770   !   4       org.eclipse.osgi.internal.loader.classpath.ClasspathManager::defineClass (636 bytes)
C1 CompilerThread0  9854 8343       2       java.lang.invoke.DirectMethodHandle$Holder::putReference (29 bytes)
C2 CompilerThread1  9854 8310       4       sun.nio.fs.WindowsPathParser::normalize (233 bytes)
C2 CompilerThread2  9854 7863       4       org.eclipse.jdt.internal.compiler.lookup.BinaryTypeBinding::createMethod (1666 bytes)
Total: 4

VM state: not at safepoint (normal execution)

VM Mutex/Monitor currently owned by a thread: None

Heap address: 0x0000000080000000, size: 2048 MB, Compressed Oops mode: 32-bit

CDS archive(s) mapped at: [0x000001b72c000000-0x000001b72cba0000-0x000001b72cba0000), size 12189696, SharedBaseAddress: 0x000001b72c000000, ArchiveRelocationMode: 1.
Compressed class space mapped at: 0x000001b72d000000-0x000001b76d000000, reserved size: 1073741824
Narrow klass base: 0x000001b72c000000, Narrow klass shift: 0, Narrow klass range: 0x100000000

GC Precious Log:
 CardTable entry size: 512
 CPUs: 12 total, 12 available
 Memory: 15740M
 Large Page Support: Disabled
 NUMA Support: Disabled
 Compressed Oops: Enabled (32-bit)
 Alignments: Space 512K, Generation 512K, Heap 2M
 Heap Min Capacity: 100M
 Heap Initial Capacity: 100M
 Heap Max Capacity: 2G
 Pre-touch: Disabled
 Parallel Workers: 10

Heap:
 PSYoungGen      total 21504K, used 16901K [0x00000000d5580000, 0x00000000d6e00000, 0x0000000100000000)
  eden space 19968K, 76% used [0x00000000d5580000,0x00000000d64819b0,0x00000000d6900000)
  from space 1536K, 99% used [0x00000000d6a80000,0x00000000d6bffab0,0x00000000d6c00000)
  to   space 2048K, 0% used [0x00000000d6c00000,0x00000000d6c00000,0x00000000d6e00000)
 ParOldGen       total 68608K, used 41400K [0x0000000080000000, 0x0000000084300000, 0x00000000d5580000)
  object space 68608K, 60% used [0x0000000080000000,0x000000008286e030,0x0000000084300000)
 Metaspace       used 61007K, committed 62464K, reserved 1114112K
  class space    used 6580K, committed 7168K, reserved 1048576K

Card table byte_map: [0x000001b7148f0000,0x000001b714d00000] _byte_map_base: 0x000001b7144f0000

Marking Bits: (ParMarkBitMap*) 0x00007ffb61c93450
 Begin Bits: [0x000001b727400000, 0x000001b729400000)
 End Bits:   [0x000001b729400000, 0x000001b72b400000)

Polling page: 0x000001b712ce0000

Metaspace:

Usage:
  Non-class:     53.15 MB used.
      Class:      6.43 MB used.
       Both:     59.58 MB used.

Virtual space:
  Non-class space:       64.00 MB reserved,      54.00 MB ( 84%) committed,  1 nodes.
      Class space:        1.00 GB reserved,       7.00 MB ( <1%) committed,  1 nodes.
             Both:        1.06 GB reserved,      61.00 MB (  6%) committed. 

Chunk freelists:
   Non-Class:  9.86 MB
       Class:  8.94 MB
        Both:  18.80 MB

MaxMetaspaceSize: unlimited
CompressedClassSpaceSize: 1.00 GB
Initial GC threshold: 21.00 MB
Current GC threshold: 97.31 MB
CDS: on
 - commit_granule_bytes: 65536.
 - commit_granule_words: 8192.
 - virtual_space_node_default_size: 8388608.
 - enlarge_chunks_in_place: 1.
 - use_allocation_guard: 0.


Internal statistics:

num_allocs_failed_limit: 9.
num_arena_births: 1156.
num_arena_deaths: 26.
num_vsnodes_births: 2.
num_vsnodes_deaths: 0.
num_space_committed: 976.
num_space_uncommitted: 0.
num_chunks_returned_to_freelist: 41.
num_chunks_taken_from_freelist: 4084.
num_chunk_merges: 21.
num_chunk_splits: 2486.
num_chunks_enlarged: 1349.
num_inconsistent_stats: 0.

CodeHeap 'non-profiled nmethods': size=120000Kb used=4397Kb max_used=4397Kb free=115602Kb
 bounds [0x000001b71fc20000, 0x000001b720070000, 0x000001b727150000]
CodeHeap 'profiled nmethods': size=120000Kb used=16289Kb max_used=16289Kb free=103710Kb
 bounds [0x000001b718150000, 0x000001b719140000, 0x000001b71f680000]
CodeHeap 'non-nmethods': size=5760Kb used=1427Kb max_used=1450Kb free=4333Kb
 bounds [0x000001b71f680000, 0x000001b71f8f0000, 0x000001b71fc20000]
CodeCache: size=245760Kb, used=22113Kb, max_used=22136Kb, free=223645Kb
 total_blobs=8315, nmethods=7571, adapters=650, full_count=0
Compilation: enabled, stopped_count=0, restarted_count=0

Compilation events (20 events):
Event: 9.765 Thread 0x000001b71500b860 8219       3       org.eclipse.core.internal.registry.RegistryObjectManager::getContributors (47 bytes)
Event: 9.765 Thread 0x000001b71500b860 nmethod 8219 0x000001b7190f4c10 code [0x000001b7190f4de0, 0x000001b7190f51c0]
Event: 9.765 Thread 0x000001b71500b860 8221       3       org.eclipse.jdt.internal.compiler.util.ObjectVector::add (61 bytes)
Event: 9.766 Thread 0x000001b71500b860 nmethod 8221 0x000001b7190f5390 code [0x000001b7190f5560, 0x000001b7190f5998]
Event: 9.766 Thread 0x000001b71500b860 8222       3       org.eclipse.core.resources.ResourcesPlugin::getWorkspace (44 bytes)
Event: 9.766 Thread 0x000001b71500b860 nmethod 8222 0x000001b7190f5b10 code [0x000001b7190f5ce0, 0x000001b7190f5fe8]
Event: 9.769 Thread 0x000001b71500b860 8224       3       java.lang.invoke.MethodHandles::insertArgumentsChecks (51 bytes)
Event: 9.769 Thread 0x000001b71500b860 nmethod 8224 0x000001b7190f6110 code [0x000001b7190f6300, 0x000001b7190f67d8]
Event: 9.771 Thread 0x000001b71500b860 8225       3       java.lang.Integer::equals (29 bytes)
Event: 9.771 Thread 0x000001b71500b860 nmethod 8225 0x000001b7190f6a10 code [0x000001b7190f6bc0, 0x000001b7190f6f88]
Event: 9.772 Thread 0x000001b71500b860 8226       3       org.eclipse.core.internal.filesystem.InternalFileSystemCore::getStore (39 bytes)
Event: 9.772 Thread 0x000001b774c373c0 nmethod 8158 0x000001b72005eb10 code [0x000001b72005eec0, 0x000001b720060c50]
Event: 9.772 Thread 0x000001b774c373c0 8173       4       java.util.HashMap::put (13 bytes)
Event: 9.772 Thread 0x000001b71500b860 nmethod 8226 0x000001b7190f7090 code [0x000001b7190f72a0, 0x000001b7190f7760]
Event: 9.772 Thread 0x000001b71500b860 8227       3       org.eclipse.core.filesystem.EFS::getStore (8 bytes)
Event: 9.772 Thread 0x000001b71500b860 nmethod 8227 0x000001b7190f7990 code [0x000001b7190f7b40, 0x000001b7190f7ce0]
Event: 9.772 Thread 0x000001b71500b860 8228       3       org.eclipse.jdt.ls.core.internal.filesystem.JLSFileSystem::getStore (26 bytes)
Event: 9.773 Thread 0x000001b71500b860 nmethod 8228 0x000001b7190f7d90 code [0x000001b7190f8000, 0x000001b7190f8778]
Event: 9.773 Thread 0x000001b71500b860 8229       3       org.eclipse.core.internal.resources.Project::getProject (2 bytes)
Event: 9.774 Thread 0x000001b71500b860 nmethod 8229 0x000001b7190f8a90 code [0x000001b7190f8c20, 0x000001b7190f8d30]

GC Heap History (20 events):
Event: 8.516 GC heap before
{Heap before GC invocations=27 (full 2):
 PSYoungGen      total 24064K, used 23584K [0x00000000d5580000, 0x00000000d7000000, 0x0000000100000000)
  eden space 22016K, 100% used [0x00000000d5580000,0x00000000d6b00000,0x00000000d6b00000)
  from space 2048K, 76% used [0x00000000d6e00000,0x00000000d6f88010,0x00000000d7000000)
  to   space 2048K, 0% used [0x00000000d6c00000,0x00000000d6c00000,0x00000000d6e00000)
 ParOldGen       total 68608K, used 37320K [0x0000000080000000, 0x0000000084300000, 0x00000000d5580000)
  object space 68608K, 54% used [0x0000000080000000,0x0000000082472158,0x0000000084300000)
 Metaspace       used 52077K, committed 53504K, reserved 1114112K
  class space    used 5683K, committed 6336K, reserved 1048576K
}
Event: 8.518 GC heap after
{Heap after GC invocations=27 (full 2):
 PSYoungGen      total 24064K, used 2031K [0x00000000d5580000, 0x00000000d7300000, 0x0000000100000000)
  eden space 22016K, 0% used [0x00000000d5580000,0x00000000d5580000,0x00000000d6b00000)
  from space 2048K, 99% used [0x00000000d6c00000,0x00000000d6dfbed8,0x00000000d6e00000)
  to   space 4096K, 0% used [0x00000000d6f00000,0x00000000d6f00000,0x00000000d7300000)
 ParOldGen       total 68608K, used 38970K [0x0000000080000000, 0x0000000084300000, 0x00000000d5580000)
  object space 68608K, 56% used [0x0000000080000000,0x000000008260e968,0x0000000084300000)
 Metaspace       used 52077K, committed 53504K, reserved 1114112K
  class space    used 5683K, committed 6336K, reserved 1048576K
}
Event: 8.573 GC heap before
{Heap before GC invocations=28 (full 2):
 PSYoungGen      total 24064K, used 24047K [0x00000000d5580000, 0x00000000d7300000, 0x0000000100000000)
  eden space 22016K, 100% used [0x00000000d5580000,0x00000000d6b00000,0x00000000d6b00000)
  from space 2048K, 99% used [0x00000000d6c00000,0x00000000d6dfbed8,0x00000000d6e00000)
  to   space 4096K, 0% used [0x00000000d6f00000,0x00000000d6f00000,0x00000000d7300000)
 ParOldGen       total 68608K, used 38970K [0x0000000080000000, 0x0000000084300000, 0x00000000d5580000)
  object space 68608K, 56% used [0x0000000080000000,0x000000008260e968,0x0000000084300000)
 Metaspace       used 52416K, committed 53888K, reserved 1114112K
  class space    used 5718K, committed 6400K, reserved 1048576K
}
Event: 8.576 GC heap after
{Heap after GC invocations=28 (full 2):
 PSYoungGen      total 24576K, used 2372K [0x00000000d5580000, 0x00000000d7180000, 0x0000000100000000)
  eden space 22016K, 0% used [0x00000000d5580000,0x00000000d5580000,0x00000000d6b00000)
  from space 2560K, 92% used [0x00000000d6f00000,0x00000000d7151000,0x00000000d7180000)
  to   space 3072K, 0% used [0x00000000d6b80000,0x00000000d6b80000,0x00000000d6e80000)
 ParOldGen       total 68608K, used 40897K [0x0000000080000000, 0x0000000084300000, 0x00000000d5580000)
  object space 68608K, 59% used [0x0000000080000000,0x00000000827f07b8,0x0000000084300000)
 Metaspace       used 52416K, committed 53888K, reserved 1114112K
  class space    used 5718K, committed 6400K, reserved 1048576K
}
Event: 8.674 GC heap before
{Heap before GC invocations=29 (full 2):
 PSYoungGen      total 24576K, used 24388K [0x00000000d5580000, 0x00000000d7180000, 0x0000000100000000)
  eden space 22016K, 100% used [0x00000000d5580000,0x00000000d6b00000,0x00000000d6b00000)
  from space 2560K, 92% used [0x00000000d6f00000,0x00000000d7151000,0x00000000d7180000)
  to   space 3072K, 0% used [0x00000000d6b80000,0x00000000d6b80000,0x00000000d6e80000)
 ParOldGen       total 68608K, used 40897K [0x0000000080000000, 0x0000000084300000, 0x00000000d5580000)
  object space 68608K, 59% used [0x0000000080000000,0x00000000827f07b8,0x0000000084300000)
 Metaspace       used 52554K, committed 54016K, reserved 1114112K
  class space    used 5728K, committed 6400K, reserved 1048576K
}
Event: 8.677 GC heap after
{Heap after GC invocations=29 (full 2):
 PSYoungGen      total 24576K, used 2464K [0x00000000d5580000, 0x00000000d7000000, 0x0000000100000000)
  eden space 22016K, 0% used [0x00000000d5580000,0x00000000d5580000,0x00000000d6b00000)
  from space 2560K, 96% used [0x00000000d6b80000,0x00000000d6de8030,0x00000000d6e00000)
  to   space 2048K, 0% used [0x00000000d6e00000,0x00000000d6e00000,0x00000000d7000000)
 ParOldGen       total 68608K, used 43135K [0x0000000080000000, 0x0000000084300000, 0x00000000d5580000)
  object space 68608K, 62% used [0x0000000080000000,0x0000000082a1fde0,0x0000000084300000)
 Metaspace       used 52554K, committed 54016K, reserved 1114112K
  class space    used 5728K, committed 6400K, reserved 1048576K
}
Event: 8.763 GC heap before
{Heap before GC invocations=30 (full 2):
 PSYoungGen      total 24576K, used 24480K [0x00000000d5580000, 0x00000000d7000000, 0x0000000100000000)
  eden space 22016K, 100% used [0x00000000d5580000,0x00000000d6b00000,0x00000000d6b00000)
  from space 2560K, 96% used [0x00000000d6b80000,0x00000000d6de8030,0x00000000d6e00000)
  to   space 2048K, 0% used [0x00000000d6e00000,0x00000000d6e00000,0x00000000d7000000)
 ParOldGen       total 68608K, used 43135K [0x0000000080000000, 0x0000000084300000, 0x00000000d5580000)
  object space 68608K, 62% used [0x0000000080000000,0x0000000082a1fde0,0x0000000084300000)
 Metaspace       used 52718K, committed 54144K, reserved 1114112K
  class space    used 5738K, committed 6400K, reserved 1048576K
}
Event: 8.766 GC heap after
{Heap after GC invocations=30 (full 2):
 PSYoungGen      total 22016K, used 2023K [0x00000000d5580000, 0x00000000d7500000, 0x0000000100000000)
  eden space 19968K, 0% used [0x00000000d5580000,0x00000000d5580000,0x00000000d6900000)
  from space 2048K, 98% used [0x00000000d6e00000,0x00000000d6ff9ee8,0x00000000d7000000)
  to   space 5120K, 0% used [0x00000000d6900000,0x00000000d6900000,0x00000000d6e00000)
 ParOldGen       total 68608K, used 45735K [0x0000000080000000, 0x0000000084300000, 0x00000000d5580000)
  object space 68608K, 66% used [0x0000000080000000,0x0000000082ca9e10,0x0000000084300000)
 Metaspace       used 52718K, committed 54144K, reserved 1114112K
  class space    used 5738K, committed 6400K, reserved 1048576K
}
Event: 9.070 GC heap before
{Heap before GC invocations=31 (full 2):
 PSYoungGen      total 22016K, used 21991K [0x00000000d5580000, 0x00000000d7500000, 0x0000000100000000)
  eden space 19968K, 100% used [0x00000000d5580000,0x00000000d6900000,0x00000000d6900000)
  from space 2048K, 98% used [0x00000000d6e00000,0x00000000d6ff9ee8,0x00000000d7000000)
  to   space 5120K, 0% used [0x00000000d6900000,0x00000000d6900000,0x00000000d6e00000)
 ParOldGen       total 68608K, used 45735K [0x0000000080000000, 0x0000000084300000, 0x00000000d5580000)
  object space 68608K, 66% used [0x0000000080000000,0x0000000082ca9e10,0x0000000084300000)
 Metaspace       used 53576K, committed 55040K, reserved 1114112K
  class space    used 5863K, committed 6528K, reserved 1048576K
}
Event: 9.071 GC heap after
{Heap after GC invocations=31 (full 2):
 PSYoungGen      total 20480K, used 448K [0x00000000d5580000, 0x00000000d6e80000, 0x0000000100000000)
  eden space 19968K, 0% used [0x00000000d5580000,0x00000000d5580000,0x00000000d6900000)
  from space 512K, 87% used [0x00000000d6900000,0x00000000d6970000,0x00000000d6980000)
  to   space 2048K, 0% used [0x00000000d6c80000,0x00000000d6c80000,0x00000000d6e80000)
 ParOldGen       total 68608K, used 47417K [0x0000000080000000, 0x0000000084300000, 0x00000000d5580000)
  object space 68608K, 69% used [0x0000000080000000,0x0000000082e4e530,0x0000000084300000)
 Metaspace       used 53576K, committed 55040K, reserved 1114112K
  class space    used 5863K, committed 6528K, reserved 1048576K
}
Event: 9.191 GC heap before
{Heap before GC invocations=32 (full 2):
 PSYoungGen      total 20480K, used 20416K [0x00000000d5580000, 0x00000000d6e80000, 0x0000000100000000)
  eden space 19968K, 100% used [0x00000000d5580000,0x00000000d6900000,0x00000000d6900000)
  from space 512K, 87% used [0x00000000d6900000,0x00000000d6970000,0x00000000d6980000)
  to   space 2048K, 0% used [0x00000000d6c80000,0x00000000d6c80000,0x00000000d6e80000)
 ParOldGen       total 68608K, used 47417K [0x0000000080000000, 0x0000000084300000, 0x00000000d5580000)
  object space 68608K, 69% used [0x0000000080000000,0x0000000082e4e530,0x0000000084300000)
 Metaspace       used 55463K, committed 56896K, reserved 1114112K
  class space    used 6015K, committed 6656K, reserved 1048576K
}
Event: 9.193 GC heap after
{Heap after GC invocations=32 (full 2):
 PSYoungGen      total 20992K, used 832K [0x00000000d5580000, 0x00000000d6d80000, 0x0000000100000000)
  eden space 19968K, 0% used [0x00000000d5580000,0x00000000d5580000,0x00000000d6900000)
  from space 1024K, 81% used [0x00000000d6c80000,0x00000000d6d50020,0x00000000d6d80000)
  to   space 1024K, 0% used [0x00000000d6b80000,0x00000000d6b80000,0x00000000d6c80000)
 ParOldGen       total 68608K, used 47673K [0x0000000080000000, 0x0000000084300000, 0x00000000d5580000)
  object space 68608K, 69% used [0x0000000080000000,0x0000000082e8e530,0x0000000084300000)
 Metaspace       used 55463K, committed 56896K, reserved 1114112K
  class space    used 6015K, committed 6656K, reserved 1048576K
}
Event: 9.368 GC heap before
{Heap before GC invocations=33 (full 2):
 PSYoungGen      total 20992K, used 20800K [0x00000000d5580000, 0x00000000d6d80000, 0x0000000100000000)
  eden space 19968K, 100% used [0x00000000d5580000,0x00000000d6900000,0x00000000d6900000)
  from space 1024K, 81% used [0x00000000d6c80000,0x00000000d6d50020,0x00000000d6d80000)
  to   space 1024K, 0% used [0x00000000d6b80000,0x00000000d6b80000,0x00000000d6c80000)
 ParOldGen       total 68608K, used 47673K [0x0000000080000000, 0x0000000084300000, 0x00000000d5580000)
  object space 68608K, 69% used [0x0000000080000000,0x0000000082e8e530,0x0000000084300000)
 Metaspace       used 57780K, committed 59200K, reserved 1114112K
  class space    used 6259K, committed 6848K, reserved 1048576K
}
Event: 9.369 GC heap after
{Heap after GC invocations=33 (full 2):
 PSYoungGen      total 20992K, used 992K [0x00000000d5580000, 0x00000000d6f00000, 0x0000000100000000)
  eden space 19968K, 0% used [0x00000000d5580000,0x00000000d5580000,0x00000000d6900000)
  from space 1024K, 96% used [0x00000000d6b80000,0x00000000d6c780c8,0x00000000d6c80000)
  to   space 2560K, 0% used [0x00000000d6c80000,0x00000000d6c80000,0x00000000d6f00000)
 ParOldGen       total 68608K, used 49103K [0x0000000080000000, 0x0000000084300000, 0x00000000d5580000)
  object space 68608K, 71% used [0x0000000080000000,0x0000000082ff3e20,0x0000000084300000)
 Metaspace       used 57780K, committed 59200K, reserved 1114112K
  class space    used 6259K, committed 6848K, reserved 1048576K
}
Event: 9.411 GC heap before
{Heap before GC invocations=34 (full 2):
 PSYoungGen      total 20992K, used 7855K [0x00000000d5580000, 0x00000000d6f00000, 0x0000000100000000)
  eden space 19968K, 34% used [0x00000000d5580000,0x00000000d5c33ef8,0x00000000d6900000)
  from space 1024K, 96% used [0x00000000d6b80000,0x00000000d6c780c8,0x00000000d6c80000)
  to   space 2560K, 0% used [0x00000000d6c80000,0x00000000d6c80000,0x00000000d6f00000)
 ParOldGen       total 68608K, used 49103K [0x0000000080000000, 0x0000000084300000, 0x00000000d5580000)
  object space 68608K, 71% used [0x0000000080000000,0x0000000082ff3e20,0x0000000084300000)
 Metaspace       used 58379K, committed 59776K, reserved 1114112K
  class space    used 6310K, committed 6912K, reserved 1048576K
}
Event: 9.412 GC heap after
{Heap after GC invocations=34 (full 2):
 PSYoungGen      total 20992K, used 602K [0x00000000d5580000, 0x00000000d6d80000, 0x0000000100000000)
  eden space 19968K, 0% used [0x00000000d5580000,0x00000000d5580000,0x00000000d6900000)
  from space 1024K, 58% used [0x00000000d6c80000,0x00000000d6d168e0,0x00000000d6d80000)
  to   space 1536K, 0% used [0x00000000d6a80000,0x00000000d6a80000,0x00000000d6c00000)
 ParOldGen       total 68608K, used 50082K [0x0000000080000000, 0x0000000084300000, 0x00000000d5580000)
  object space 68608K, 72% used [0x0000000080000000,0x00000000830e8850,0x0000000084300000)
 Metaspace       used 58379K, committed 59776K, reserved 1114112K
  class space    used 6310K, committed 6912K, reserved 1048576K
}
Event: 9.412 GC heap before
{Heap before GC invocations=35 (full 3):
 PSYoungGen      total 20992K, used 602K [0x00000000d5580000, 0x00000000d6d80000, 0x0000000100000000)
  eden space 19968K, 0% used [0x00000000d5580000,0x00000000d5580000,0x00000000d6900000)
  from space 1024K, 58% used [0x00000000d6c80000,0x00000000d6d168e0,0x00000000d6d80000)
  to   space 1536K, 0% used [0x00000000d6a80000,0x00000000d6a80000,0x00000000d6c00000)
 ParOldGen       total 68608K, used 50082K [0x0000000080000000, 0x0000000084300000, 0x00000000d5580000)
  object space 68608K, 72% used [0x0000000080000000,0x00000000830e8850,0x0000000084300000)
 Metaspace       used 58379K, committed 59776K, reserved 1114112K
  class space    used 6310K, committed 6912K, reserved 1048576K
}
Event: 9.471 GC heap after
{Heap after GC invocations=35 (full 3):
 PSYoungGen      total 20992K, used 0K [0x00000000d5580000, 0x00000000d6d80000, 0x0000000100000000)
  eden space 19968K, 0% used [0x00000000d5580000,0x00000000d5580000,0x00000000d6900000)
  from space 1024K, 0% used [0x00000000d6c80000,0x00000000d6c80000,0x00000000d6d80000)
  to   space 1536K, 0% used [0x00000000d6a80000,0x00000000d6a80000,0x00000000d6c00000)
 ParOldGen       total 68608K, used 40840K [0x0000000080000000, 0x0000000084300000, 0x00000000d5580000)
  object space 68608K, 59% used [0x0000000080000000,0x00000000827e2080,0x0000000084300000)
 Metaspace       used 58368K, committed 59776K, reserved 1114112K
  class space    used 6307K, committed 6912K, reserved 1048576K
}
Event: 9.766 GC heap before
{Heap before GC invocations=36 (full 3):
 PSYoungGen      total 20992K, used 19956K [0x00000000d5580000, 0x00000000d6d80000, 0x0000000100000000)
  eden space 19968K, 99% used [0x00000000d5580000,0x00000000d68fd0b0,0x00000000d6900000)
  from space 1024K, 0% used [0x00000000d6c80000,0x00000000d6c80000,0x00000000d6d80000)
  to   space 1536K, 0% used [0x00000000d6a80000,0x00000000d6a80000,0x00000000d6c00000)
 ParOldGen       total 68608K, used 40840K [0x0000000080000000, 0x0000000084300000, 0x00000000d5580000)
  object space 68608K, 59% used [0x0000000080000000,0x00000000827e2080,0x0000000084300000)
 Metaspace       used 59877K, committed 61376K, reserved 1114112K
  class space    used 6473K, committed 7104K, reserved 1048576K
}
Event: 9.769 GC heap after
{Heap after GC invocations=36 (full 3):
 PSYoungGen      total 21504K, used 1534K [0x00000000d5580000, 0x00000000d6e00000, 0x0000000100000000)
  eden space 19968K, 0% used [0x00000000d5580000,0x00000000d5580000,0x00000000d6900000)
  from space 1536K, 99% used [0x00000000d6a80000,0x00000000d6bffab0,0x00000000d6c00000)
  to   space 2048K, 0% used [0x00000000d6c00000,0x00000000d6c00000,0x00000000d6e00000)
 ParOldGen       total 68608K, used 41400K [0x0000000080000000, 0x0000000084300000, 0x00000000d5580000)
  object space 68608K, 60% used [0x0000000080000000,0x000000008286e030,0x0000000084300000)
 Metaspace       used 59877K, committed 61376K, reserved 1114112K
  class space    used 6473K, committed 7104K, reserved 1048576K
}

Dll operation events (10 events):
Event: 0.016 Loaded shared library c:\Users\camil\.vscode\extensions\redhat.java-1.54.0-win32-x64\jre\21.0.10-win32-x86_64\bin\java.dll
Event: 0.078 Loaded shared library c:\Users\camil\.vscode\extensions\redhat.java-1.54.0-win32-x64\jre\21.0.10-win32-x86_64\bin\zip.dll
Event: 0.099 Loaded shared library C:\Users\camil\.vscode\extensions\redhat.java-1.54.0-win32-x64\jre\21.0.10-win32-x86_64\bin\instrument.dll
Event: 0.104 Loaded shared library C:\Users\camil\.vscode\extensions\redhat.java-1.54.0-win32-x64\jre\21.0.10-win32-x86_64\bin\net.dll
Event: 0.106 Loaded shared library C:\Users\camil\.vscode\extensions\redhat.java-1.54.0-win32-x64\jre\21.0.10-win32-x86_64\bin\nio.dll
Event: 0.110 Loaded shared library C:\Users\camil\.vscode\extensions\redhat.java-1.54.0-win32-x64\jre\21.0.10-win32-x86_64\bin\zip.dll
Event: 0.133 Loaded shared library C:\Users\camil\.vscode\extensions\redhat.java-1.54.0-win32-x64\jre\21.0.10-win32-x86_64\bin\jimage.dll
Event: 0.212 Loaded shared library c:\Users\camil\.vscode\extensions\redhat.java-1.54.0-win32-x64\jre\21.0.10-win32-x86_64\bin\verify.dll
Event: 1.281 Loaded shared library C:\Users\camil\AppData\Roaming\Code\User\globalStorage\redhat.java\1.54.0\config_win\org.eclipse.equinox.launcher\org.eclipse.equinox.launcher.win32.win32.x86_64_1.3.0.v20260203-2149\eclipse_11919.dll
Event: 4.382 Loaded shared library C:\Users\camil\AppData\Local\Temp\jna-94426418\jna17572104504066624856.dll

Deoptimization events (20 events):
Event: 9.645 Thread 0x000001b777491200 DEOPT PACKING pc=0x000001b71fcc36a8 sp=0x0000002a2dcfe730
Event: 9.645 Thread 0x000001b777491200 DEOPT UNPACKING pc=0x000001b71f6d3aa2 sp=0x0000002a2dcfe6b0 mode 2
Event: 9.660 Thread 0x000001b777491200 DEOPT PACKING pc=0x000001b71896b2ce sp=0x0000002a2dcfe140
Event: 9.660 Thread 0x000001b777491200 DEOPT UNPACKING pc=0x000001b71f6d4242 sp=0x0000002a2dcfd6c0 mode 0
Event: 9.676 Thread 0x000001b777491200 Uncommon trap: trap_request=0xffffff45 fr.pc=0x000001b71fcc3f34 relative=0x00000000000001d4
Event: 9.676 Thread 0x000001b777491200 Uncommon trap: reason=unstable_if action=reinterpret pc=0x000001b71fcc3f34 method=java.util.HashMap.getNode(Ljava/lang/Object;)Ljava/util/HashMap$Node; @ 131 c2
Event: 9.676 Thread 0x000001b777491200 DEOPT PACKING pc=0x000001b71fcc3f34 sp=0x0000002a2dcfe0a0
Event: 9.676 Thread 0x000001b777491200 DEOPT UNPACKING pc=0x000001b71f6d3aa2 sp=0x0000002a2dcfdfb0 mode 2
Event: 9.676 Thread 0x000001b777491200 Uncommon trap: trap_request=0xffffff6e fr.pc=0x000001b71fe0ca7c relative=0x000000000000015c
Event: 9.676 Thread 0x000001b777491200 Uncommon trap: reason=loop_limit_check action=maybe_recompile pc=0x000001b71fe0ca7c method=org.eclipse.jdt.internal.compiler.lookup.ReferenceBinding.compare([C[CII)I @ 46 c2
Event: 9.676 Thread 0x000001b777491200 DEOPT PACKING pc=0x000001b71fe0ca7c sp=0x0000002a2dcfdf50
Event: 9.676 Thread 0x000001b777491200 DEOPT UNPACKING pc=0x000001b71f6d3aa2 sp=0x0000002a2dcfdee0 mode 2
Event: 9.762 Thread 0x000001b7752daa20 Uncommon trap: trap_request=0xffffff45 fr.pc=0x000001b71fe38100 relative=0x0000000000000220
Event: 9.762 Thread 0x000001b7752daa20 Uncommon trap: reason=unstable_if action=reinterpret pc=0x000001b71fe38100 method=java.util.concurrent.locks.ReentrantReadWriteLock$Sync.tryAcquireShared(I)I @ 55 c2
Event: 9.762 Thread 0x000001b7752daa20 DEOPT PACKING pc=0x000001b71fe38100 sp=0x0000002a2bffe610
Event: 9.762 Thread 0x000001b7752daa20 DEOPT UNPACKING pc=0x000001b71f6d3aa2 sp=0x0000002a2bffe4d0 mode 2
Event: 9.762 Thread 0x000001b7752daa20 Uncommon trap: trap_request=0xffffff45 fr.pc=0x000001b71fde8f5c relative=0x000000000000027c
Event: 9.762 Thread 0x000001b7752daa20 Uncommon trap: reason=unstable_if action=reinterpret pc=0x000001b71fde8f5c method=java.util.concurrent.locks.ReentrantReadWriteLock$Sync.tryAcquireShared(I)I @ 55 c2
Event: 9.762 Thread 0x000001b7752daa20 DEOPT PACKING pc=0x000001b71fde8f5c sp=0x0000002a2bffe590
Event: 9.762 Thread 0x000001b7752daa20 DEOPT UNPACKING pc=0x000001b71f6d3aa2 sp=0x0000002a2bffe4c8 mode 2

Classes loaded (20 events):
Event: 9.341 Loading class java/util/stream/ReferencePipeline$4
Event: 9.341 Loading class java/util/stream/ReferencePipeline$4 done
Event: 9.341 Loading class java/util/stream/Nodes$IntFixedNodeBuilder
Event: 9.341 Loading class java/util/stream/Node$Builder$OfInt
Event: 9.341 Loading class java/util/stream/Node$Builder$OfInt done
Event: 9.341 Loading class java/util/stream/Nodes$IntArrayNode
Event: 9.341 Loading class java/util/stream/Nodes$IntArrayNode done
Event: 9.341 Loading class java/util/stream/Nodes$IntFixedNodeBuilder done
Event: 9.342 Loading class java/util/stream/ReferencePipeline$4$1
Event: 9.342 Loading class java/util/stream/ReferencePipeline$4$1 done
Event: 9.495 Loading class java/util/Hashtable$KeySet
Event: 9.495 Loading class java/util/Hashtable$KeySet done
Event: 9.716 Loading class java/nio/file/Files$2
Event: 9.716 Loading class java/nio/file/Files$2 done
Event: 9.762 Loading class java/util/AbstractList$RandomAccessSubList
Event: 9.762 Loading class java/util/AbstractList$SubList
Event: 9.762 Loading class java/util/AbstractList$SubList done
Event: 9.762 Loading class java/util/AbstractList$RandomAccessSubList done
Event: 9.763 Loading class java/util/AbstractList$SubList$1
Event: 9.763 Loading class java/util/AbstractList$SubList$1 done

Classes unloaded (13 events):
Event: 5.013 Thread 0x000001b714ee4540 Unloading class 0x000001b72d1ab400 'java/lang/invoke/LambdaForm$MH+0x000001b72d1ab400'
Event: 5.013 Thread 0x000001b714ee4540 Unloading class 0x000001b72d1ab000 'java/lang/invoke/LambdaForm$MH+0x000001b72d1ab000'
Event: 5.013 Thread 0x000001b714ee4540 Unloading class 0x000001b72d1aac00 'java/lang/invoke/LambdaForm$MH+0x000001b72d1aac00'
Event: 5.013 Thread 0x000001b714ee4540 Unloading class 0x000001b72d1aa800 'java/lang/invoke/LambdaForm$MH+0x000001b72d1aa800'
Event: 5.013 Thread 0x000001b714ee4540 Unloading class 0x000001b72d1aa400 'java/lang/invoke/LambdaForm$BMH+0x000001b72d1aa400'
Event: 5.013 Thread 0x000001b714ee4540 Unloading class 0x000001b72d1aa000 'java/lang/invoke/LambdaForm$DMH+0x000001b72d1aa000'
Event: 5.013 Thread 0x000001b714ee4540 Unloading class 0x000001b72d1a8c00 'java/lang/invoke/LambdaForm$DMH+0x000001b72d1a8c00'
Event: 9.420 Thread 0x000001b714ee4540 Unloading class 0x000001b72d66d800 'java/lang/invoke/LambdaForm$MH+0x000001b72d66d800'
Event: 9.420 Thread 0x000001b714ee4540 Unloading class 0x000001b72d66dc00 'java/lang/invoke/LambdaForm$MH+0x000001b72d66dc00'
Event: 9.420 Thread 0x000001b714ee4540 Unloading class 0x000001b72d66d000 'java/lang/invoke/LambdaForm$MH+0x000001b72d66d000'
Event: 9.420 Thread 0x000001b714ee4540 Unloading class 0x000001b72d66cc00 'java/lang/invoke/LambdaForm$MH+0x000001b72d66cc00'
Event: 9.420 Thread 0x000001b714ee4540 Unloading class 0x000001b72d66c000 'java/lang/invoke/LambdaForm$MH+0x000001b72d66c000'
Event: 9.420 Thread 0x000001b714ee4540 Unloading class 0x000001b72d66c800 'java/lang/invoke/LambdaForm$MH+0x000001b72d66c800'

Classes redefined (0 events):
No events

Internal exceptions (20 events):
Event: 9.340 Thread 0x000001b7752d82c0 Exception <a 'sun/nio/fs/WindowsException'{0x00000000d6535ed8}> (0x00000000d6535ed8) 
thrown [s\src\hotspot\share\prims\jni.cpp, line 520]
Event: 9.340 Thread 0x000001b7752d82c0 Exception <a 'sun/nio/fs/WindowsException'{0x00000000d65367b8}> (0x00000000d65367b8) 
thrown [s\src\hotspot\share\prims\jni.cpp, line 520]
Event: 9.340 Thread 0x000001b7752d82c0 Exception <a 'sun/nio/fs/WindowsException'{0x00000000d6537bb8}> (0x00000000d6537bb8) 
thrown [s\src\hotspot\share\prims\jni.cpp, line 520]
Event: 9.340 Thread 0x000001b7752d82c0 Exception <a 'sun/nio/fs/WindowsException'{0x00000000d6538460}> (0x00000000d6538460) 
thrown [s\src\hotspot\share\prims\jni.cpp, line 520]
Event: 9.341 Thread 0x000001b7752d82c0 Exception <a 'sun/nio/fs/WindowsException'{0x00000000d6539638}> (0x00000000d6539638) 
thrown [s\src\hotspot\share\prims\jni.cpp, line 520]
Event: 9.341 Thread 0x000001b7752d82c0 Exception <a 'sun/nio/fs/WindowsException'{0x00000000d6539ee0}> (0x00000000d6539ee0) 
thrown [s\src\hotspot\share\prims\jni.cpp, line 520]
Event: 9.352 Thread 0x000001b7752d82c0 Exception <a 'java/lang/IncompatibleClassChangeError'{0x00000000d666f910}: Found class java.lang.Object, but interface was expected> (0x00000000d666f910) 
thrown [s\src\hotspot\share\interpreter\linkResolver.cpp, line 840]
Event: 9.361 Thread 0x000001b7752d82c0 Exception <a 'java/lang/IncompatibleClassChangeError'{0x00000000d6804070}: Found class java.lang.Object, but interface was expected> (0x00000000d6804070) 
thrown [s\src\hotspot\share\interpreter\linkResolver.cpp, line 840]
Event: 9.407 Thread 0x000001b7752d82c0 Exception <a 'java/lang/IncompatibleClassChangeError'{0x00000000d5b6e868}: Found class java.lang.Object, but interface was expected> (0x00000000d5b6e868) 
thrown [s\src\hotspot\share\interpreter\linkResolver.cpp, line 840]
Event: 9.492 Thread 0x000001b7752d7c30 Exception <a 'java/lang/NoSuchMethodError'{0x00000000d58db5e8}: 'java.lang.Object java.lang.invoke.DirectMethodHandle$Holder.invokeStaticInit(java.lang.Object, java.lang.Object, java.lang.Object)'> (0x00000000d58db5e8) 
thrown [s\src\hotspot\share\interpreter\linkResolver.cpp, line 773]
Event: 9.524 Thread 0x000001b777491200 Exception <a 'java/lang/NoSuchMethodError'{0x00000000d5ad4a38}: 'java.lang.Object java.lang.invoke.DirectMethodHandle$Holder.invokeStatic(java.lang.Object, java.lang.Object, int, java.lang.Object, java.lang.Object)'> (0x00000000d5ad4a38) 
thrown [s\src\hotspot\share\interpreter\linkResolver.cpp, line 773]
Event: 9.686 Thread 0x000001b777491200 Exception <a 'java/lang/NoSuchMethodError'{0x00000000d62042b0}: 'java.lang.Object java.lang.invoke.DirectMethodHandle$Holder.invokeStatic(java.lang.Object, java.lang.Object, int, java.lang.Object)'> (0x00000000d62042b0) 
thrown [s\src\hotspot\share\interpreter\linkResolver.cpp, line 773]
Event: 9.687 Thread 0x000001b777491200 Exception <a 'java/lang/NoSuchMethodError'{0x00000000d620ae90}: 'java.lang.Object java.lang.invoke.DirectMethodHandle$Holder.newInvokeSpecial(java.lang.Object, java.lang.Object, int)'> (0x00000000d620ae90) 
thrown [s\src\hotspot\share\interpreter\linkResolver.cpp, line 773]
Event: 9.748 Thread 0x000001b773cbb640 Exception <a 'sun/nio/fs/WindowsException'{0x00000000d6273f18}> (0x00000000d6273f18) 
thrown [s\src\hotspot\share\prims\jni.cpp, line 520]
Event: 9.748 Thread 0x000001b773cbb640 Exception <a 'sun/nio/fs/WindowsException'{0x00000000d62747c0}> (0x00000000d62747c0) 
thrown [s\src\hotspot\share\prims\jni.cpp, line 520]
Event: 9.756 Thread 0x000001b773cbafb0 Exception <a 'java/lang/NoSuchMethodError'{0x00000000d67ee0d8}: 'java.lang.Object java.lang.invoke.DirectMethodHandle$Holder.invokeSpecial(java.lang.Object, java.lang.Object, int, long)'> (0x00000000d67ee0d8) 
thrown [s\src\hotspot\share\interpreter\linkResolver.cpp, line 773]
Event: 9.771 Thread 0x000001b7774953a0 Exception <a 'sun/nio/fs/WindowsException'{0x00000000d55cc6e0}> (0x00000000d55cc6e0) 
thrown [s\src\hotspot\share\prims\jni.cpp, line 520]
Event: 9.772 Thread 0x000001b7774953a0 Exception <a 'sun/nio/fs/WindowsException'{0x00000000d55fe8a0}> (0x00000000d55fe8a0) 
thrown [s\src\hotspot\share\prims\jni.cpp, line 520]
Event: 9.772 Thread 0x000001b7774953a0 Exception <a 'sun/nio/fs/WindowsException'{0x00000000d55ffef8}> (0x00000000d55ffef8) 
thrown [s\src\hotspot\share\prims\jni.cpp, line 520]
Event: 9.772 Thread 0x000001b7774953a0 Exception <a 'sun/nio/fs/WindowsException'{0x00000000d5600a50}> (0x00000000d5600a50) 
thrown [s\src\hotspot\share\prims\jni.cpp, line 520]

ZGC Phase Switch (0 events):
No events

VM Operations (20 events):
Event: 8.782 Executing non-safepoint VM operation: HandshakeAllThreads (Deoptimize)
Event: 8.782 Executing non-safepoint VM operation: HandshakeAllThreads (Deoptimize) done
Event: 9.070 Executing safepoint VM operation: ParallelGCFailedAllocation (Allocation Failure)
Event: 9.071 Executing safepoint VM operation: ParallelGCFailedAllocation (Allocation Failure) done
Event: 9.191 Executing safepoint VM operation: ParallelGCFailedAllocation (Allocation Failure)
Event: 9.193 Executing safepoint VM operation: ParallelGCFailedAllocation (Allocation Failure) done
Event: 9.334 Executing non-safepoint VM operation: HandshakeAllThreads (Deoptimize)
Event: 9.334 Executing non-safepoint VM operation: HandshakeAllThreads (Deoptimize) done
Event: 9.368 Executing safepoint VM operation: ParallelGCFailedAllocation (Allocation Failure)
Event: 9.369 Executing safepoint VM operation: ParallelGCFailedAllocation (Allocation Failure) done
Event: 9.411 Executing safepoint VM operation: CollectForMetadataAllocation (Metadata GC Threshold)
Event: 9.472 Executing safepoint VM operation: CollectForMetadataAllocation (Metadata GC Threshold) done
Event: 9.547 Executing non-safepoint VM operation: HandshakeAllThreads (Deoptimize)
Event: 9.547 Executing non-safepoint VM operation: HandshakeAllThreads (Deoptimize) done
Event: 9.577 Executing non-safepoint VM operation: HandshakeAllThreads (Deoptimize)
Event: 9.577 Executing non-safepoint VM operation: HandshakeAllThreads (Deoptimize) done
Event: 9.684 Executing safepoint VM operation: ICBufferFull
Event: 9.684 Executing safepoint VM operation: ICBufferFull done
Event: 9.766 Executing safepoint VM operation: ParallelGCFailedAllocation (Allocation Failure)
Event: 9.769 Executing safepoint VM operation: ParallelGCFailedAllocation (Allocation Failure) done

Memory protections (0 events):
No events

Nmethod flushes (20 events):
Event: 9.437 Thread 0x000001b714ee4540 flushing  nmethod 0x000001b718959c10
Event: 9.437 Thread 0x000001b714ee4540 flushing  nmethod 0x000001b718961510
Event: 9.437 Thread 0x000001b714ee4540 flushing osr nmethod 0x000001b718964610
Event: 9.437 Thread 0x000001b714ee4540 flushing osr nmethod 0x000001b718968610
Event: 9.437 Thread 0x000001b714ee4540 flushing osr nmethod 0x000001b7189b9490
Event: 9.437 Thread 0x000001b714ee4540 flushing  nmethod 0x000001b7189c6390
Event: 9.437 Thread 0x000001b714ee4540 flushing  nmethod 0x000001b7189e1790
Event: 9.437 Thread 0x000001b714ee4540 flushing  nmethod 0x000001b7189e2690
Event: 9.437 Thread 0x000001b714ee4540 flushing  nmethod 0x000001b7189e4090
Event: 9.437 Thread 0x000001b714ee4540 flushing  nmethod 0x000001b7189fd590
Event: 9.437 Thread 0x000001b714ee4540 flushing  nmethod 0x000001b7189fe510
Event: 9.437 Thread 0x000001b714ee4540 flushing  nmethod 0x000001b7189ff590
Event: 9.437 Thread 0x000001b714ee4540 flushing  nmethod 0x000001b7189ffb90
Event: 9.437 Thread 0x000001b714ee4540 flushing  nmethod 0x000001b718a00a10
Event: 9.437 Thread 0x000001b714ee4540 flushing  nmethod 0x000001b718a02210
Event: 9.437 Thread 0x000001b714ee4540 flushing  nmethod 0x000001b718a0d090
Event: 9.437 Thread 0x000001b714ee4540 flushing  nmethod 0x000001b718a6f010
Event: 9.437 Thread 0x000001b714ee4540 flushing  nmethod 0x000001b718aa2790
Event: 9.437 Thread 0x000001b714ee4540 flushing  nmethod 0x000001b718aa4290
Event: 9.437 Thread 0x000001b714ee4540 flushing  nmethod 0x000001b718aad490

Events (20 events):
Event: 9.190 Thread 0x000001b773616480 Thread added: 0x000001b777493ff0
Event: 9.190 Thread 0x000001b773614a40 Thread added: 0x000001b777491f20
Event: 9.190 Thread 0x000001b777493ff0 Thread added: 0x000001b777490b70
Event: 9.190 Thread 0x000001b773615df0 Thread added: 0x000001b777494680
Event: 9.190 Thread 0x000001b777491f20 Thread added: 0x000001b777493960
Event: 9.190 Thread 0x000001b777490b70 Thread added: 0x000001b7774932d0
Event: 9.303 Thread 0x000001b773cbb640 Thread added: 0x000001b777491200
Event: 9.320 Thread 0x000001b773cbb640 Thread added: 0x000001b777492c40
Event: 9.345 Thread 0x000001b7752d82c0 Thread added: 0x000001b777491890
Event: 9.473 Thread 0x000001b7752d82c0 Thread added: 0x000001b7774960c0
Event: 9.478 Thread 0x000001b7752d82c0 Thread added: 0x000001b7774953a0
Event: 9.661 Thread 0x000001b773cbb640 Thread added: 0x000001b777496de0
Event: 9.661 Thread 0x000001b773cbb640 Thread added: 0x000001b777497470
Event: 9.663 Thread 0x000001b773cbb640 Thread added: 0x000001b777497b00
Event: 9.667 Thread 0x000001b773cbb640 Thread added: 0x000001b777496750
Event: 9.681 Thread 0x000001b773cbb640 Thread added: 0x000001b777495a30
Event: 9.690 Thread 0x000001b773cbb640 Thread added: 0x000001b777498190
Event: 9.693 Thread 0x000001b773cbb640 Thread added: 0x000001b777494d10
Event: 9.697 Thread 0x000001b773cbb640 Thread added: 0x000001b77783d330
Event: 9.712 Thread 0x000001b773cbb640 Thread added: 0x000001b77783d9c0


Dynamic libraries:
0x00007ff633c50000 - 0x00007ff633c5e000 	c:\Users\camil\.vscode\extensions\redhat.java-1.54.0-win32-x64\jre\21.0.10-win32-x86_64\bin\java.exe
0x00007ffc22ee0000 - 0x00007ffc23147000 	C:\WINDOWS\SYSTEM32\ntdll.dll
0x00007ffc22be0000 - 0x00007ffc22ca9000 	C:\WINDOWS\System32\KERNEL32.DLL
0x00007ffc20740000 - 0x00007ffc20b34000 	C:\WINDOWS\System32\KERNELBASE.dll
0x00007ffc1fd80000 - 0x00007ffc1fecb000 	C:\WINDOWS\System32\ucrtbase.dll
0x00007ffbb1340000 - 0x00007ffbb1358000 	c:\Users\camil\.vscode\extensions\redhat.java-1.54.0-win32-x64\jre\21.0.10-win32-x86_64\bin\jli.dll
0x00007ffc22090000 - 0x00007ffc22255000 	C:\WINDOWS\System32\USER32.dll
0x00007ffc1faa0000 - 0x00007ffc1fac7000 	C:\WINDOWS\System32\win32u.dll
0x00007ffb9cf20000 - 0x00007ffb9cf3e000 	c:\Users\camil\.vscode\extensions\redhat.java-1.54.0-win32-x64\jre\21.0.10-win32-x86_64\bin\VCRUNTIME140.dll
0x00007ffc0ab00000 - 0x00007ffc0ad93000 	C:\WINDOWS\WinSxS\amd64_microsoft.windows.common-controls_6595b64144ccf1df_6.0.26100.8115_none_3e075c82e3354f9c\COMCTL32.dll
0x00007ffc22580000 - 0x00007ffc22629000 	C:\WINDOWS\System32\msvcrt.dll
0x00007ffc20c70000 - 0x00007ffc20c9b000 	C:\WINDOWS\System32\GDI32.dll
0x00007ffc20b40000 - 0x00007ffc20c6b000 	C:\WINDOWS\System32\gdi32full.dll
0x00007ffc1f9f0000 - 0x00007ffc1fa93000 	C:\WINDOWS\System32\msvcp_win.dll
0x00007ffc21e00000 - 0x00007ffc21e32000 	C:\WINDOWS\System32\IMM32.DLL
0x00007ffbf1b50000 - 0x00007ffbf1b5c000 	c:\Users\camil\.vscode\extensions\redhat.java-1.54.0-win32-x64\jre\21.0.10-win32-x86_64\bin\vcruntime140_1.dll
0x00007ffb816f0000 - 0x00007ffb8177d000 	c:\Users\camil\.vscode\extensions\redhat.java-1.54.0-win32-x64\jre\21.0.10-win32-x86_64\bin\msvcp140.dll
0x00007ffb60fd0000 - 0x00007ffb61d71000 	c:\Users\camil\.vscode\extensions\redhat.java-1.54.0-win32-x64\jre\21.0.10-win32-x86_64\bin\server\jvm.dll
0x00007ffc22920000 - 0x00007ffc229d6000 	C:\WINDOWS\System32\ADVAPI32.dll
0x00007ffc22360000 - 0x00007ffc22407000 	C:\WINDOWS\System32\sechost.dll
0x00007ffc21950000 - 0x00007ffc21a68000 	C:\WINDOWS\System32\RPCRT4.dll
0x00007ffc22410000 - 0x00007ffc22490000 	C:\WINDOWS\System32\WS2_32.dll
0x00007ffc1f610000 - 0x00007ffc1f66e000 	C:\WINDOWS\SYSTEM32\POWRPROF.dll
0x00007ffc19140000 - 0x00007ffc19176000 	C:\WINDOWS\SYSTEM32\WINMM.dll
0x00007ffc19180000 - 0x00007ffc1918b000 	C:\WINDOWS\SYSTEM32\VERSION.dll
0x00007ffc1f5f0000 - 0x00007ffc1f604000 	C:\WINDOWS\SYSTEM32\UMPDC.dll
0x00007ffc1e540000 - 0x00007ffc1e55b000 	C:\WINDOWS\SYSTEM32\kernel.appcore.dll
0x00007ffbf12c0000 - 0x00007ffbf12ca000 	c:\Users\camil\.vscode\extensions\redhat.java-1.54.0-win32-x64\jre\21.0.10-win32-x86_64\bin\jimage.dll
0x00007ffc15b50000 - 0x00007ffc15d92000 	C:\WINDOWS\SYSTEM32\DBGHELP.DLL
0x00007ffc21a70000 - 0x00007ffc21df2000 	C:\WINDOWS\System32\combase.dll
0x00007ffc224a0000 - 0x00007ffc22578000 	C:\WINDOWS\System32\OLEAUT32.dll
0x00007ffc09430000 - 0x00007ffc0946b000 	C:\WINDOWS\SYSTEM32\dbgcore.DLL
0x00007ffc1fcd0000 - 0x00007ffc1fd75000 	C:\WINDOWS\System32\bcryptPrimitives.dll
0x00007ffbe8b40000 - 0x00007ffbe8b4f000 	c:\Users\camil\.vscode\extensions\redhat.java-1.54.0-win32-x64\jre\21.0.10-win32-x86_64\bin\instrument.dll
0x00007ffb8c0c0000 - 0x00007ffb8c0e0000 	c:\Users\camil\.vscode\extensions\redhat.java-1.54.0-win32-x64\jre\21.0.10-win32-x86_64\bin\java.dll
0x00007ffc20ca0000 - 0x00007ffc21407000 	C:\WINDOWS\System32\SHELL32.dll
0x00007ffc1fad0000 - 0x00007ffc1fc3a000 	C:\WINDOWS\System32\wintypes.dll
0x00007ffc1fed0000 - 0x00007ffc20738000 	C:\WINDOWS\System32\windows.storage.dll
0x00007ffc229e0000 - 0x00007ffc22ad8000 	C:\WINDOWS\System32\SHCORE.dll
0x00007ffc21e40000 - 0x00007ffc21ea6000 	C:\WINDOWS\System32\shlwapi.dll
0x00007ffc1f6d0000 - 0x00007ffc1f6f9000 	C:\WINDOWS\SYSTEM32\profapi.dll
0x00007ffb8bff0000 - 0x00007ffb8c008000 	c:\Users\camil\.vscode\extensions\redhat.java-1.54.0-win32-x64\jre\21.0.10-win32-x86_64\bin\zip.dll
0x00007ffbb13b0000 - 0x00007ffbb13c0000 	C:\Users\camil\.vscode\extensions\redhat.java-1.54.0-win32-x64\jre\21.0.10-win32-x86_64\bin\net.dll
0x00007ffc16e20000 - 0x00007ffc16f4d000 	C:\WINDOWS\SYSTEM32\WINHTTP.dll
0x00007ffc1eab0000 - 0x00007ffc1eb1c000 	C:\WINDOWS\system32\mswsock.dll
0x00007ffb8b980000 - 0x00007ffb8b996000 	C:\Users\camil\.vscode\extensions\redhat.java-1.54.0-win32-x64\jre\21.0.10-win32-x86_64\bin\nio.dll
0x00007ffbb1310000 - 0x00007ffbb1320000 	c:\Users\camil\.vscode\extensions\redhat.java-1.54.0-win32-x64\jre\21.0.10-win32-x86_64\bin\verify.dll
0x00007ffb81650000 - 0x00007ffb81695000 	C:\Users\camil\AppData\Roaming\Code\User\globalStorage\redhat.java\1.54.0\config_win\org.eclipse.equinox.launcher\org.eclipse.equinox.launcher.win32.win32.x86_64_1.3.0.v20260203-2149\eclipse_11919.dll
0x00007ffc226e0000 - 0x00007ffc22877000 	C:\WINDOWS\System32\ole32.dll
0x00007ffc1ed90000 - 0x00007ffc1edab000 	C:\WINDOWS\SYSTEM32\CRYPTSP.dll
0x00007ffc1e4a0000 - 0x00007ffc1e4d9000 	C:\WINDOWS\system32\rsaenh.dll
0x00007ffc1eb60000 - 0x00007ffc1eb93000 	C:\WINDOWS\SYSTEM32\USERENV.dll
0x00007ffc1f6a0000 - 0x00007ffc1f6ca000 	C:\WINDOWS\SYSTEM32\bcrypt.dll
0x00007ffc1edb0000 - 0x00007ffc1edbc000 	C:\WINDOWS\SYSTEM32\CRYPTBASE.dll
0x00007ffc1df40000 - 0x00007ffc1df72000 	C:\WINDOWS\SYSTEM32\IPHLPAPI.DLL
0x00007ffc22630000 - 0x00007ffc2263a000 	C:\WINDOWS\System32\NSI.dll
0x00007ffb81600000 - 0x00007ffb81649000 	C:\Users\camil\AppData\Local\Temp\jna-94426418\jna17572104504066624856.dll
0x00007ffc22cb0000 - 0x00007ffc22cb8000 	C:\WINDOWS\System32\PSAPI.DLL
0x00007ffc16fd0000 - 0x00007ffc16fed000 	C:\WINDOWS\SYSTEM32\dhcpcsvc6.DLL
0x00007ffc167f0000 - 0x00007ffc16815000 	C:\WINDOWS\SYSTEM32\dhcpcsvc.DLL

JVMTI agents:
c:\Users\camil\.vscode\extensions\redhat.java-1.54.0-win32-x64\lombok\lombok-1.18.39-4050.jar path:c:\Users\camil\.vscode\extensions\redhat.java-1.54.0-win32-x64\jre\21.0.10-win32-x86_64\bin\instrument.dll, loaded, initialized, instrumentlib options:none

dbghelp: loaded successfully - version: 4.0.5 - missing functions: none
symbol engine: initialized successfully - sym options: 0x614 - pdb path: .;c:\Users\camil\.vscode\extensions\redhat.java-1.54.0-win32-x64\jre\21.0.10-win32-x86_64\bin;C:\WINDOWS\SYSTEM32;C:\WINDOWS\WinSxS\amd64_microsoft.windows.common-controls_6595b64144ccf1df_6.0.26100.8115_none_3e075c82e3354f9c;c:\Users\camil\.vscode\extensions\redhat.java-1.54.0-win32-x64\jre\21.0.10-win32-x86_64\bin\server;C:\Users\camil\AppData\Roaming\Code\User\globalStorage\redhat.java\1.54.0\config_win\org.eclipse.equinox.launcher\org.eclipse.equinox.launcher.win32.win32.x86_64_1.3.0.v20260203-2149;C:\Users\camil\AppData\Local\Temp\jna-94426418

VM Arguments:
jvm_args: --add-modules=ALL-SYSTEM --add-opens=java.base/java.util=ALL-UNNAMED --add-opens=java.base/java.lang=ALL-UNNAMED --add-opens=java.base/sun.nio.fs=ALL-UNNAMED -Declipse.application=org.eclipse.jdt.ls.core.id1 -Dosgi.bundles.defaultStartLevel=4 -Declipse.product=org.eclipse.jdt.ls.core.product -Djava.import.generatesMetadataFilesAtProjectRoot=false -DDetectVMInstallationsJob.disabled=true -Dfile.encoding=utf8 -XX:+UseParallelGC -XX:GCTimeRatio=4 -XX:AdaptiveSizePolicyWeight=90 -Dsun.zip.disableMemoryMapping=true -Xmx2G -Xms100m -Xlog:disable -javaagent:c:\Users\camil\.vscode\extensions\redhat.java-1.54.0-win32-x64\lombok\lombok-1.18.39-4050.jar -XX:+HeapDumpOnOutOfMemoryError -XX:HeapDumpPath=c:\Users\camil\AppData\Roaming\Code\User\workspaceStorage\fcb90d46bb9a1586029f89fc31149cd5\redhat.java -Daether.dependencyCollector.impl=bf 
java_command: c:\Users\camil\.vscode\extensions\redhat.java-1.54.0-win32-x64\server\plugins\org.eclipse.equinox.launcher_1.7.100.v20251111-0406.jar -configuration c:\Users\camil\AppData\Roaming\Code\User\globalStorage\redhat.java\1.54.0\config_win -data c:\Users\camil\AppData\Roaming\Code\User\workspaceStorage\fcb90d46bb9a1586029f89fc31149cd5\redhat.java\jdt_ws --pipe=\\.\pipe\lsp-81f08e9b88a229d392edd36c02042bf2-sock
java_class_path (initial): c:\Users\camil\.vscode\extensions\redhat.java-1.54.0-win32-x64\server\plugins\org.eclipse.equinox.launcher_1.7.100.v20251111-0406.jar
Launcher Type: SUN_STANDARD

[Global flags]
    uintx AdaptiveSizePolicyWeight                 = 90                                        {product} {command line}
     intx CICompilerCount                          = 4                                         {product} {ergonomic}
    uintx GCTimeRatio                              = 4                                         {product} {command line}
     bool HeapDumpOnOutOfMemoryError               = true                                   {manageable} {command line}
    ccstr HeapDumpPath                             = c:\Users\camil\AppData\Roaming\Code\User\workspaceStorage\fcb90d46bb9a1586029f89fc31149cd5\redhat.java         {manageable} {command line}
   size_t InitialHeapSize                          = 104857600                                 {product} {command line}
   size_t MaxHeapSize                              = 2147483648                                {product} {command line}
   size_t MaxNewSize                               = 715653120                                 {product} {ergonomic}
   size_t MinHeapDeltaBytes                        = 524288                                    {product} {ergonomic}
   size_t MinHeapSize                              = 104857600                                 {product} {command line}
   size_t NewSize                                  = 34603008                                  {product} {ergonomic}
    uintx NonNMethodCodeHeapSize                   = 5839372                                {pd product} {ergonomic}
    uintx NonProfiledCodeHeapSize                  = 122909434                              {pd product} {ergonomic}
   size_t OldSize                                  = 70254592                                  {product} {ergonomic}
    uintx ProfiledCodeHeapSize                     = 122909434                              {pd product} {ergonomic}
    uintx ReservedCodeCacheSize                    = 251658240                              {pd product} {ergonomic}
     bool SegmentedCodeCache                       = true                                      {product} {ergonomic}
   size_t SoftMaxHeapSize                          = 2147483648                             {manageable} {ergonomic}
     bool UseCompressedOops                        = true                           {product lp64_product} {ergonomic}
     bool UseLargePagesIndividualAllocation        = false                                  {pd product} {ergonomic}
     bool UseParallelGC                            = true                                      {product} {command line}

Logging:
Log output configuration:
 #0: stdout all=off uptime,level,tags foldmultilines=false
 #1: stderr all=off uptime,level,tags foldmultilines=false

Release file:
JAVA_VERSION="21.0.10" 
MODULES="java.base java.compiler java.datatransfer java.xml java.prefs java.desktop java.instrument java.logging java.management java.security.sasl java.naming java.rmi java.management.rmi java.net.http java.scripting java.security.jgss java.transaction.xa java.sql java.sql.rowset java.xml.crypto java.se java.smartcardio jdk.accessibility jdk.internal.jvmstat jdk.attach jdk.charsets jdk.internal.opt jdk.zipfs jdk.compiler jdk.crypto.ec jdk.crypto.cryptoki jdk.crypto.mscapi jdk.dynalink jdk.internal.ed jdk.editpad jdk.hotspot.agent jdk.httpserver jdk.internal.le jdk.internal.vm.ci jdk.internal.vm.compiler jdk.internal.vm.compiler.management jdk.jartool jdk.javadoc jdk.jcmd jdk.management jdk.management.agent jdk.jconsole jdk.jdeps jdk.jdwp.agent jdk.jdi jdk.jfr jdk.jshell jdk.jsobject jdk.jstatd jdk.localedata jdk.management.jfr jdk.naming.dns jdk.naming.rmi jdk.net jdk.nio.mapmode jdk.random jdk.sctp jdk.security.auth jdk.security.jgss jdk.unsupported jdk.unsupported.desktop jdk.xml.dom" 

Environment Variables:
JAVA_HOME=C:\Program Files\Java\jdk-21
PATH=C:\Users\camil\AppData\Local\Programs\Microsoft VS Code;C:\Program Files (x86)\VMware\VMware Player\bin\;C:\Program Files\Common Files\Oracle\Java\javapath;C:\WINDOWS\system32;C:\WINDOWS;C:\WINDOWS\System32\Wbem;C:\WINDOWS\System32\WindowsPowerShell\v1.0\;C:\WINDOWS\System32\OpenSSH\;C:\Users\camil\Documents\CAMILO\DOC UNI\POLIGRAN\Semestre II\Programacion de Computadores\JAVA\bin;C:\Program Files\Microsoft SQL Server\Client SDK\ODBC\170\Tools\Binn\;C:\Program Files (x86)\Microsoft SQL Server\150\Tools\Binn\;C:\Program Files\Microsoft SQL Server\150\Tools\Binn\;C:\Program Files\Microsoft SQL Server\150\DTS\Binn\;C:\Program Files (x86)\Windows Kits\8.1\Windows Performance Toolkit\;C:\Program Files\Git\cmd;C:\Program Files\dotnet\;C:\Program Files (x86)\Windows Kits\10\Windows Performance Toolkit\;C:\dev\flutter\bin;C:\Program Files\Java\jdk-21\bin;C:\Users\camil\AppData\Local\Microsoft\WindowsApps;D:\CAMILO\DOC UNI\POLIGRAN\Semestre lV\IntelliJ IDEA Community Edition 2024.3.3\bin;;C:\Users\camil\AppData\Local\Programs\cursor\resources\app\bin;C:\Users\camil\AppData\Local\Programs\Microsoft VS Code\bin;C:\Users\camil\.dotnet\tools;C:\dev\flutter\bin;C:\Users\camil\AppData\Local\Python\bin
USERNAME=camil
OS=Windows_NT
PROCESSOR_IDENTIFIER=AMD64 Family 25 Model 80 Stepping 0, AuthenticAMD
TMP=C:\Users\camil\AppData\Local\Temp
TEMP=C:\Users\camil\AppData\Local\Temp




Periodic native trim disabled

---------------  S Y S T E M  ---------------

OS:
 Windows 11 , 64 bit Build 26100 (10.0.26100.8246)
OS uptime: 0 days 0:01 hours

CPU: total 12 (initial active 12) (12 cores per cpu, 2 threads per core) family 25 model 80 stepping 0 microcode 0xa50000d, cx8, cmov, fxsr, ht, mmx, 3dnowpref, sse, sse2, sse3, ssse3, sse4a, sse4.1, sse4.2, popcnt, lzcnt, tsc, tscinvbit, avx, avx2, aes, erms, clmul, bmi1, bmi2, adx, sha, fma, vzeroupper, clflush, clflushopt, rdtscp, rdpid, fsrm, f16c, pku, cet_ss
Processor Information for the first 12 processors :
  Max Mhz: 3901, Current Mhz: 3901, Mhz Limit: 3901

Memory: 4k page, system-wide physical 15740M (4927M free)
TotalPageFile size 21897M (AvailPageFile size 7738M)
current process WorkingSet (physical memory assigned to process): 291M, peak: 293M
current process commit charge ("private bytes"): 386M, peak: 388M

vm_info: OpenJDK 64-Bit Server VM (21.0.10+7-LTS) for windows-amd64 JRE (21.0.10+7-LTS), built on 2026-01-20T00:00:00Z by "admin" with MS VC++ 17.12 (VS2022)

END.
