#
# A fatal error has been detected by the Java Runtime Environment:
#
#  EXCEPTION_ACCESS_VIOLATION (0xc0000005) at pc=0x00007ffe91a5bf87, pid=5288, tid=10724
#
# JRE version: OpenJDK Runtime Environment Temurin-21.0.10+7 (21.0.10+7) (build 21.0.10+7-LTS)
# Java VM: OpenJDK 64-Bit Server VM Temurin-21.0.10+7 (21.0.10+7-LTS, mixed mode, sharing, tiered, compressed oops, compressed class ptrs, parallel gc, windows-amd64)
# Problematic frame:
# V  [jvm.dll+0x68bf87]
#
# No core dump will be written. Minidumps are not enabled by default on client versions of Windows
#
# If you would like to submit a bug report, please visit:
#   https://github.com/adoptium/adoptium-support/issues
#

---------------  S U M M A R Y ------------

Command Line: --add-modules=ALL-SYSTEM --add-opens=java.base/java.util=ALL-UNNAMED --add-opens=java.base/java.lang=ALL-UNNAMED --add-opens=java.base/sun.nio.fs=ALL-UNNAMED -Declipse.application=org.eclipse.jdt.ls.core.id1 -Dosgi.bundles.defaultStartLevel=4 -Declipse.product=org.eclipse.jdt.ls.core.product -Djava.import.generatesMetadataFilesAtProjectRoot=false -DDetectVMInstallationsJob.disabled=true -Dfile.encoding=utf8 -XX:+UseParallelGC -XX:GCTimeRatio=4 -XX:AdaptiveSizePolicyWeight=90 -Dsun.zip.disableMemoryMapping=true -Xmx2G -Xms100m -Xlog:disable -javaagent:c:\Users\camil\.vscode\extensions\redhat.java-1.54.0-win32-x64\lombok\lombok-1.18.39-4050.jar -XX:+HeapDumpOnOutOfMemoryError -XX:HeapDumpPath=c:\Users\camil\AppData\Roaming\Code\User\workspaceStorage\fcb90d46bb9a1586029f89fc31149cd5\redhat.java -Daether.dependencyCollector.impl=bf c:\Users\camil\.vscode\extensions\redhat.java-1.54.0-win32-x64\server\plugins\org.eclipse.equinox.launcher_1.7.100.v20251111-0406.jar -configuration c:\Users\camil\AppData\Roaming\Code\User\globalStorage\redhat.java\1.54.0\config_win -data c:\Users\camil\AppData\Roaming\Code\User\workspaceStorage\fcb90d46bb9a1586029f89fc31149cd5\redhat.java\jdt_ws --pipe=\\.\pipe\lsp-4430b2ec2c21e8b216c452b9ec38fdc5-sock

Host: AMD Ryzen 5 5600G with Radeon Graphics         , 12 cores, 15G,  Windows 11 , 64 bit Build 26100 (10.0.26100.8246)
Time: Wed Apr 22 20:48:12 2026 Hora est. Pacífico, Sudamérica elapsed time: 5.842856 seconds (0d 0h 0m 5s)

---------------  T H R E A D  ---------------

Current thread (0x000001630fac10a0):  VMThread "VM Thread"          [id=10724, stack(0x00000039c1c00000,0x00000039c1d00000) (1024K)]

Stack: [0x00000039c1c00000,0x00000039c1d00000],  sp=0x00000039c1cfe6b0,  free space=1017k
Native frames: (J=compiled Java code, j=interpreted, Vv=VM code, C=native code)
V  [jvm.dll+0x68bf87]
V  [jvm.dll+0x3c838d]
V  [jvm.dll+0x5b388c]
V  [jvm.dll+0x71264e]
V  [jvm.dll+0x711b3e]
V  [jvm.dll+0x71170d]
V  [jvm.dll+0x243857]
V  [jvm.dll+0x389825]
V  [jvm.dll+0x8bd4b0]
V  [jvm.dll+0x8be824]
V  [jvm.dll+0x8bed50]
V  [jvm.dll+0x8beff3]
V  [jvm.dll+0x85f59d]
V  [jvm.dll+0x6d626d]
C  [ucrtbase.dll+0x37b0]
C  [KERNEL32.DLL+0x2e8d7]
C  [ntdll.dll+0x8c3fc]


siginfo: EXCEPTION_ACCESS_VIOLATION (0xc0000005), reading address 0x0000000010000100


Registers:
RAX=0x0000000000000070, RBX=0x00000162b4c2ed40, RCX=0x0000000010000000, RDX=0x0000000000000000
RSP=0x00000039c1cfe6b0, RBP=0x0000000000000068, RSI=0x0000000010000000, RDI=0x0000000010000000
R8 =0x0000000000000004, R9 =0x000001630fac0620, R10=0x0000000000000000, R11=0x0000000000000246
R12=0x0000000000000000, R13=0x00000162b4bb2df0, R14=0x0000000000000000, R15=0x00007ffe91e43ed8
RIP=0x00007ffe91a5bf87, EFLAGS=0x0000000000010202

XMM[0]=0x0000000000000000 0x0000000000000000
XMM[1]=0x0000000000000000 0x0000000000000000
XMM[2]=0x0000000000000000 0x0000000000000000
XMM[3]=0x0000000000000000 0x0000000000000000
XMM[4]=0x0000000000000000 0x0000000000000000
XMM[5]=0x0000000000000000 0x0000000000000000
XMM[6]=0x0000000000000000 0x0000000000000000
XMM[7]=0x0000000000000000 0x404e000000000000
XMM[8]=0x0000000000000000 0x0000000000000000
XMM[9]=0x0000000000000000 0x0000000000000000
XMM[10]=0x0000000000000000 0x0000000000000000
XMM[11]=0x0000000000000000 0x0000000000000000
XMM[12]=0x0000000000000000 0x0000000000000000
XMM[13]=0x0000000000000000 0x0000000000000000
XMM[14]=0x0000000000000000 0x0000000000000000
XMM[15]=0x0000000000000000 0x0000000000000000
  MXCSR=0x00001fa0


Register to memory mapping:

RAX=0x0000000000000070 is an unknown value
RBX=0x00000162b4c2ed40 points into unknown readable memory: 0x0000000000000000 | 00 00 00 00 00 00 00 00
RCX=0x0000000010000000 is an unknown value
RDX=0x0 is null
RSP=0x00000039c1cfe6b0 points into unknown readable memory: 0x0000000000000160 | 60 01 00 00 00 00 00 00
RBP=0x0000000000000068 is an unknown value
RSI=0x0000000010000000 is an unknown value
RDI=0x0000000010000000 is an unknown value
R8 =0x0000000000000004 is an unknown value
R9 =0x000001630fac0620 points into unknown readable memory: 0x0000000000000002 | 02 00 00 00 00 00 00 00
R10=0x0 is null
R11=0x0000000000000246 is an unknown value
R12=0x0 is null
R13=0x00000162b4bb2df0 points into unknown readable memory: 0x00007ffe91e698d8 | d8 98 e6 91 fe 7f 00 00
R14=0x0 is null
R15=0x00007ffe91e43ed8 jvm.dll

Top of Stack: (sp=0x00000039c1cfe6b0)
0x00000039c1cfe6b0:   0000000000000160 00007ffe915f5d63
0x00000039c1cfe6c0:   000001630fac0620 000001631427e730
0x00000039c1cfe6d0:   00007ffe91e56970 00007ffe915f5d63
0x00000039c1cfe6e0:   00007ffe91e43ed8 00000162cf2e38b8
0x00000039c1cfe6f0:   00000162b4bb2df0 0000000000000000
0x00000039c1cfe700:   0000000010000000 00007ffe9179838d
0x00000039c1cfe710:   00007ffe91e43ed8 0000000000000000
0x00000039c1cfe720:   0000000000000068 000000000000000d
0x00000039c1cfe730:   0000000000000000 00007ffe9198388c
0x00000039c1cfe740:   00000162cf2e38b8 00000039c1cfe7b8
0x00000039c1cfe750:   0000000000000000 0000000000000001
0x00000039c1cfe760:   00007ffe91e43ed8 00000000000001fe
0x00000039c1cfe770:   ffffffffffffff00 0000000000000004
0x00000039c1cfe780:   00000000000000fe 0000000000000000
0x00000039c1cfe790:   0000000000000001 0000016315f1cb60
0x00000039c1cfe7a0:   0000016322a860f0 0000000000000000
0x00000039c1cfe7b0:   00000162b4b868b0 00007ffe920184a0
0x00000039c1cfe7c0:   00000039c1cfe8d0 00007ffe91ae264e
0x00000039c1cfe7d0:   00000039c1cfee20 0000000000000001
0x00000039c1cfe7e0:   00000162b4bb3ec0 00007ffe920184a0
0x00000039c1cfe7f0:   0000000000000000 0000000000000000
0x00000039c1cfe800:   00007ffe91de69b8 00007ffe920184a0
0x00000039c1cfe810:   0000000000000000 00000000000001c9
0x00000039c1cfe820:   00007ffe91dea8b8 3f1eabbcb1cc9600
0x00000039c1cfe830:   00007ffe91e04160 000001000000000b
0x00000039c1cfe840:   0000000000000002 00007ffe9206c150
0x00000039c1cfe850:   0000000000000002 00007ffe9206c1c0
0x00000039c1cfe860:   ffffffffffffffff 0000000000000000
0x00000039c1cfe870:   0000000000000000 00007ffe91dea8d0
0x00000039c1cfe880:   00007ffe91e04160 00007ffe920184b0
0x00000039c1cfe890:   0000000000000000 00000039c1cfe878
0x00000039c1cfe8a0:   0000000000000000 0000000000000000 

Instructions: (pc=0x00007ffe91a5bf87)
0x00007ffe91a5be87:   e8 d6 94 2c 00 48 8b 5c 24 50 4c 8b 64 24 58 48
0x00007ffe91a5be97:   8b 6c 24 60 48 8b 74 24 68 48 83 c4 30 41 5f 41
0x00007ffe91a5bea7:   5e 5f c3 48 8b cf e8 2e 01 ac ff 0f b6 c0 4c 8d
0x00007ffe91a5beb7:   0d 8c a6 3f 00 41 b8 73 05 00 00 89 44 24 20 48
0x00007ffe91a5bec7:   8d 15 93 a6 3f 00 b9 00 00 00 e0 e8 e9 81 bf ff
0x00007ffe91a5bed7:   cc 48 8b cf e8 00 01 ac ff 0f b6 c0 4c 8d 0d 5e
0x00007ffe91a5bee7:   a6 3f 00 41 b8 f1 06 00 00 89 44 24 20 48 8d 15
0x00007ffe91a5bef7:   65 a6 3f 00 b9 00 00 00 e0 e8 bb 81 bf ff cc 48
0x00007ffe91a5bf07:   8b cf e8 d2 00 ac ff 0f b6 c0 4c 8d 0d 30 a6 3f
0x00007ffe91a5bf17:   00 41 b8 73 05 00 00 89 44 24 20 48 8d 15 37 a6
0x00007ffe91a5bf27:   3f 00 b9 00 00 00 e0 e8 8d 81 bf ff cc cc cc cc
0x00007ffe91a5bf37:   cc cc cc cc cc cc cc cc cc 48 89 5c 24 10 48 89
0x00007ffe91a5bf47:   6c 24 18 48 89 74 24 20 57 41 54 41 55 41 56 41
0x00007ffe91a5bf57:   57 48 83 ec 30 65 48 8b 04 25 58 00 00 00 44 0f
0x00007ffe91a5bf67:   b6 f2 44 8b 05 38 26 66 00 48 8b f1 4a 8b 1c c0
0x00007ffe91a5bf77:   b8 70 00 00 00 80 3c 18 00 75 05 e8 49 81 2c 00
0x00007ffe91a5bf87:   83 be 00 01 00 00 00 b8 20 00 00 00 48 8b 04 18
0x00007ffe91a5bf97:   48 8b a8 20 03 00 00 48 8b 7d 28 4c 8b 7d 10 4c
0x00007ffe91a5bfa7:   8b 65 18 4c 8b 6d 20 48 89 7c 24 60 7e 65 48 8d
0x00007ffe91a5bfb7:   8e 08 01 00 00 e8 2f 0d 00 00 48 8b f8 48 85 c0
0x00007ffe91a5bfc7:   74 4c 0f 1f 80 00 00 00 00 48 8b 07 41 0f b6 d6
0x00007ffe91a5bfd7:   48 8b cf ff 90 80 00 00 00 8b 5f 08 48 8b cf 48
0x00007ffe91a5bfe7:   8b 07 2b de ff 10 8d 48 e0 8d 0c cb 3b 8e 00 01
0x00007ffe91a5bff7:   00 00 7d 1a 48 63 c9 48 81 c1 08 01 00 00 48 03
0x00007ffe91a5c007:   ce e8 e3 0c 00 00 48 8b f8 48 85 c0 75 bb 48 8b
0x00007ffe91a5c017:   7c 24 60 48 63 86 04 01 00 00 83 f8 fe 74 35 48
0x00007ffe91a5c027:   8d 88 08 01 00 00 48 03 ce e8 bb 0c 00 00 48 8b
0x00007ffe91a5c037:   c8 48 8b d8 48 8b 10 ff 52 68 33 c9 84 c0 48 0f
0x00007ffe91a5c047:   45 cb 48 85 c9 74 0d 48 8b 01 41 0f b6 d6 ff 90
0x00007ffe91a5c057:   80 00 00 00 48 8d 05 0e a9 3f 00 44 88 74 24 28
0x00007ffe91a5c067:   48 8d 54 24 20 48 89 44 24 20 48 8b ce e8 87 fc
0x00007ffe91a5c077:   ff ff 49 83 3f 00 74 13 48 8b d7 48 8b cd e8 b6 


Stack slot to memory mapping:

stack at sp + 0 slots: 0x0000000000000160 is an unknown value
stack at sp + 1 slots: 0x00007ffe915f5d63 jvm.dll
stack at sp + 2 slots: 0x000001630fac0620 points into unknown readable memory: 0x0000000000000002 | 02 00 00 00 00 00 00 00
stack at sp + 3 slots: 0x000001631427e730 is pointing into metadata
stack at sp + 4 slots: 0x00007ffe91e56970 jvm.dll
stack at sp + 5 slots: 0x00007ffe915f5d63 jvm.dll
stack at sp + 6 slots: 0x00007ffe91e43ed8 jvm.dll
stack at sp + 7 slots: 0x00000162cf2e38b8 is a pointer to class: 
org.eclipse.jdt.internal.compiler.lookup.ParameterizedGenericMethodBinding {0x00000162cf2e38c0}
 - instance size:     13
 - klass size:        139
 - access:            public synchronized 
 - flags:             rewritten has_nonstatic_fields should_verify_class has_localvariable_table 
 - state:             fully_initialized
 - name:              'org/eclipse/jdt/internal/compiler/lookup/ParameterizedGenericMethodBinding'
 - super:             'org/eclipse/jdt/internal/compiler/lookup/ParameterizedMethodBinding'
 - sub:               'org/eclipse/jdt/internal/compiler/lookup/PolyParameterizedGenericMethodBinding'   
 - arrays:            'org/eclipse/jdt/internal/compiler/lookup/ParameterizedGenericMethodBinding'[]
 - methods:           Array<T>(0x00000163125db238)
 - method ordering:   Array<T>(0x00000162cea80370)
 - local interfaces:  Array<T>(0x00000163125daef8)
 - trans. interfaces: Array<T>(0x00000163125daef8)
 - secondary supers: Array<T>(0x00000163125daef8)
 - hash_slot:         47
 - bitmap:            0x0004000000000000
 - constants:         constant pool [526] {0x00000163125d9d08} for 'org/eclipse/jdt/internal/compiler/lookup/ParameterizedGenericMethodBinding' cache=0x00000163141ba580
 - class loader data:  loader data: 0x0000016315dbc9d0 for instance a 'org/eclipse/osgi/internal/loader/EquinoxClassLoader'{0x00000000805ecbd0}
 - source file:       'ParameterizedGenericMethodBinding.java'
 - inner classes:     Array<T>(0x00000163125dd3f0)
 - nest members:     Array<T>(0x00000163125dd410)
 - permitted subclasses:     Array<T>(0x00000162ce611238)
 - java mirror:       a 'java/lang/Class'{0x0000000080d5ba98} = 'org/eclipse/jdt/internal/compiler/lookup/ParameterizedGenericMethodBinding'
 - vtable length      72  (start addr: 0x00000162cf2e3a88)
 - itable length      7 (start addr: 0x00000162cf2e3cc8)
 - ---- static fields (1 words):
 - private static volatile synthetic '$SWITCH_TABLE$org$eclipse$jdt$internal$compiler$lookup$TypeConstants$BoundCheckStatus' '[I' @112 
 - ---- non-static fields (22 words):
 - public 'extendedTagBits' 'I' @12 
 - public 'tagBits' 'J' @16 
 - public 'modifiers' 'I' @24 
 - public 'defaultNullness' 'I' @28 
 - public 'selector' '[C' @32 
 - public 'returnType' 'Lorg/eclipse/jdt/internal/compiler/lookup/TypeBinding;' @36 
 - public 'parameters' '[Lorg/eclipse/jdt/internal/compiler/lookup/TypeBinding;' @40 
 - public 'receiver' 'Lorg/eclipse/jdt/internal/compiler/lookup/TypeBinding;' @44 
 - public 'thrownExceptions' '[Lorg/eclipse/jdt/internal/compiler/lookup/ReferenceBinding;' @48 
 - public 'declaringClass' 'Lorg/eclipse/jdt/internal/compiler/lookup/ReferenceBinding;' @52 
 - public 'typeVariables' '[Lorg/eclipse/jdt/internal/compiler/lookup/TypeVariableBinding;' @56 
 - 'signature' '[C' @60 
 - public 'binaryPreviewAnnotation' 'Lorg/eclipse/jdt/internal/compiler/env/IBinaryAnnotation;' @64 
 - protected 'typeAnnotations' '[Lorg/eclipse/jdt/internal/compiler/lookup/AnnotationBinding;' @68 
 - public 'parameterFlowBits' '[B' @72 
 - public 'parameterNames' '[[C' @76 
 - protected 'originalMethod' 'Lorg/eclipse/jdt/internal/compiler/lookup/MethodBinding;' @80 
 - public 'wasInferred' 'Z' @84 
 - public 'isRaw' 'Z' @85 
 - public 'inferredWithUncheckedConversion' 'Z' @86 
 - public 'typeArguments' '[Lorg/eclipse/jdt/internal/compiler/lookup/TypeBinding;' @88 
 - protected 'environment' 'Lorg/eclipse/jdt/internal/compiler/lookup/LookupEnvironment;' @92 
 - public 'targetType' 'Lorg/eclipse/jdt/internal/compiler/lookup/TypeBinding;' @96 
 - non-static oop maps: 32-80 88-96 

VM_Operation (0x00000039c3cfd5a0): CollectForMetadataAllocation, mode: safepoint, requested by thread 0x0000016315a7e5f0


---------------  P R O C E S S  ---------------

Threads class SMR info:
_java_thread_list=0x0000016321ad54f0, length=82, elements={
0x00000162b4b92a50, 0x00000162b4c2ef80, 0x00000162b4c32020, 0x00000162b4c377f0,
0x00000162b4c3ab10, 0x00000162b4c421b0, 0x00000162b4c46880, 0x000001630fad2d20,
0x00000162b4c4d250, 0x00000162b4c44120, 0x00000162b4c44e40, 0x00000162b4c475a0,
0x00000162b4c461f0, 0x00000162b4c454d0, 0x00000162b4c447b0, 0x00000162b4c46f10,
0x00000162b4c45b60, 0x000001631600c420, 0x0000016316310030, 0x0000016315a80030,
0x0000016315a7ec80, 0x0000016315a80d50, 0x0000016315a7f310, 0x0000016315a7e5f0,
0x0000016315a813e0, 0x0000016315a81a70, 0x0000016315a7f9a0, 0x00000163187b66c0,
0x00000163187b6d50, 0x00000163187b73e0, 0x00000163187b7a70, 0x00000163187b8790,
0x00000163187b8100, 0x00000163187b5310, 0x00000163187b8e20, 0x00000163187b59a0,
0x00000163187b94b0, 0x00000163187b6030, 0x00000163187ba1d0, 0x00000163187b9b40,
0x00000163187bbc10, 0x00000163187ba860, 0x00000163187baef0, 0x00000163187bc2a0,
0x00000163187bc930, 0x00000163187bb580, 0x000001631826fbd0, 0x0000016318271610,
0x000001631826e190, 0x00000163182708f0, 0x0000016318270f80, 0x0000016318271ca0,
0x000001631826eeb0, 0x000001631826e820, 0x00000163182729c0, 0x0000016318272330,
0x000001631826f540, 0x0000016318273050, 0x0000016318273d70, 0x00000163182736e0,
0x0000016318274400, 0x0000016318274a90, 0x0000016318275120, 0x00000163182757b0,
0x0000016321db6570, 0x0000016321db5850, 0x0000016321db5ee0, 0x0000016321db6c00,
0x0000016321db7290, 0x0000016321db8640, 0x0000016321db7920, 0x0000016321db51c0,
0x0000016321dba710, 0x0000016321dba080, 0x0000016321dbada0, 0x0000016321dbb430,
0x0000016321db99f0, 0x0000016321db7fb0, 0x0000016321db8cd0, 0x0000016321dbc150,
0x0000016321dbc7e0, 0x0000016321dbbac0
}

Java Threads: ( => current thread )
  0x00000162b4b92a50 JavaThread "main"                              [_thread_blocked, id=15456, stack(0x00000039c1900000,0x00000039c1a00000) (1024K)]
  0x00000162b4c2ef80 JavaThread "Reference Handler"          daemon [_thread_blocked, id=11696, stack(0x00000039c1d00000,0x00000039c1e00000) (1024K)]
  0x00000162b4c32020 JavaThread "Finalizer"                  daemon [_thread_blocked, id=23516, stack(0x00000039c1e00000,0x00000039c1f00000) (1024K)]
  0x00000162b4c377f0 JavaThread "Signal Dispatcher"          daemon [_thread_blocked, id=25440, stack(0x00000039c1f00000,0x00000039c2000000) (1024K)]
  0x00000162b4c3ab10 JavaThread "Attach Listener"            daemon [_thread_blocked, id=15576, stack(0x00000039c2000000,0x00000039c2100000) (1024K)]
  0x00000162b4c421b0 JavaThread "Service Thread"             daemon [_thread_blocked, id=12012, stack(0x00000039c2100000,0x00000039c2200000) (1024K)]
  0x00000162b4c46880 JavaThread "Monitor Deflation Thread"   daemon [_thread_blocked, id=24344, stack(0x00000039c2200000,0x00000039c2300000) (1024K)]
  0x000001630fad2d20 JavaThread "C2 CompilerThread0"         daemon [_thread_blocked, id=24180, stack(0x00000039c2300000,0x00000039c2400000) (1024K)]
  0x00000162b4c4d250 JavaThread "C1 CompilerThread0"         daemon [_thread_blocked, id=21836, stack(0x00000039c2400000,0x00000039c2500000) (1024K)]
  0x00000162b4c44120 JavaThread "Common-Cleaner"             daemon [_thread_blocked, id=26548, stack(0x00000039c2500000,0x00000039c2600000) (1024K)]
  0x00000162b4c44e40 JavaThread "Notification Thread"        daemon [_thread_blocked, id=17184, stack(0x00000039c2700000,0x00000039c2800000) (1024K)]
  0x00000162b4c475a0 JavaThread "Active Thread: Equinox Container: 815502d9-6132-46fa-be44-419f5b680f11"        [_thread_blocked, id=11884, stack(0x00000039c2f00000,0x00000039c3000000) (1024K)]
  0x00000162b4c461f0 JavaThread "Refresh Thread: Equinox Container: 815502d9-6132-46fa-be44-419f5b680f11" daemon [_thread_blocked, id=18500, stack(0x00000039c3100000,0x00000039c3200000) (1024K)]
  0x00000162b4c454d0 JavaThread "Framework Event Dispatcher: Equinox Container: 815502d9-6132-46fa-be44-419f5b680f11" daemon [_thread_blocked, id=5520, stack(0x00000039c3200000,0x00000039c3300000) (1024K)]
  0x00000162b4c447b0 JavaThread "Start Level: Equinox Container: 815502d9-6132-46fa-be44-419f5b680f11" daemon [_thread_blocked, id=21196, stack(0x00000039c3300000,0x00000039c3400000) (1024K)]
  0x00000162b4c46f10 JavaThread "Bundle File Closer"         daemon [_thread_blocked, id=14656, stack(0x00000039c3600000,0x00000039c3700000) (1024K)]
  0x00000162b4c45b60 JavaThread "SCR Component Actor"        daemon [_thread_blocked, id=11672, stack(0x00000039c2600000,0x00000039c2700000) (1024K)]
  0x000001631600c420 JavaThread "C2 CompilerThread1"         daemon [_thread_blocked, id=6460, stack(0x00000039c2800000,0x00000039c2900000) (1024K)]
  0x0000016316310030 JavaThread "C2 CompilerThread2"         daemon [_thread_blocked, id=14860, stack(0x00000039c3700000,0x00000039c3800000) (1024K)]
  0x0000016315a80030 JavaThread "Worker-JM"                         [_thread_blocked, id=20544, stack(0x00000039c3800000,0x00000039c3900000) (1024K)]
  0x0000016315a7ec80 JavaThread "JNA Cleaner"                daemon [_thread_blocked, id=20812, stack(0x00000039c3900000,0x00000039c3a00000) (1024K)]
  0x0000016315a80d50 JavaThread "Worker-0"                          [_thread_blocked, id=24256, stack(0x00000039c3a00000,0x00000039c3b00000) (1024K)]
  0x0000016315a7f310 JavaThread "Worker-1"                          [_thread_blocked, id=24424, stack(0x00000039c3b00000,0x00000039c3c00000) (1024K)]
  0x0000016315a7e5f0 JavaThread "Worker-2: Building"                [_thread_blocked, id=22940, stack(0x00000039c3c00000,0x00000039c3d00000) (1024K)]
  0x0000016315a813e0 JavaThread "Java indexing"              daemon [_thread_blocked, id=25956, stack(0x00000039c3d00000,0x00000039c3e00000) (1024K)]
  0x0000016315a81a70 JavaThread "Worker-3"                          [_thread_blocked, id=25864, stack(0x00000039c3e00000,0x00000039c3f00000) (1024K)]
  0x0000016315a7f9a0 JavaThread "Thread-1"                   daemon [_thread_in_native, id=25104, stack(0x00000039c4200000,0x00000039c4300000) (1024K)]
  0x00000163187b66c0 JavaThread "Thread-2"                   daemon [_thread_in_native, id=26508, stack(0x00000039c4300000,0x00000039c4400000) (1024K)]
  0x00000163187b6d50 JavaThread "Thread-3"                   daemon [_thread_in_native, id=2300, stack(0x00000039c4400000,0x00000039c4500000) (1024K)]
  0x00000163187b73e0 JavaThread "Thread-4"                   daemon [_thread_in_native, id=26160, stack(0x00000039c4500000,0x00000039c4600000) (1024K)]
  0x00000163187b7a70 JavaThread "Thread-5"                   daemon [_thread_in_native, id=4656, stack(0x00000039c4600000,0x00000039c4700000) (1024K)]
  0x00000163187b8790 JavaThread "Thread-6"                   daemon [_thread_in_native, id=18568, stack(0x00000039c4700000,0x00000039c4800000) (1024K)]
  0x00000163187b8100 JavaThread "Thread-7"                   daemon [_thread_in_native, id=4812, stack(0x00000039c4800000,0x00000039c4900000) (1024K)]
  0x00000163187b5310 JavaThread "Thread-8"                   daemon [_thread_in_native, id=19188, stack(0x00000039c4900000,0x00000039c4a00000) (1024K)]
  0x00000163187b8e20 JavaThread "Thread-9"                   daemon [_thread_in_native, id=25808, stack(0x00000039c4a00000,0x00000039c4b00000) (1024K)]
  0x00000163187b59a0 JavaThread "Thread-10"                  daemon [_thread_in_native, id=23400, stack(0x00000039c4b00000,0x00000039c4c00000) (1024K)]
  0x00000163187b94b0 JavaThread "Thread-11"                  daemon [_thread_in_native, id=24512, stack(0x00000039c4c00000,0x00000039c4d00000) (1024K)]
  0x00000163187b6030 JavaThread "Thread-12"                  daemon [_thread_in_native, id=20316, stack(0x00000039c4d00000,0x00000039c4e00000) (1024K)]
  0x00000163187ba1d0 JavaThread "Thread-13"                  daemon [_thread_in_native, id=23512, stack(0x00000039c4e00000,0x00000039c4f00000) (1024K)]
  0x00000163187b9b40 JavaThread "pool-2-thread-1"                   [_thread_blocked, id=16356, stack(0x00000039c4f00000,0x00000039c5000000) (1024K)]
  0x00000163187bbc10 JavaThread "ForkJoinPool.commonPool-worker-1" daemon [_thread_blocked, id=15348, stack(0x00000039c5000000,0x00000039c5100000) (1024K)]
  0x00000163187ba860 JavaThread "ForkJoinPool.commonPool-worker-2" daemon [_thread_blocked, id=20504, stack(0x00000039c5100000,0x00000039c5200000) (1024K)]
  0x00000163187baef0 JavaThread "ForkJoinPool.commonPool-worker-3" daemon [_thread_blocked, id=25300, stack(0x00000039c5200000,0x00000039c5300000) (1024K)]
  0x00000163187bc2a0 JavaThread "ForkJoinPool.commonPool-worker-4" daemon [_thread_blocked, id=15368, stack(0x00000039c5300000,0x00000039c5400000) (1024K)]
  0x00000163187bc930 JavaThread "ForkJoinPool.commonPool-worker-5" daemon [_thread_blocked, id=26524, stack(0x00000039c5400000,0x00000039c5500000) (1024K)]
  0x00000163187bb580 JavaThread "ForkJoinPool.commonPool-worker-6" daemon [_thread_blocked, id=17388, stack(0x00000039c5500000,0x00000039c5600000) (1024K)]
  0x000001631826fbd0 JavaThread "ForkJoinPool.commonPool-worker-7" daemon [_thread_blocked, id=11888, stack(0x00000039c5600000,0x00000039c5700000) (1024K)]
  0x0000016318271610 JavaThread "WorkspaceEventsHandler"            [_thread_blocked, id=10384, stack(0x00000039c5700000,0x00000039c5800000) (1024K)]
  0x000001631826e190 JavaThread "pool-1-thread-1"                   [_thread_blocked, id=3576, stack(0x00000039c5800000,0x00000039c5900000) (1024K)]
  0x00000163182708f0 JavaThread "LocalFile Deleter"          daemon [_thread_blocked, id=1796, stack(0x00000039c5900000,0x00000039c5a00000) (1024K)]
  0x0000016318270f80 JavaThread "LocalFile Deleter"          daemon [_thread_blocked, id=26580, stack(0x00000039c5a00000,0x00000039c5b00000) (1024K)]
  0x0000016318271ca0 JavaThread "LocalFile Deleter"          daemon [_thread_blocked, id=22284, stack(0x00000039c5b00000,0x00000039c5c00000) (1024K)]
  0x000001631826eeb0 JavaThread "LocalFile Deleter"          daemon [_thread_blocked, id=17720, stack(0x00000039c5c00000,0x00000039c5d00000) (1024K)]
  0x000001631826e820 JavaThread "LocalFile Deleter"          daemon [_thread_blocked, id=25500, stack(0x00000039c5d00000,0x00000039c5e00000) (1024K)]
  0x00000163182729c0 JavaThread "LocalFile Deleter"          daemon [_thread_blocked, id=23308, stack(0x00000039c5e00000,0x00000039c5f00000) (1024K)]
  0x0000016318272330 JavaThread "LocalFile Deleter"          daemon [_thread_blocked, id=26536, stack(0x00000039c5f00000,0x00000039c6000000) (1024K)]
  0x000001631826f540 JavaThread "LocalFile Deleter"          daemon [_thread_blocked, id=3660, stack(0x00000039c6000000,0x00000039c6100000) (1024K)]
  0x0000016318273050 JavaThread "LocalFile Deleter"          daemon [_thread_blocked, id=25024, stack(0x00000039c6100000,0x00000039c6200000) (1024K)]
  0x0000016318273d70 JavaThread "LocalFile Deleter"          daemon [_thread_blocked, id=14756, stack(0x00000039c6200000,0x00000039c6300000) (1024K)]
  0x00000163182736e0 JavaThread "LocalFile Deleter"          daemon [_thread_blocked, id=26364, stack(0x00000039c6300000,0x00000039c6400000) (1024K)]
  0x0000016318274400 JavaThread "LocalFile Deleter"          daemon [_thread_blocked, id=19184, stack(0x00000039c6400000,0x00000039c6500000) (1024K)]
  0x0000016318274a90 JavaThread "Compiler Source File Reader" daemon [_thread_blocked, id=10916, stack(0x00000039c6500000,0x00000039c6600000) (1024K)]
  0x0000016318275120 JavaThread "Compiler Source File Reader" daemon [_thread_blocked, id=4484, stack(0x00000039c6600000,0x00000039c6700000) (1024K)]
  0x00000163182757b0 JavaThread "Compiler Source File Reader" daemon [_thread_blocked, id=14180, stack(0x00000039c6700000,0x00000039c6800000) (1024K)]
  0x0000016321db6570 JavaThread "Compiler Source File Reader" daemon [_thread_blocked, id=22092, stack(0x00000039c6800000,0x00000039c6900000) (1024K)]
  0x0000016321db5850 JavaThread "Compiler Source File Reader" daemon [_thread_blocked, id=25448, stack(0x00000039c6900000,0x00000039c6a00000) (1024K)]
  0x0000016321db5ee0 JavaThread "Compiler Source File Reader" daemon [_thread_blocked, id=4980, stack(0x00000039c6a00000,0x00000039c6b00000) (1024K)]
  0x0000016321db6c00 JavaThread "Compiler Source File Reader" daemon [_thread_blocked, id=23124, stack(0x00000039c6b00000,0x00000039c6c00000) (1024K)]
  0x0000016321db7290 JavaThread "Compiler Source File Reader" daemon [_thread_blocked, id=26392, stack(0x00000039c6c00000,0x00000039c6d00000) (1024K)]
  0x0000016321db8640 JavaThread "Compiler Source File Reader" daemon [_thread_blocked, id=17508, stack(0x00000039c6d00000,0x00000039c6e00000) (1024K)]
  0x0000016321db7920 JavaThread "Compiler Source File Reader" daemon [_thread_blocked, id=2504, stack(0x00000039c6e00000,0x00000039c6f00000) (1024K)]
  0x0000016321db51c0 JavaThread "Compiler Processing Task"   daemon [_thread_blocked, id=17776, stack(0x00000039c6f00000,0x00000039c7000000) (1024K)]
  0x0000016321dba710 JavaThread "Compiler Class File Writer" daemon [_thread_blocked, id=19288, stack(0x00000039c7000000,0x00000039c7100000) (1024K)]
  0x0000016321dba080 JavaThread "Compiler Class File Writer" daemon [_thread_blocked, id=18916, stack(0x00000039c7100000,0x00000039c7200000) (1024K)]
  0x0000016321dbada0 JavaThread "Compiler Class File Writer" daemon [_thread_blocked, id=23720, stack(0x00000039c7200000,0x00000039c7300000) (1024K)]
  0x0000016321dbb430 JavaThread "Compiler Class File Writer" daemon [_thread_blocked, id=19672, stack(0x00000039c7300000,0x00000039c7400000) (1024K)]
  0x0000016321db99f0 JavaThread "Compiler Class File Writer" daemon [_thread_blocked, id=23660, stack(0x00000039c7400000,0x00000039c7500000) (1024K)]
  0x0000016321db7fb0 JavaThread "Compiler Class File Writer" daemon [_thread_blocked, id=25628, stack(0x00000039c7500000,0x00000039c7600000) (1024K)]
  0x0000016321db8cd0 JavaThread "Compiler Class File Writer" daemon [_thread_blocked, id=3412, stack(0x00000039c7600000,0x00000039c7700000) (1024K)]
  0x0000016321dbc150 JavaThread "Compiler Class File Writer" daemon [_thread_blocked, id=24652, stack(0x00000039c7700000,0x00000039c7800000) (1024K)]
  0x0000016321dbc7e0 JavaThread "Compiler Class File Writer" daemon [_thread_blocked, id=14552, stack(0x00000039c7800000,0x00000039c7900000) (1024K)]
  0x0000016321dbbac0 JavaThread "Compiler Class File Writer" daemon [_thread_blocked, id=12208, stack(0x00000039c7900000,0x00000039c7a00000) (1024K)]
Total: 82

Other Threads:
=>0x000001630fac10a0 VMThread "VM Thread"                           [id=10724, stack(0x00000039c1c00000,0x00000039c1d00000) (1024K)]
  0x00000162cd45ca00 WatcherThread "VM Periodic Task Thread"        [id=2364, stack(0x00000039c1b00000,0x00000039c1c00000) (1024K)]
  0x00000162b4bb11c0 WorkerThread "GC Thread#0"                     [id=22736, stack(0x00000039c1a00000,0x00000039c1b00000) (1024K)]
  0x0000016315645b70 WorkerThread "GC Thread#1"                     [id=23360, stack(0x00000039c2900000,0x00000039c2a00000) (1024K)]
  0x0000016315645f20 WorkerThread "GC Thread#2"                     [id=6656, stack(0x00000039c2a00000,0x00000039c2b00000) (1024K)]
  0x00000163156cbd50 WorkerThread "GC Thread#3"                     [id=11208, stack(0x00000039c2b00000,0x00000039c2c00000) (1024K)]
  0x00000163156cc100 WorkerThread "GC Thread#4"                     [id=5008, stack(0x00000039c2c00000,0x00000039c2d00000) (1024K)]
  0x0000016315bfcf50 WorkerThread "GC Thread#5"                     [id=22160, stack(0x00000039c2d00000,0x00000039c2e00000) (1024K)]
  0x0000016315bfd300 WorkerThread "GC Thread#6"                     [id=26176, stack(0x00000039c2e00000,0x00000039c2f00000) (1024K)]
  0x00000163158a35a0 WorkerThread "GC Thread#7"                     [id=25472, stack(0x00000039c3000000,0x00000039c3100000) (1024K)]
  0x00000163160f1030 WorkerThread "GC Thread#8"                     [id=21844, stack(0x00000039c3400000,0x00000039c3500000) (1024K)]
  0x00000163160f13e0 WorkerThread "GC Thread#9"                     [id=21912, stack(0x00000039c3500000,0x00000039c3600000) (1024K)]
Total: 12

Threads with active compile tasks:
C2 CompilerThread0  5895 7384       4       org.eclipse.jdt.internal.compiler.lookup.BinaryTypeBinding::createMethod (1666 bytes)
C2 CompilerThread1  5895 7727       4       java.lang.invoke.MemberName::getMethodOrFieldType (72 bytes)
C2 CompilerThread2  5895 7769   !   4       java.util.concurrent.ConcurrentHashMap::transfer (849 bytes)
Total: 3

VM state: at safepoint (normal execution)

VM Mutex/Monitor currently owned by a thread:  ([mutex/lock_event])
[0x00007ffe9208e560] Threads_lock - owner thread: 0x000001630fac10a0
[0x00007ffe9208e660] Heap_lock - owner thread: 0x0000016315a7e5f0

Heap address: 0x0000000080000000, size: 2048 MB, Compressed Oops mode: 32-bit

CDS archive(s) mapped at: [0x00000162ce000000-0x00000162ceba0000-0x00000162ceba0000), size 12189696, SharedBaseAddress: 0x00000162ce000000, ArchiveRelocationMode: 1.
Compressed class space mapped at: 0x00000162cf000000-0x000001630f000000, reserved size: 1073741824
Narrow klass base: 0x00000162ce000000, Narrow klass shift: 0, Narrow klass range: 0x100000000

GC Precious Log:
 CardTable entry size: 512
 CPUs: 12 total, 12 available
 Memory: 15740M
 Large Page Support: Disabled
 NUMA Support: Disabled
 Compressed Oops: Enabled (32-bit)
 Alignments: Space 512K, Generation 512K, Heap 2M
 Heap Min Capacity: 100M
 Heap Initial Capacity: 100M
 Heap Max Capacity: 2G
 Pre-touch: Disabled
 Parallel Workers: 10

Heap:
 PSYoungGen      total 20480K, used 1184K [0x00000000d5580000, 0x00000000d6c00000, 0x0000000100000000)
  eden space 18944K, 0% used [0x00000000d5580000,0x00000000d5580000,0x00000000d6800000)
  from space 1536K, 77% used [0x00000000d6900000,0x00000000d6a28000,0x00000000d6a80000)
  to   space 1536K, 0% used [0x00000000d6a80000,0x00000000d6a80000,0x00000000d6c00000)
 ParOldGen       total 68608K, used 52544K [0x0000000080000000, 0x0000000084300000, 0x00000000d5580000)
  object space 68608K, 76% used [0x0000000080000000,0x0000000083350170,0x0000000084300000)
 Metaspace       used 58428K, committed 59776K, reserved 1114112K
  class space    used 6382K, committed 6976K, reserved 1048576K

Card table byte_map: [0x00000162c8890000,0x00000162c8ca0000] _byte_map_base: 0x00000162c8490000

Marking Bits: (ParMarkBitMap*) 0x00007ffe92093450
 Begin Bits: [0x00000162c8f50000, 0x00000162caf50000)
 End Bits:   [0x00000162caf50000, 0x00000162ccf50000)

Polling page: 0x00000162b4c50000

Metaspace:

Usage:
  Non-class:     50.83 MB used.
      Class:      6.23 MB used.
       Both:     57.06 MB used.

Virtual space:
  Non-class space:       64.00 MB reserved,      51.56 MB ( 81%) committed,  1 nodes.
      Class space:        1.00 GB reserved,       6.81 MB ( <1%) committed,  1 nodes.
             Both:        1.06 GB reserved,      58.38 MB (  5%) committed. 

Chunk freelists:
   Non-Class:  11.69 MB
       Class:  9.06 MB
        Both:  20.75 MB

MaxMetaspaceSize: unlimited
CompressedClassSpaceSize: 1.00 GB
Initial GC threshold: 21.00 MB
Current GC threshold: 58.38 MB
CDS: on
 - commit_granule_bytes: 65536.
 - commit_granule_words: 8192.
 - virtual_space_node_default_size: 8388608.
 - enlarge_chunks_in_place: 1.
 - use_allocation_guard: 0.


Internal statistics:

num_allocs_failed_limit: 9.
num_arena_births: 1134.
num_arena_deaths: 14.
num_vsnodes_births: 2.
num_vsnodes_deaths: 0.
num_space_committed: 934.
num_space_uncommitted: 0.
num_chunks_returned_to_freelist: 23.
num_chunks_taken_from_freelist: 3892.
num_chunk_merges: 11.
num_chunk_splits: 2376.
num_chunks_enlarged: 1291.
num_inconsistent_stats: 0.

CodeHeap 'non-profiled nmethods': size=120000Kb used=3878Kb max_used=3989Kb free=116122Kb
 bounds [0x00000162c1180000, 0x00000162c1570000, 0x00000162c86b0000]
CodeHeap 'profiled nmethods': size=120000Kb used=15193Kb max_used=15759Kb free=104806Kb
 bounds [0x00000162b96b0000, 0x00000162ba620000, 0x00000162c0be0000]
CodeHeap 'non-nmethods': size=5760Kb used=1455Kb max_used=1455Kb free=4305Kb
 bounds [0x00000162c0be0000, 0x00000162c0e50000, 0x00000162c1180000]
CodeCache: size=245760Kb, used=20526Kb, max_used=21203Kb, free=225233Kb
 total_blobs=8131, nmethods=7410, adapters=625, full_count=0
Compilation: enabled, stopped_count=0, restarted_count=0

Compilation events (20 events):
Event: 5.798 Thread 0x00000162b4c4d250 8209       2       org.eclipse.aether.RequestTrace::newChild (10 bytes)
Event: 5.798 Thread 0x00000162b4c4d250 nmethod 8209 0x00000162ba60f410 code [0x00000162ba60f5a0, 0x00000162ba60f730]
Event: 5.798 Thread 0x00000162b4c4d250 8210   !   2       sun.nio.ch.FileChannelImpl::implCloseChannel (146 bytes)
Event: 5.799 Thread 0x00000162b4c4d250 nmethod 8210 0x00000162ba60f810 code [0x00000162ba60fa80, 0x00000162ba6100e8]
Event: 5.799 Thread 0x00000162b4c4d250 8211       2       java.io.FileDescriptor$1::setHandle (6 bytes)
Event: 5.799 Thread 0x00000162b4c4d250 nmethod 8211 0x00000162ba610590 code [0x00000162ba610740, 0x00000162ba6108d0]
Event: 5.799 Thread 0x00000162b4c4d250 8212       2       java.io.FileDescriptor::setHandle (33 bytes)
Event: 5.799 Thread 0x00000162b4c4d250 nmethod 8212 0x00000162ba610990 code [0x00000162ba610b40, 0x00000162ba610cc8]
Event: 5.799 Thread 0x00000162b4c4d250 8213       2       sun.nio.ch.FileChannelImpl$Closer::<init> (10 bytes)
Event: 5.799 Thread 0x00000162b4c4d250 nmethod 8213 0x00000162ba610d90 code [0x00000162ba610f20, 0x00000162ba611040]
Event: 5.799 Thread 0x00000162b4c4d250 8214       2       java.io.FileDescriptor$1::close (5 bytes)
Event: 5.800 Thread 0x00000162b4c4d250 nmethod 8214 0x00000162ba611110 code [0x00000162ba6112e0, 0x00000162ba611650]
Event: 5.800 Thread 0x00000162b4c4d250 8216       2       sun.nio.fs.WindowsChannelFactory$Flags::toFlags (320 bytes)
Event: 5.800 Thread 0x00000162b4c4d250 nmethod 8216 0x00000162ba611810 code [0x00000162ba611b00, 0x00000162ba612a78]
Event: 5.800 Thread 0x00000162b4c4d250 8217       2       org.eclipse.aether.artifact.AbstractArtifact::getProperty (24 bytes)
Event: 5.801 Thread 0x00000162b4c4d250 nmethod 8217 0x00000162ba613110 code [0x00000162ba6132c0, 0x00000162ba613440]
Event: 5.801 Thread 0x00000162b4c4d250 8215       2       sun.nio.fs.WindowsChannelFactory::newFileChannel (130 bytes)
Event: 5.801 Thread 0x00000162b4c4d250 nmethod 8215 0x00000162ba613510 code [0x00000162ba613700, 0x00000162ba613a68]
Event: 5.801 Thread 0x00000162b4c4d250 8218       2       org.eclipse.aether.artifact.DefaultArtifactType::emptify (11 bytes)
Event: 5.801 Thread 0x00000162b4c4d250 nmethod 8218 0x00000162ba613c10 code [0x00000162ba613da0, 0x00000162ba613e98]

GC Heap History (20 events):
Event: 4.789 GC heap after
{Heap after GC invocations=26 (full 2):
 PSYoungGen      total 22016K, used 1010K [0x00000000d5580000, 0x00000000d6d00000, 0x0000000100000000)
  eden space 20992K, 0% used [0x00000000d5580000,0x00000000d5580000,0x00000000d6a00000)
  from space 1024K, 98% used [0x00000000d6c00000,0x00000000d6cfcb08,0x00000000d6d00000)
  to   space 1536K, 0% used [0x00000000d6a00000,0x00000000d6a00000,0x00000000d6b80000)
 ParOldGen       total 68608K, used 43484K [0x0000000080000000, 0x0000000084300000, 0x00000000d5580000)
  object space 68608K, 63% used [0x0000000080000000,0x0000000082a772e0,0x0000000084300000)
 Metaspace       used 45550K, committed 46848K, reserved 1114112K
  class space    used 4946K, committed 5504K, reserved 1048576K
}
Event: 4.889 GC heap before
{Heap before GC invocations=27 (full 2):
 PSYoungGen      total 22016K, used 22002K [0x00000000d5580000, 0x00000000d6d00000, 0x0000000100000000)
  eden space 20992K, 100% used [0x00000000d5580000,0x00000000d6a00000,0x00000000d6a00000)
  from space 1024K, 98% used [0x00000000d6c00000,0x00000000d6cfcb08,0x00000000d6d00000)
  to   space 1536K, 0% used [0x00000000d6a00000,0x00000000d6a00000,0x00000000d6b80000)
 ParOldGen       total 68608K, used 43484K [0x0000000080000000, 0x0000000084300000, 0x00000000d5580000)
  object space 68608K, 63% used [0x0000000080000000,0x0000000082a772e0,0x0000000084300000)
 Metaspace       used 47174K, committed 48448K, reserved 1114112K
  class space    used 5174K, committed 5760K, reserved 1048576K
}
Event: 4.890 GC heap after
{Heap after GC invocations=27 (full 2):
 PSYoungGen      total 22528K, used 928K [0x00000000d5580000, 0x00000000d6c80000, 0x0000000100000000)
  eden space 20992K, 0% used [0x00000000d5580000,0x00000000d5580000,0x00000000d6a00000)
  from space 1536K, 60% used [0x00000000d6a00000,0x00000000d6ae8000,0x00000000d6b80000)
  to   space 1024K, 0% used [0x00000000d6b80000,0x00000000d6b80000,0x00000000d6c80000)
 ParOldGen       total 68608K, used 44256K [0x0000000080000000, 0x0000000084300000, 0x00000000d5580000)
  object space 68608K, 64% used [0x0000000080000000,0x0000000082b383b0,0x0000000084300000)
 Metaspace       used 47174K, committed 48448K, reserved 1114112K
  class space    used 5174K, committed 5760K, reserved 1048576K
}
Event: 5.007 GC heap before
{Heap before GC invocations=28 (full 2):
 PSYoungGen      total 22528K, used 21920K [0x00000000d5580000, 0x00000000d6c80000, 0x0000000100000000)
  eden space 20992K, 100% used [0x00000000d5580000,0x00000000d6a00000,0x00000000d6a00000)
  from space 1536K, 60% used [0x00000000d6a00000,0x00000000d6ae8000,0x00000000d6b80000)
  to   space 1024K, 0% used [0x00000000d6b80000,0x00000000d6b80000,0x00000000d6c80000)
 ParOldGen       total 68608K, used 44320K [0x0000000080000000, 0x0000000084300000, 0x00000000d5580000)
  object space 68608K, 64% used [0x0000000080000000,0x0000000082b483c0,0x0000000084300000)
 Metaspace       used 48953K, committed 50176K, reserved 1114112K
  class space    used 5413K, committed 5952K, reserved 1048576K
}
Event: 5.008 GC heap after
{Heap after GC invocations=28 (full 2):
 PSYoungGen      total 22016K, used 1014K [0x00000000d5580000, 0x00000000d6d00000, 0x0000000100000000)
  eden space 20992K, 0% used [0x00000000d5580000,0x00000000d5580000,0x00000000d6a00000)
  from space 1024K, 99% used [0x00000000d6b80000,0x00000000d6c7d8c8,0x00000000d6c80000)
  to   space 1536K, 0% used [0x00000000d6a00000,0x00000000d6a00000,0x00000000d6b80000)
 ParOldGen       total 68608K, used 45044K [0x0000000080000000, 0x0000000084300000, 0x00000000d5580000)
  object space 68608K, 65% used [0x0000000080000000,0x0000000082bfd3d0,0x0000000084300000)
 Metaspace       used 48953K, committed 50176K, reserved 1114112K
  class space    used 5413K, committed 5952K, reserved 1048576K
}
Event: 5.086 GC heap before
{Heap before GC invocations=29 (full 2):
 PSYoungGen      total 22016K, used 22006K [0x00000000d5580000, 0x00000000d6d00000, 0x0000000100000000)
  eden space 20992K, 100% used [0x00000000d5580000,0x00000000d6a00000,0x00000000d6a00000)
  from space 1024K, 99% used [0x00000000d6b80000,0x00000000d6c7d8c8,0x00000000d6c80000)
  to   space 1536K, 0% used [0x00000000d6a00000,0x00000000d6a00000,0x00000000d6b80000)
 ParOldGen       total 68608K, used 45050K [0x0000000080000000, 0x0000000084300000, 0x00000000d5580000)
  object space 68608K, 65% used [0x0000000080000000,0x0000000082bfeb78,0x0000000084300000)
 Metaspace       used 50992K, committed 52288K, reserved 1114112K
  class space    used 5601K, committed 6144K, reserved 1048576K
}
Event: 5.087 GC heap after
{Heap after GC invocations=29 (full 2):
 PSYoungGen      total 22528K, used 1248K [0x00000000d5580000, 0x00000000d6d00000, 0x0000000100000000)
  eden space 20992K, 0% used [0x00000000d5580000,0x00000000d5580000,0x00000000d6a00000)
  from space 1536K, 81% used [0x00000000d6a00000,0x00000000d6b38000,0x00000000d6b80000)
  to   space 1536K, 0% used [0x00000000d6b80000,0x00000000d6b80000,0x00000000d6d00000)
 ParOldGen       total 68608K, used 45870K [0x0000000080000000, 0x0000000084300000, 0x00000000d5580000)
  object space 68608K, 66% used [0x0000000080000000,0x0000000082ccbb88,0x0000000084300000)
 Metaspace       used 50992K, committed 52288K, reserved 1114112K
  class space    used 5601K, committed 6144K, reserved 1048576K
}
Event: 5.155 GC heap before
{Heap before GC invocations=30 (full 2):
 PSYoungGen      total 22528K, used 22239K [0x00000000d5580000, 0x00000000d6d00000, 0x0000000100000000)
  eden space 20992K, 99% used [0x00000000d5580000,0x00000000d69fffa0,0x00000000d6a00000)
  from space 1536K, 81% used [0x00000000d6a00000,0x00000000d6b38000,0x00000000d6b80000)
  to   space 1536K, 0% used [0x00000000d6b80000,0x00000000d6b80000,0x00000000d6d00000)
 ParOldGen       total 68608K, used 45870K [0x0000000080000000, 0x0000000084300000, 0x00000000d5580000)
  object space 68608K, 66% used [0x0000000080000000,0x0000000082ccbb88,0x0000000084300000)
 Metaspace       used 52193K, committed 53504K, reserved 1114112K
  class space    used 5744K, committed 6336K, reserved 1048576K
}
Event: 5.157 GC heap after
{Heap after GC invocations=30 (full 2):
 PSYoungGen      total 20480K, used 1505K [0x00000000d5580000, 0x00000000d7100000, 0x0000000100000000)
  eden space 18944K, 0% used [0x00000000d5580000,0x00000000d5580000,0x00000000d6800000)
  from space 1536K, 98% used [0x00000000d6b80000,0x00000000d6cf8750,0x00000000d6d00000)
  to   space 3584K, 0% used [0x00000000d6800000,0x00000000d6800000,0x00000000d6b80000)
 ParOldGen       total 68608K, used 47525K [0x0000000080000000, 0x0000000084300000, 0x00000000d5580000)
  object space 68608K, 69% used [0x0000000080000000,0x0000000082e69690,0x0000000084300000)
 Metaspace       used 52193K, committed 53504K, reserved 1114112K
  class space    used 5744K, committed 6336K, reserved 1048576K
}
Event: 5.183 GC heap before
{Heap before GC invocations=31 (full 2):
 PSYoungGen      total 20480K, used 20449K [0x00000000d5580000, 0x00000000d7100000, 0x0000000100000000)
  eden space 18944K, 100% used [0x00000000d5580000,0x00000000d6800000,0x00000000d6800000)
  from space 1536K, 98% used [0x00000000d6b80000,0x00000000d6cf8750,0x00000000d6d00000)
  to   space 3584K, 0% used [0x00000000d6800000,0x00000000d6800000,0x00000000d6b80000)
 ParOldGen       total 68608K, used 47525K [0x0000000080000000, 0x0000000084300000, 0x00000000d5580000)
  object space 68608K, 69% used [0x0000000080000000,0x0000000082e69690,0x0000000084300000)
 Metaspace       used 52203K, committed 53568K, reserved 1114112K
  class space    used 5744K, committed 6336K, reserved 1048576K
}
Event: 5.184 GC heap after
{Heap after GC invocations=31 (full 2):
 PSYoungGen      total 19968K, used 694K [0x00000000d5580000, 0x00000000d6c00000, 0x0000000100000000)
  eden space 18944K, 0% used [0x00000000d5580000,0x00000000d5580000,0x00000000d6800000)
  from space 1024K, 67% used [0x00000000d6800000,0x00000000d68ada28,0x00000000d6900000)
  to   space 2048K, 0% used [0x00000000d6a00000,0x00000000d6a00000,0x00000000d6c00000)
 ParOldGen       total 68608K, used 48541K [0x0000000080000000, 0x0000000084300000, 0x00000000d5580000)
  object space 68608K, 70% used [0x0000000080000000,0x0000000082f67740,0x0000000084300000)
 Metaspace       used 52203K, committed 53568K, reserved 1114112K
  class space    used 5744K, committed 6336K, reserved 1048576K
}
Event: 5.334 GC heap before
{Heap before GC invocations=32 (full 2):
 PSYoungGen      total 19968K, used 19638K [0x00000000d5580000, 0x00000000d6c00000, 0x0000000100000000)
  eden space 18944K, 100% used [0x00000000d5580000,0x00000000d6800000,0x00000000d6800000)
  from space 1024K, 67% used [0x00000000d6800000,0x00000000d68ada28,0x00000000d6900000)
  to   space 2048K, 0% used [0x00000000d6a00000,0x00000000d6a00000,0x00000000d6c00000)
 ParOldGen       total 68608K, used 48541K [0x0000000080000000, 0x0000000084300000, 0x00000000d5580000)
  object space 68608K, 70% used [0x0000000080000000,0x0000000082f67740,0x0000000084300000)
 Metaspace       used 54375K, committed 55744K, reserved 1114112K
  class space    used 5917K, committed 6528K, reserved 1048576K
}
Event: 5.335 GC heap after
{Heap after GC invocations=32 (full 2):
 PSYoungGen      total 20480K, used 1233K [0x00000000d5580000, 0x00000000d6b80000, 0x0000000100000000)
  eden space 18944K, 0% used [0x00000000d5580000,0x00000000d5580000,0x00000000d6800000)
  from space 1536K, 80% used [0x00000000d6a00000,0x00000000d6b347b0,0x00000000d6b80000)
  to   space 1536K, 0% used [0x00000000d6880000,0x00000000d6880000,0x00000000d6a00000)
 ParOldGen       total 68608K, used 48573K [0x0000000080000000, 0x0000000084300000, 0x00000000d5580000)
  object space 68608K, 70% used [0x0000000080000000,0x0000000082f6f740,0x0000000084300000)
 Metaspace       used 54375K, committed 55744K, reserved 1114112K
  class space    used 5917K, committed 6528K, reserved 1048576K
}
Event: 5.511 GC heap before
{Heap before GC invocations=33 (full 2):
 PSYoungGen      total 20480K, used 20177K [0x00000000d5580000, 0x00000000d6b80000, 0x0000000100000000)
  eden space 18944K, 100% used [0x00000000d5580000,0x00000000d6800000,0x00000000d6800000)
  from space 1536K, 80% used [0x00000000d6a00000,0x00000000d6b347b0,0x00000000d6b80000)
  to   space 1536K, 0% used [0x00000000d6880000,0x00000000d6880000,0x00000000d6a00000)
 ParOldGen       total 68608K, used 48573K [0x0000000080000000, 0x0000000084300000, 0x00000000d5580000)
  object space 68608K, 70% used [0x0000000080000000,0x0000000082f6f740,0x0000000084300000)
 Metaspace       used 55959K, committed 57408K, reserved 1114112K
  class space    used 6092K, committed 6720K, reserved 1048576K
}
Event: 5.512 GC heap after
{Heap after GC invocations=33 (full 2):
 PSYoungGen      total 20480K, used 1534K [0x00000000d5580000, 0x00000000d6f00000, 0x0000000100000000)
  eden space 18944K, 0% used [0x00000000d5580000,0x00000000d5580000,0x00000000d6800000)
  from space 1536K, 99% used [0x00000000d6880000,0x00000000d69ffbe8,0x00000000d6a00000)
  to   space 3584K, 0% used [0x00000000d6b80000,0x00000000d6b80000,0x00000000d6f00000)
 ParOldGen       total 68608K, used 50203K [0x0000000080000000, 0x0000000084300000, 0x00000000d5580000)
  object space 68608K, 73% used [0x0000000080000000,0x0000000083106e50,0x0000000084300000)
 Metaspace       used 55959K, committed 57408K, reserved 1114112K
  class space    used 6092K, committed 6720K, reserved 1048576K
}
Event: 5.644 GC heap before
{Heap before GC invocations=34 (full 2):
 PSYoungGen      total 20480K, used 20478K [0x00000000d5580000, 0x00000000d6f00000, 0x0000000100000000)
  eden space 18944K, 100% used [0x00000000d5580000,0x00000000d6800000,0x00000000d6800000)
  from space 1536K, 99% used [0x00000000d6880000,0x00000000d69ffbe8,0x00000000d6a00000)
  to   space 3584K, 0% used [0x00000000d6b80000,0x00000000d6b80000,0x00000000d6f00000)
 ParOldGen       total 68608K, used 50203K [0x0000000080000000, 0x0000000084300000, 0x00000000d5580000)
  object space 68608K, 73% used [0x0000000080000000,0x0000000083106e50,0x0000000084300000)
 Metaspace       used 57535K, committed 58880K, reserved 1114112K
  class space    used 6272K, committed 6848K, reserved 1048576K
}
Event: 5.646 GC heap after
{Heap after GC invocations=34 (full 2):
 PSYoungGen      total 20480K, used 1128K [0x00000000d5580000, 0x00000000d6d00000, 0x0000000100000000)
  eden space 18944K, 0% used [0x00000000d5580000,0x00000000d5580000,0x00000000d6800000)
  from space 1536K, 73% used [0x00000000d6b80000,0x00000000d6c9a088,0x00000000d6d00000)
  to   space 2048K, 0% used [0x00000000d6900000,0x00000000d6900000,0x00000000d6b00000)
 ParOldGen       total 68608K, used 51691K [0x0000000080000000, 0x0000000084300000, 0x00000000d5580000)
  object space 68608K, 75% used [0x0000000080000000,0x000000008327af00,0x0000000084300000)
 Metaspace       used 57535K, committed 58880K, reserved 1114112K
  class space    used 6272K, committed 6848K, reserved 1048576K
}
Event: 5.803 GC heap before
{Heap before GC invocations=35 (full 2):
 PSYoungGen      total 20480K, used 18967K [0x00000000d5580000, 0x00000000d6d00000, 0x0000000100000000)
  eden space 18944K, 94% used [0x00000000d5580000,0x00000000d66ebe30,0x00000000d6800000)
  from space 1536K, 73% used [0x00000000d6b80000,0x00000000d6c9a088,0x00000000d6d00000)
  to   space 2048K, 0% used [0x00000000d6900000,0x00000000d6900000,0x00000000d6b00000)
 ParOldGen       total 68608K, used 51691K [0x0000000080000000, 0x0000000084300000, 0x00000000d5580000)
  object space 68608K, 75% used [0x0000000080000000,0x000000008327af00,0x0000000084300000)
 Metaspace       used 58428K, committed 59776K, reserved 1114112K
  class space    used 6382K, committed 6976K, reserved 1048576K
}
Event: 5.805 GC heap after
{Heap after GC invocations=35 (full 2):
 PSYoungGen      total 20480K, used 1184K [0x00000000d5580000, 0x00000000d6c00000, 0x0000000100000000)
  eden space 18944K, 0% used [0x00000000d5580000,0x00000000d5580000,0x00000000d6800000)
  from space 1536K, 77% used [0x00000000d6900000,0x00000000d6a28000,0x00000000d6a80000)
  to   space 1536K, 0% used [0x00000000d6a80000,0x00000000d6a80000,0x00000000d6c00000)
 ParOldGen       total 68608K, used 52544K [0x0000000080000000, 0x0000000084300000, 0x00000000d5580000)
  object space 68608K, 76% used [0x0000000080000000,0x0000000083350170,0x0000000084300000)
 Metaspace       used 58428K, committed 59776K, reserved 1114112K
  class space    used 6382K, committed 6976K, reserved 1048576K
}
Event: 5.805 GC heap before
{Heap before GC invocations=36 (full 3):
 PSYoungGen      total 20480K, used 1184K [0x00000000d5580000, 0x00000000d6c00000, 0x0000000100000000)
  eden space 18944K, 0% used [0x00000000d5580000,0x00000000d5580000,0x00000000d6800000)
  from space 1536K, 77% used [0x00000000d6900000,0x00000000d6a28000,0x00000000d6a80000)
  to   space 1536K, 0% used [0x00000000d6a80000,0x00000000d6a80000,0x00000000d6c00000)
 ParOldGen       total 68608K, used 52544K [0x0000000080000000, 0x0000000084300000, 0x00000000d5580000)
  object space 68608K, 76% used [0x0000000080000000,0x0000000083350170,0x0000000084300000)
 Metaspace       used 58428K, committed 59776K, reserved 1114112K
  class space    used 6382K, committed 6976K, reserved 1048576K
}

Dll operation events (10 events):
Event: 0.006 Loaded shared library c:\Users\camil\.vscode\extensions\redhat.java-1.54.0-win32-x64\jre\21.0.10-win32-x86_64\bin\java.dll
Event: 0.043 Loaded shared library c:\Users\camil\.vscode\extensions\redhat.java-1.54.0-win32-x64\jre\21.0.10-win32-x86_64\bin\zip.dll
Event: 0.055 Loaded shared library C:\Users\camil\.vscode\extensions\redhat.java-1.54.0-win32-x64\jre\21.0.10-win32-x86_64\bin\instrument.dll
Event: 0.057 Loaded shared library C:\Users\camil\.vscode\extensions\redhat.java-1.54.0-win32-x64\jre\21.0.10-win32-x86_64\bin\net.dll
Event: 0.059 Loaded shared library C:\Users\camil\.vscode\extensions\redhat.java-1.54.0-win32-x64\jre\21.0.10-win32-x86_64\bin\nio.dll
Event: 0.061 Loaded shared library C:\Users\camil\.vscode\extensions\redhat.java-1.54.0-win32-x64\jre\21.0.10-win32-x86_64\bin\zip.dll
Event: 0.074 Loaded shared library C:\Users\camil\.vscode\extensions\redhat.java-1.54.0-win32-x64\jre\21.0.10-win32-x86_64\bin\jimage.dll
Event: 0.118 Loaded shared library c:\Users\camil\.vscode\extensions\redhat.java-1.54.0-win32-x64\jre\21.0.10-win32-x86_64\bin\verify.dll
Event: 0.747 Loaded shared library C:\Users\camil\AppData\Roaming\Code\User\globalStorage\redhat.java\1.54.0\config_win\org.eclipse.equinox.launcher\org.eclipse.equinox.launcher.win32.win32.x86_64_1.3.0.v20260203-2149\eclipse_11919.dll
Event: 3.295 Loaded shared library C:\Users\camil\AppData\Local\Temp\jna-94426418\jna14375362752762455630.dll

Deoptimization events (20 events):
Event: 5.784 Thread 0x0000016321d2a9c0 DEOPT PACKING pc=0x00000162b9e8e9d6 sp=0x00000039c7cfe850
Event: 5.784 Thread 0x0000016321d2a9c0 DEOPT UNPACKING pc=0x00000162c0c34242 sp=0x00000039c7cfdd60 mode 0
Event: 5.787 Thread 0x0000016321db9360 Uncommon trap: trap_request=0xffffff3d fr.pc=0x00000162c124ad08 relative=0x00000000000001e8
Event: 5.787 Thread 0x0000016321db9360 Uncommon trap: reason=unstable_fused_if action=reinterpret pc=0x00000162c124ad08 method=java.lang.CharacterDataLatin1.equalsIgnoreCase(BB)Z @ 16 c2
Event: 5.787 Thread 0x0000016321db9360 DEOPT PACKING pc=0x00000162c124ad08 sp=0x00000039c7afe930
Event: 5.787 Thread 0x0000016321db9360 DEOPT UNPACKING pc=0x00000162c0c33aa2 sp=0x00000039c7afe838 mode 2
Event: 5.788 Thread 0x0000016321db9360 Uncommon trap: trap_request=0xffffff3d fr.pc=0x00000162c1246608 relative=0x0000000000000068
Event: 5.788 Thread 0x0000016321db9360 Uncommon trap: reason=unstable_fused_if action=reinterpret pc=0x00000162c1246608 method=java.lang.CharacterDataLatin1.equalsIgnoreCase(BB)Z @ 16 c2
Event: 5.788 Thread 0x0000016321db9360 DEOPT PACKING pc=0x00000162c1246608 sp=0x00000039c7afe8a0
Event: 5.788 Thread 0x0000016321db9360 DEOPT UNPACKING pc=0x00000162c0c33aa2 sp=0x00000039c7afe830 mode 2
Event: 5.788 Thread 0x0000016321d2b050 DEOPT PACKING pc=0x00000162b9e8e9b5 sp=0x00000039c7dfe660
Event: 5.788 Thread 0x0000016321d2b050 DEOPT UNPACKING pc=0x00000162c0c34242 sp=0x00000039c7dfdb70 mode 0
Event: 5.801 Thread 0x0000016315a7e5f0 Uncommon trap: trap_request=0xffffff6e fr.pc=0x00000162c1299d18 relative=0x0000000000000178
Event: 5.801 Thread 0x0000016315a7e5f0 Uncommon trap: reason=loop_limit_check action=maybe_recompile pc=0x00000162c1299d18 method=java.lang.StringLatin1.lastIndexOf([BII)I @ 19 c2
Event: 5.801 Thread 0x0000016315a7e5f0 DEOPT PACKING pc=0x00000162c1299d18 sp=0x00000039c3cfd260
Event: 5.801 Thread 0x0000016315a7e5f0 DEOPT UNPACKING pc=0x00000162c0c33aa2 sp=0x00000039c3cfd118 mode 2
Event: 5.802 Thread 0x0000016315a7e5f0 Uncommon trap: trap_request=0xffffff45 fr.pc=0x00000162c14fa140 relative=0x0000000000000120
Event: 5.802 Thread 0x0000016315a7e5f0 Uncommon trap: reason=unstable_if action=reinterpret pc=0x00000162c14fa140 method=java.util.ArrayDeque.addLast(Ljava/lang/Object;)V @ 42 c2
Event: 5.802 Thread 0x0000016315a7e5f0 DEOPT PACKING pc=0x00000162c14fa140 sp=0x00000039c3cfd510
Event: 5.802 Thread 0x0000016315a7e5f0 DEOPT UNPACKING pc=0x00000162c0c33aa2 sp=0x00000039c3cfd4b0 mode 2

Classes loaded (20 events):
Event: 5.310 Loading class java/util/stream/ReduceOps$4ReducingSink
Event: 5.310 Loading class java/util/stream/ReduceOps$4ReducingSink done
Event: 5.371 Loading class java/util/concurrent/ArrayBlockingQueue
Event: 5.371 Loading class java/util/concurrent/ArrayBlockingQueue done
Event: 5.379 Loading class java/util/concurrent/ConcurrentHashMap$KeySpliterator
Event: 5.379 Loading class java/util/concurrent/ConcurrentHashMap$KeySpliterator done
Event: 5.382 Loading class sun/nio/ch/ChannelOutputStream
Event: 5.382 Loading class sun/nio/ch/ChannelOutputStream done
Event: 5.393 Loading class java/util/stream/ReferencePipeline$4
Event: 5.393 Loading class java/util/stream/ReferencePipeline$4 done
Event: 5.394 Loading class java/util/stream/Nodes$IntFixedNodeBuilder
Event: 5.394 Loading class java/util/stream/Node$Builder$OfInt
Event: 5.394 Loading class java/util/stream/Node$Builder$OfInt done
Event: 5.394 Loading class java/util/stream/Nodes$IntArrayNode
Event: 5.394 Loading class java/util/stream/Nodes$IntArrayNode done
Event: 5.394 Loading class java/util/stream/Nodes$IntFixedNodeBuilder done
Event: 5.394 Loading class java/util/stream/ReferencePipeline$4$1
Event: 5.394 Loading class java/util/stream/ReferencePipeline$4$1 done
Event: 5.629 Loading class java/util/Collections$2
Event: 5.629 Loading class java/util/Collections$2 done

Classes unloaded (8 events):
Event: 3.559 Thread 0x000001630fac10a0 Unloading class 0x00000162cf1a5000 'java/lang/invoke/LambdaForm$MH+0x00000162cf1a5000'
Event: 3.559 Thread 0x000001630fac10a0 Unloading class 0x00000162cf1a4c00 'java/lang/invoke/LambdaForm$MH+0x00000162cf1a4c00'
Event: 3.559 Thread 0x000001630fac10a0 Unloading class 0x00000162cf1a4800 'java/lang/invoke/LambdaForm$MH+0x00000162cf1a4800'
Event: 3.559 Thread 0x000001630fac10a0 Unloading class 0x00000162cf1a4400 'java/lang/invoke/LambdaForm$MH+0x00000162cf1a4400'
Event: 3.559 Thread 0x000001630fac10a0 Unloading class 0x00000162cf1a4000 'java/lang/invoke/LambdaForm$BMH+0x00000162cf1a4000'
Event: 3.559 Thread 0x000001630fac10a0 Unloading class 0x00000162cf1a3c00 'java/lang/invoke/LambdaForm$DMH+0x00000162cf1a3c00'
Event: 3.559 Thread 0x000001630fac10a0 Unloading class 0x00000162cf1a2800 'java/lang/invoke/LambdaForm$DMH+0x00000162cf1a2800'
Event: 5.814 Thread 0x000001630fac10a0 Unloading class 0x00000162cf6b9800 'java/lang/invoke/LambdaForm$DMH+0x00000162cf6b9800'

Classes redefined (0 events):
No events

Internal exceptions (20 events):
Event: 5.081 Thread 0x000001631826eeb0 Exception <a 'sun/nio/fs/WindowsException'{0x00000000d6853f20}> (0x00000000d6853f20) 
thrown [s\src\hotspot\share\prims\jni.cpp, line 520]
Event: 5.091 Thread 0x000001631826e190 Exception <a 'java/lang/IncompatibleClassChangeError'{0x00000000d5650518}: Found class java.lang.Object, but interface was expected> (0x00000000d5650518) 
thrown [s\src\hotspot\share\interpreter\linkResolver.cpp, line 840]
Event: 5.121 Thread 0x0000016315a7f310 Exception <a 'java/lang/NoSuchMethodError'{0x00000000d5c2c4e0}: 'int java.lang.invoke.DirectMethodHandle$Holder.invokeSpecialIFC(java.lang.Object, java.lang.Object, java.lang.Object, java.lang.Object)'> (0x00000000d5c2c4e0) 
thrown [s\src\hotspot\share\interpreter\linkResolver.cpp, line 773]
Event: 5.333 Thread 0x0000016315a7e5f0 Exception <a 'java/lang/NoSuchMethodError'{0x00000000d67e76f8}: 'int java.lang.invoke.DirectMethodHandle$Holder.invokeSpecialIFC(java.lang.Object, java.lang.Object, java.lang.Object)'> (0x00000000d67e76f8) 
thrown [s\src\hotspot\share\interpreter\linkResolver.cpp, line 773]
Event: 5.380 Thread 0x0000016315a7e5f0 Exception <a 'java/lang/NoSuchMethodError'{0x00000000d58894b8}: 'java.lang.Object java.lang.invoke.DirectMethodHandle$Holder.newInvokeSpecial(java.lang.Object, java.lang.Object, int, int, java.lang.Object)'> (0x00000000d58894b8) 
thrown [s\src\hotspot\share\interpreter\linkResolver.cpp, line 773]
Event: 5.439 Thread 0x0000016321db51c0 Exception <a 'java/lang/NoSuchMethodError'{0x00000000d60f6d18}: 'java.lang.Object java.lang.invoke.DirectMethodHandle$Holder.invokeStatic(java.lang.Object, java.lang.Object, int, java.lang.Object, java.lang.Object)'> (0x00000000d60f6d18) 
thrown [s\src\hotspot\share\interpreter\linkResolver.cpp, line 773]
Event: 5.514 Thread 0x0000016321db51c0 Exception <a 'java/lang/NoSuchMethodError'{0x00000000d55a2e50}: 'java.lang.Object java.lang.invoke.DirectMethodHandle$Holder.invokeStatic(java.lang.Object, java.lang.Object, int, java.lang.Object)'> (0x00000000d55a2e50) 
thrown [s\src\hotspot\share\interpreter\linkResolver.cpp, line 773]
Event: 5.514 Thread 0x0000016321db51c0 Exception <a 'java/lang/NoSuchMethodError'{0x00000000d55a97c0}: 'java.lang.Object java.lang.invoke.DirectMethodHandle$Holder.newInvokeSpecial(java.lang.Object, java.lang.Object, int)'> (0x00000000d55a97c0) 
thrown [s\src\hotspot\share\interpreter\linkResolver.cpp, line 773]
Event: 5.550 Thread 0x0000016315a7e5f0 Exception <a 'sun/nio/fs/WindowsException'{0x00000000d5605cb0}> (0x00000000d5605cb0) 
thrown [s\src\hotspot\share\prims\jni.cpp, line 520]
Event: 5.550 Thread 0x0000016315a7e5f0 Exception <a 'sun/nio/fs/WindowsException'{0x00000000d5606558}> (0x00000000d5606558) 
thrown [s\src\hotspot\share\prims\jni.cpp, line 520]
Event: 5.585 Thread 0x0000016315a7e5f0 Exception <a 'java/lang/NoSuchMethodError'{0x00000000d5f59220}: 'void java.lang.invoke.DirectMethodHandle$Holder.invokeStatic(java.lang.Object, java.lang.Object, java.lang.Object, int)'> (0x00000000d5f59220) 
thrown [s\src\hotspot\share\interpreter\linkResolver.cpp, line 773]
Event: 5.587 Thread 0x0000016315a7e5f0 Exception <a 'java/lang/NoSuchMethodError'{0x00000000d5f7e350}: 'void java.lang.invoke.DirectMethodHandle$Holder.invokeVirtual(java.lang.Object, java.lang.Object, int)'> (0x00000000d5f7e350) 
thrown [s\src\hotspot\share\interpreter\linkResolver.cpp, line 773]
Event: 5.601 Thread 0x0000016315a7e5f0 Exception <a 'java/lang/NoSuchMethodError'{0x00000000d60c5fc8}: 'void java.lang.invoke.DirectMethodHandle$Holder.invokeInterface(java.lang.Object, java.lang.Object)'> (0x00000000d60c5fc8) 
thrown [s\src\hotspot\share\interpreter\linkResolver.cpp, line 773]
Event: 5.606 Thread 0x000001632255d180 Exception <a 'java/lang/NoSuchMethodError'{0x00000000d619cc60}: 'void java.lang.invoke.DirectMethodHandle$Holder.invokeSpecial(java.lang.Object, java.lang.Object, java.lang.Object, java.lang.Object, java.lang.Object, java.lang.Object, java.lang.Object, java.lang.Object)'> (0x00000000d619cc60) 
thrown [s\src\hotspot\share\interpreter\linkResolver.cpp, line 773]
Event: 5.659 Thread 0x0000016315a7e5f0 Exception <a 'java/lang/NoSuchMethodError'{0x00000000d5684360}: 'java.lang.Object java.lang.invoke.DirectMethodHandle$Holder.newInvokeSpecial(java.lang.Object, java.lang.Object, int, java.lang.Object, java.lang.Object)'> (0x00000000d5684360) 
thrown [s\src\hotspot\share\interpreter\linkResolver.cpp, line 773]
Event: 5.662 Thread 0x0000016315a7e5f0 Exception <a 'java/lang/NoSuchMethodError'{0x00000000d56abb30}: 'java.lang.Object java.lang.invoke.DirectMethodHandle$Holder.invokeSpecial(java.lang.Object, java.lang.Object, java.lang.Object, int, java.lang.Object, java.lang.Object, java.lang.Object)'> (0x00000000d56abb30) 
thrown [s\src\hotspot\share\interpreter\linkResolver.cpp, line 773]
Event: 5.686 Thread 0x0000016315a7e5f0 Exception <a 'java/lang/NoSuchMethodError'{0x00000000d58f9900}: 'void java.lang.invoke.DirectMethodHandle$Holder.invokeStatic(java.lang.Object, int)'> (0x00000000d58f9900) 
thrown [s\src\hotspot\share\interpreter\linkResolver.cpp, line 773]
Event: 5.744 Thread 0x0000016315a7e5f0 Exception <a 'java/io/FileNotFoundException'{0x00000000d5d6c2b8}> (0x00000000d5d6c2b8) 
thrown [s\src\hotspot\share\prims\jni.cpp, line 520]
Event: 5.745 Thread 0x0000016315a7e5f0 Exception <a 'java/io/FileNotFoundException'{0x00000000d5d6d680}> (0x00000000d5d6d680) 
thrown [s\src\hotspot\share\prims\jni.cpp, line 520]
Event: 5.745 Thread 0x0000016315a7e5f0 Exception <a 'java/io/FileNotFoundException'{0x00000000d5d6e6b0}> (0x00000000d5d6e6b0) 
thrown [s\src\hotspot\share\prims\jni.cpp, line 520]

ZGC Phase Switch (0 events):
No events

VM Operations (20 events):
Event: 5.157 Executing safepoint VM operation: ParallelGCFailedAllocation (Allocation Failure) done
Event: 5.183 Executing safepoint VM operation: ParallelGCFailedAllocation (Allocation Failure)
Event: 5.184 Executing safepoint VM operation: ParallelGCFailedAllocation (Allocation Failure) done
Event: 5.334 Executing safepoint VM operation: ParallelGCFailedAllocation (Allocation Failure)
Event: 5.335 Executing safepoint VM operation: ParallelGCFailedAllocation (Allocation Failure) done
Event: 5.390 Executing non-safepoint VM operation: HandshakeAllThreads (Deoptimize)
Event: 5.390 Executing non-safepoint VM operation: HandshakeAllThreads (Deoptimize) done
Event: 5.456 Executing non-safepoint VM operation: HandshakeAllThreads (Deoptimize)
Event: 5.456 Executing non-safepoint VM operation: HandshakeAllThreads (Deoptimize) done
Event: 5.500 Executing safepoint VM operation: ICBufferFull
Event: 5.500 Executing safepoint VM operation: ICBufferFull done
Event: 5.511 Executing safepoint VM operation: ParallelGCFailedAllocation (Allocation Failure)
Event: 5.512 Executing safepoint VM operation: ParallelGCFailedAllocation (Allocation Failure) done
Event: 5.557 Executing non-safepoint VM operation: HandshakeAllThreads (Deoptimize)
Event: 5.557 Executing non-safepoint VM operation: HandshakeAllThreads (Deoptimize) done
Event: 5.636 Executing safepoint VM operation: ICBufferFull
Event: 5.636 Executing safepoint VM operation: ICBufferFull done
Event: 5.644 Executing safepoint VM operation: ParallelGCFailedAllocation (Allocation Failure)
Event: 5.646 Executing safepoint VM operation: ParallelGCFailedAllocation (Allocation Failure) done
Event: 5.803 Executing safepoint VM operation: CollectForMetadataAllocation (Metadata GC Threshold)

Memory protections (0 events):
No events

Nmethod flushes (20 events):
Event: 5.828 Thread 0x000001630fac10a0 flushing  nmethod 0x00000162b9f31610
Event: 5.828 Thread 0x000001630fac10a0 flushing  nmethod 0x00000162b9f31990
Event: 5.828 Thread 0x000001630fac10a0 flushing  nmethod 0x00000162b9f79390
Event: 5.828 Thread 0x000001630fac10a0 flushing  nmethod 0x00000162b9f7d290
Event: 5.828 Thread 0x000001630fac10a0 flushing  nmethod 0x00000162b9f7db10
Event: 5.828 Thread 0x000001630fac10a0 flushing  nmethod 0x00000162b9f7e210
Event: 5.828 Thread 0x000001630fac10a0 flushing  nmethod 0x00000162b9f7f110
Event: 5.828 Thread 0x000001630fac10a0 flushing  nmethod 0x00000162b9f7fb90
Event: 5.828 Thread 0x000001630fac10a0 flushing  nmethod 0x00000162b9f87c90
Event: 5.828 Thread 0x000001630fac10a0 flushing  nmethod 0x00000162b9fe5c90
Event: 5.828 Thread 0x000001630fac10a0 flushing  nmethod 0x00000162b9fef590
Event: 5.828 Thread 0x000001630fac10a0 flushing  nmethod 0x00000162b9ff1090
Event: 5.828 Thread 0x000001630fac10a0 flushing  nmethod 0x00000162b9ff2990
Event: 5.828 Thread 0x000001630fac10a0 flushing  nmethod 0x00000162b9ffd390
Event: 5.828 Thread 0x000001630fac10a0 flushing  nmethod 0x00000162ba000110
Event: 5.828 Thread 0x000001630fac10a0 flushing  nmethod 0x00000162ba000490
Event: 5.828 Thread 0x000001630fac10a0 flushing  nmethod 0x00000162ba000810
Event: 5.828 Thread 0x000001630fac10a0 flushing  nmethod 0x00000162ba000d90
Event: 5.828 Thread 0x000001630fac10a0 flushing  nmethod 0x00000162ba001a10
Event: 5.828 Thread 0x000001630fac10a0 flushing  nmethod 0x00000162ba008990

Events (20 events):
Event: 5.604 Thread 0x0000016315a7e5f0 Thread added: 0x0000016321db9360
Event: 5.604 Thread 0x0000016315a7e5f0 Thread added: 0x000001632255d180
Event: 5.632 Thread 0x0000016315a7e5f0 Thread added: 0x000001632255b0b0
Event: 5.632 Thread 0x0000016315a7e5f0 Thread added: 0x000001632255b740
Event: 5.633 Thread 0x0000016315a7e5f0 Thread added: 0x000001632255bdd0
Event: 5.643 Thread 0x000001632255d180 Thread exited: 0x000001632255d180
Event: 5.643 Thread 0x000001632255b740 Thread exited: 0x000001632255b740
Event: 5.643 Thread 0x000001632255b0b0 Thread exited: 0x000001632255b0b0
Event: 5.643 Thread 0x0000016321db9360 Thread exited: 0x0000016321db9360
Event: 5.643 Thread 0x000001632255bdd0 Thread exited: 0x000001632255bdd0
Event: 5.770 Thread 0x0000016315a7e5f0 Thread added: 0x0000016321db9360
Event: 5.771 Thread 0x0000016315a7e5f0 Thread added: 0x0000016321d28f80
Event: 5.771 Thread 0x0000016315a7e5f0 Thread added: 0x0000016321d2a9c0
Event: 5.771 Thread 0x0000016315a7e5f0 Thread added: 0x0000016321d2b050
Event: 5.771 Thread 0x0000016315a7e5f0 Thread added: 0x0000016321d29610
Event: 5.794 Thread 0x0000016321d2a9c0 Thread exited: 0x0000016321d2a9c0
Event: 5.794 Thread 0x0000016321d2b050 Thread exited: 0x0000016321d2b050
Event: 5.794 Thread 0x0000016321d28f80 Thread exited: 0x0000016321d28f80
Event: 5.794 Thread 0x0000016321db9360 Thread exited: 0x0000016321db9360
Event: 5.794 Thread 0x0000016321d29610 Thread exited: 0x0000016321d29610


Dynamic libraries:
0x00007ff7957b0000 - 0x00007ff7957be000 	c:\Users\camil\.vscode\extensions\redhat.java-1.54.0-win32-x64\jre\21.0.10-win32-x86_64\bin\java.exe
0x00007fff4d680000 - 0x00007fff4d8e7000 	C:\WINDOWS\SYSTEM32\ntdll.dll
0x00007fff4c6b0000 - 0x00007fff4c779000 	C:\WINDOWS\System32\KERNEL32.DLL
0x00007fff49f50000 - 0x00007fff4a344000 	C:\WINDOWS\System32\KERNELBASE.dll
0x00007fff4a7a0000 - 0x00007fff4a8eb000 	C:\WINDOWS\System32\ucrtbase.dll
0x00007fff21940000 - 0x00007fff21958000 	c:\Users\camil\.vscode\extensions\redhat.java-1.54.0-win32-x64\jre\21.0.10-win32-x86_64\bin\jli.dll
0x00007fff252c0000 - 0x00007fff252de000 	c:\Users\camil\.vscode\extensions\redhat.java-1.54.0-win32-x64\jre\21.0.10-win32-x86_64\bin\VCRUNTIME140.dll
0x00007fff4c4e0000 - 0x00007fff4c6a5000 	C:\WINDOWS\System32\USER32.dll
0x00007fff39a20000 - 0x00007fff39cb3000 	C:\WINDOWS\WinSxS\amd64_microsoft.windows.common-controls_6595b64144ccf1df_6.0.26100.8115_none_3e075c82e3354f9c\COMCTL32.dll
0x00007fff4c2c0000 - 0x00007fff4c369000 	C:\WINDOWS\System32\msvcrt.dll
0x00007fff4a410000 - 0x00007fff4a437000 	C:\WINDOWS\System32\win32u.dll
0x00007fff4ccb0000 - 0x00007fff4ccdb000 	C:\WINDOWS\System32\GDI32.dll
0x00007fff4a4f0000 - 0x00007fff4a61b000 	C:\WINDOWS\System32\gdi32full.dll
0x00007fff4a8f0000 - 0x00007fff4a993000 	C:\WINDOWS\System32\msvcp_win.dll
0x00007fff4cb30000 - 0x00007fff4cb62000 	C:\WINDOWS\System32\IMM32.DLL
0x00007fff3f600000 - 0x00007fff3f60c000 	c:\Users\camil\.vscode\extensions\redhat.java-1.54.0-win32-x64\jre\21.0.10-win32-x86_64\bin\vcruntime140_1.dll
0x00007ffeb4710000 - 0x00007ffeb479d000 	c:\Users\camil\.vscode\extensions\redhat.java-1.54.0-win32-x64\jre\21.0.10-win32-x86_64\bin\msvcp140.dll
0x00007ffe913d0000 - 0x00007ffe92171000 	c:\Users\camil\.vscode\extensions\redhat.java-1.54.0-win32-x64\jre\21.0.10-win32-x86_64\bin\server\jvm.dll
0x00007fff4cb70000 - 0x00007fff4cc26000 	C:\WINDOWS\System32\ADVAPI32.dll
0x00007fff4d590000 - 0x00007fff4d637000 	C:\WINDOWS\System32\sechost.dll
0x00007fff4b7a0000 - 0x00007fff4b8b8000 	C:\WINDOWS\System32\RPCRT4.dll
0x00007fff4cd00000 - 0x00007fff4cd80000 	C:\WINDOWS\System32\WS2_32.dll
0x00007fff49db0000 - 0x00007fff49e0e000 	C:\WINDOWS\SYSTEM32\POWRPROF.dll
0x00007fff44780000 - 0x00007fff4478b000 	C:\WINDOWS\SYSTEM32\VERSION.dll
0x00007fff44740000 - 0x00007fff44776000 	C:\WINDOWS\SYSTEM32\WINMM.dll
0x00007fff49d90000 - 0x00007fff49da4000 	C:\WINDOWS\SYSTEM32\UMPDC.dll
0x00007fff48ce0000 - 0x00007fff48cfb000 	C:\WINDOWS\SYSTEM32\kernel.appcore.dll
0x00007fff329e0000 - 0x00007fff329ea000 	c:\Users\camil\.vscode\extensions\redhat.java-1.54.0-win32-x64\jre\21.0.10-win32-x86_64\bin\jimage.dll
0x00007fff402d0000 - 0x00007fff40512000 	C:\WINDOWS\SYSTEM32\DBGHELP.DLL
0x00007fff4b410000 - 0x00007fff4b792000 	C:\WINDOWS\System32\combase.dll
0x00007fff4c9d0000 - 0x00007fff4caa8000 	C:\WINDOWS\System32\OLEAUT32.dll
0x00007fff33200000 - 0x00007fff3323b000 	C:\WINDOWS\SYSTEM32\dbgcore.DLL
0x00007fff4a440000 - 0x00007fff4a4e5000 	C:\WINDOWS\System32\bcryptPrimitives.dll
0x00007fff315e0000 - 0x00007fff315ef000 	c:\Users\camil\.vscode\extensions\redhat.java-1.54.0-win32-x64\jre\21.0.10-win32-x86_64\bin\instrument.dll
0x00007fff277c0000 - 0x00007fff277e0000 	c:\Users\camil\.vscode\extensions\redhat.java-1.54.0-win32-x64\jre\21.0.10-win32-x86_64\bin\java.dll
0x00007fff4ce20000 - 0x00007fff4d587000 	C:\WINDOWS\System32\SHELL32.dll
0x00007fff4b2a0000 - 0x00007fff4b40a000 	C:\WINDOWS\System32\wintypes.dll
0x00007fff4aa30000 - 0x00007fff4b298000 	C:\WINDOWS\System32\windows.storage.dll
0x00007fff4c1b0000 - 0x00007fff4c2a8000 	C:\WINDOWS\System32\SHCORE.dll
0x00007fff4c780000 - 0x00007fff4c7e6000 	C:\WINDOWS\System32\shlwapi.dll
0x00007fff49e70000 - 0x00007fff49e99000 	C:\WINDOWS\SYSTEM32\profapi.dll
0x00007fff277a0000 - 0x00007fff277b8000 	c:\Users\camil\.vscode\extensions\redhat.java-1.54.0-win32-x64\jre\21.0.10-win32-x86_64\bin\zip.dll
0x00007fff29cd0000 - 0x00007fff29ce0000 	C:\Users\camil\.vscode\extensions\redhat.java-1.54.0-win32-x64\jre\21.0.10-win32-x86_64\bin\net.dll
0x00007fff416c0000 - 0x00007fff417ed000 	C:\WINDOWS\SYSTEM32\WINHTTP.dll
0x00007fff49250000 - 0x00007fff492bc000 	C:\WINDOWS\system32\mswsock.dll
0x00007fff21920000 - 0x00007fff21936000 	C:\Users\camil\.vscode\extensions\redhat.java-1.54.0-win32-x64\jre\21.0.10-win32-x86_64\bin\nio.dll
0x00007fff27790000 - 0x00007fff277a0000 	c:\Users\camil\.vscode\extensions\redhat.java-1.54.0-win32-x64\jre\21.0.10-win32-x86_64\bin\verify.dll
0x00007fff21680000 - 0x00007fff216c5000 	C:\Users\camil\AppData\Roaming\Code\User\globalStorage\redhat.java\1.54.0\config_win\org.eclipse.equinox.launcher\org.eclipse.equinox.launcher.win32.win32.x86_64_1.3.0.v20260203-2149\eclipse_11919.dll
0x00007fff4ba80000 - 0x00007fff4bc17000 	C:\WINDOWS\System32\ole32.dll
0x00007fff49530000 - 0x00007fff4954b000 	C:\WINDOWS\SYSTEM32\CRYPTSP.dll
0x00007fff48c40000 - 0x00007fff48c79000 	C:\WINDOWS\system32\rsaenh.dll
0x00007fff49300000 - 0x00007fff49333000 	C:\WINDOWS\SYSTEM32\USERENV.dll
0x00007fff49e40000 - 0x00007fff49e6a000 	C:\WINDOWS\SYSTEM32\bcrypt.dll
0x00007fff49550000 - 0x00007fff4955c000 	C:\WINDOWS\SYSTEM32\CRYPTBASE.dll
0x00007fff486e0000 - 0x00007fff48712000 	C:\WINDOWS\SYSTEM32\IPHLPAPI.DLL
0x00007fff4ccf0000 - 0x00007fff4ccfa000 	C:\WINDOWS\System32\NSI.dll
0x00007ffec84e0000 - 0x00007ffec8529000 	C:\Users\camil\AppData\Local\Temp\jna-94426418\jna14375362752762455630.dll
0x00007fff4c450000 - 0x00007fff4c458000 	C:\WINDOWS\System32\PSAPI.DLL
0x00007fff41660000 - 0x00007fff4167d000 	C:\WINDOWS\SYSTEM32\dhcpcsvc6.DLL
0x00007fff40bf0000 - 0x00007fff40c15000 	C:\WINDOWS\SYSTEM32\dhcpcsvc.DLL

JVMTI agents:
c:\Users\camil\.vscode\extensions\redhat.java-1.54.0-win32-x64\lombok\lombok-1.18.39-4050.jar path:c:\Users\camil\.vscode\extensions\redhat.java-1.54.0-win32-x64\jre\21.0.10-win32-x86_64\bin\instrument.dll, loaded, initialized, instrumentlib options:none

dbghelp: loaded successfully - version: 4.0.5 - missing functions: none
symbol engine: initialized successfully - sym options: 0x614 - pdb path: .;c:\Users\camil\.vscode\extensions\redhat.java-1.54.0-win32-x64\jre\21.0.10-win32-x86_64\bin;C:\WINDOWS\SYSTEM32;C:\WINDOWS\WinSxS\amd64_microsoft.windows.common-controls_6595b64144ccf1df_6.0.26100.8115_none_3e075c82e3354f9c;c:\Users\camil\.vscode\extensions\redhat.java-1.54.0-win32-x64\jre\21.0.10-win32-x86_64\bin\server;C:\Users\camil\AppData\Roaming\Code\User\globalStorage\redhat.java\1.54.0\config_win\org.eclipse.equinox.launcher\org.eclipse.equinox.launcher.win32.win32.x86_64_1.3.0.v20260203-2149;C:\Users\camil\AppData\Local\Temp\jna-94426418

VM Arguments:
jvm_args: --add-modules=ALL-SYSTEM --add-opens=java.base/java.util=ALL-UNNAMED --add-opens=java.base/java.lang=ALL-UNNAMED --add-opens=java.base/sun.nio.fs=ALL-UNNAMED -Declipse.application=org.eclipse.jdt.ls.core.id1 -Dosgi.bundles.defaultStartLevel=4 -Declipse.product=org.eclipse.jdt.ls.core.product -Djava.import.generatesMetadataFilesAtProjectRoot=false -DDetectVMInstallationsJob.disabled=true -Dfile.encoding=utf8 -XX:+UseParallelGC -XX:GCTimeRatio=4 -XX:AdaptiveSizePolicyWeight=90 -Dsun.zip.disableMemoryMapping=true -Xmx2G -Xms100m -Xlog:disable -javaagent:c:\Users\camil\.vscode\extensions\redhat.java-1.54.0-win32-x64\lombok\lombok-1.18.39-4050.jar -XX:+HeapDumpOnOutOfMemoryError -XX:HeapDumpPath=c:\Users\camil\AppData\Roaming\Code\User\workspaceStorage\fcb90d46bb9a1586029f89fc31149cd5\redhat.java -Daether.dependencyCollector.impl=bf 
java_command: c:\Users\camil\.vscode\extensions\redhat.java-1.54.0-win32-x64\server\plugins\org.eclipse.equinox.launcher_1.7.100.v20251111-0406.jar -configuration c:\Users\camil\AppData\Roaming\Code\User\globalStorage\redhat.java\1.54.0\config_win -data c:\Users\camil\AppData\Roaming\Code\User\workspaceStorage\fcb90d46bb9a1586029f89fc31149cd5\redhat.java\jdt_ws --pipe=\\.\pipe\lsp-4430b2ec2c21e8b216c452b9ec38fdc5-sock
java_class_path (initial): c:\Users\camil\.vscode\extensions\redhat.java-1.54.0-win32-x64\server\plugins\org.eclipse.equinox.launcher_1.7.100.v20251111-0406.jar
Launcher Type: SUN_STANDARD

[Global flags]
    uintx AdaptiveSizePolicyWeight                 = 90                                        {product} {command line}
     intx CICompilerCount                          = 4                                         {product} {ergonomic}
    uintx GCTimeRatio                              = 4                                         {product} {command line}
     bool HeapDumpOnOutOfMemoryError               = true                                   {manageable} {command line}
    ccstr HeapDumpPath                             = c:\Users\camil\AppData\Roaming\Code\User\workspaceStorage\fcb90d46bb9a1586029f89fc31149cd5\redhat.java         {manageable} {command line}
   size_t InitialHeapSize                          = 104857600                                 {product} {command line}
   size_t MaxHeapSize                              = 2147483648                                {product} {command line}
   size_t MaxNewSize                               = 715653120                                 {product} {ergonomic}
   size_t MinHeapDeltaBytes                        = 524288                                    {product} {ergonomic}
   size_t MinHeapSize                              = 104857600                                 {product} {command line}
   size_t NewSize                                  = 34603008                                  {product} {ergonomic}
    uintx NonNMethodCodeHeapSize                   = 5839372                                {pd product} {ergonomic}
    uintx NonProfiledCodeHeapSize                  = 122909434                              {pd product} {ergonomic}
   size_t OldSize                                  = 70254592                                  {product} {ergonomic}
    uintx ProfiledCodeHeapSize                     = 122909434                              {pd product} {ergonomic}
    uintx ReservedCodeCacheSize                    = 251658240                              {pd product} {ergonomic}
     bool SegmentedCodeCache                       = true                                      {product} {ergonomic}
   size_t SoftMaxHeapSize                          = 2147483648                             {manageable} {ergonomic}
     bool UseCompressedOops                        = true                           {product lp64_product} {ergonomic}
     bool UseLargePagesIndividualAllocation        = false                                  {pd product} {ergonomic}
     bool UseParallelGC                            = true                                      {product} {command line}

Logging:
Log output configuration:
 #0: stdout all=off uptime,level,tags foldmultilines=false
 #1: stderr all=off uptime,level,tags foldmultilines=false

Release file:
JAVA_VERSION="21.0.10" 
MODULES="java.base java.compiler java.datatransfer java.xml java.prefs java.desktop java.instrument java.logging java.management java.security.sasl java.naming java.rmi java.management.rmi java.net.http java.scripting java.security.jgss java.transaction.xa java.sql java.sql.rowset java.xml.crypto java.se java.smartcardio jdk.accessibility jdk.internal.jvmstat jdk.attach jdk.charsets jdk.internal.opt jdk.zipfs jdk.compiler jdk.crypto.ec jdk.crypto.cryptoki jdk.crypto.mscapi jdk.dynalink jdk.internal.ed jdk.editpad jdk.hotspot.agent jdk.httpserver jdk.internal.le jdk.internal.vm.ci jdk.internal.vm.compiler jdk.internal.vm.compiler.management jdk.jartool jdk.javadoc jdk.jcmd jdk.management jdk.management.agent jdk.jconsole jdk.jdeps jdk.jdwp.agent jdk.jdi jdk.jfr jdk.jshell jdk.jsobject jdk.jstatd jdk.localedata jdk.management.jfr jdk.naming.dns jdk.naming.rmi jdk.net jdk.nio.mapmode jdk.random jdk.sctp jdk.security.auth jdk.security.jgss jdk.unsupported jdk.unsupported.desktop jdk.xml.dom" 

Environment Variables:
JAVA_HOME=C:\Program Files\Java\jdk-21
PATH=C:\Users\camil\AppData\Local\Programs\Microsoft VS Code;C:\Program Files (x86)\VMware\VMware Player\bin\;C:\Program Files\Common Files\Oracle\Java\javapath;C:\WINDOWS\system32;C:\WINDOWS;C:\WINDOWS\System32\Wbem;C:\WINDOWS\System32\WindowsPowerShell\v1.0\;C:\WINDOWS\System32\OpenSSH\;C:\Users\camil\Documents\CAMILO\DOC UNI\POLIGRAN\Semestre II\Programacion de Computadores\JAVA\bin;C:\Program Files\Microsoft SQL Server\Client SDK\ODBC\170\Tools\Binn\;C:\Program Files (x86)\Microsoft SQL Server\150\Tools\Binn\;C:\Program Files\Microsoft SQL Server\150\Tools\Binn\;C:\Program Files\Microsoft SQL Server\150\DTS\Binn\;C:\Program Files (x86)\Windows Kits\8.1\Windows Performance Toolkit\;C:\Program Files\Git\cmd;C:\Program Files\dotnet\;C:\Program Files (x86)\Windows Kits\10\Windows Performance Toolkit\;C:\dev\flutter\bin;C:\Program Files\Java\jdk-21\bin;C:\Users\camil\AppData\Local\Microsoft\WindowsApps;D:\CAMILO\DOC UNI\POLIGRAN\Semestre lV\IntelliJ IDEA Community Edition 2024.3.3\bin;;C:\Users\camil\AppData\Local\Programs\cursor\resources\app\bin;C:\Users\camil\AppData\Local\Programs\Microsoft VS Code\bin;C:\Users\camil\.dotnet\tools;C:\dev\flutter\bin;C:\Users\camil\AppData\Local\Python\bin
USERNAME=camil
OS=Windows_NT
PROCESSOR_IDENTIFIER=AMD64 Family 25 Model 80 Stepping 0, AuthenticAMD
TMP=C:\Users\camil\AppData\Local\Temp
TEMP=C:\Users\camil\AppData\Local\Temp




Periodic native trim disabled

---------------  S Y S T E M  ---------------

OS:
 Windows 11 , 64 bit Build 26100 (10.0.26100.8246)
OS uptime: 0 days 5:40 hours

CPU: total 12 (initial active 12) (12 cores per cpu, 2 threads per core) family 25 model 80 stepping 0 microcode 0xa50000d, cx8, cmov, fxsr, ht, mmx, 3dnowpref, sse, sse2, sse3, ssse3, sse4a, sse4.1, sse4.2, popcnt, lzcnt, tsc, tscinvbit, avx, avx2, aes, erms, clmul, bmi1, bmi2, adx, sha, fma, vzeroupper, clflush, clflushopt, rdtscp, rdpid, fsrm, f16c, pku, cet_ss
Processor Information for the first 12 processors :
  Max Mhz: 3901, Current Mhz: 3901, Mhz Limit: 3901

Memory: 4k page, system-wide physical 15740M (4023M free)
TotalPageFile size 24141M (AvailPageFile size 5416M)
current process WorkingSet (physical memory assigned to process): 300M, peak: 305M
current process commit charge ("private bytes"): 393M, peak: 401M

vm_info: OpenJDK 64-Bit Server VM (21.0.10+7-LTS) for windows-amd64 JRE (21.0.10+7-LTS), built on 2026-01-20T00:00:00Z by "admin" with MS VC++ 17.12 (VS2022)

END.
