#
# A fatal error has been detected by the Java Runtime Environment:
#
#  EXCEPTION_ACCESS_VIOLATION (0xc0000005) at pc=0x00007ffea786d93f, pid=10004, tid=6352
#
# JRE version: OpenJDK Runtime Environment Temurin-21.0.10+7 (21.0.10+7) (build 21.0.10+7-LTS)
# Java VM: OpenJDK 64-Bit Server VM Temurin-21.0.10+7 (21.0.10+7-LTS, mixed mode, sharing, tiered, compressed oops, compressed class ptrs, parallel gc, windows-amd64)
# Problematic frame:
# V  [jvm.dll+0x38d93f]
#
# No core dump will be written. Minidumps are not enabled by default on client versions of Windows
#
# If you would like to submit a bug report, please visit:
#   https://github.com/adoptium/adoptium-support/issues
#

---------------  S U M M A R Y ------------

Command Line: --add-modules=ALL-SYSTEM --add-opens=java.base/java.util=ALL-UNNAMED --add-opens=java.base/java.lang=ALL-UNNAMED --add-opens=java.base/sun.nio.fs=ALL-UNNAMED -Declipse.application=org.eclipse.jdt.ls.core.id1 -Dosgi.bundles.defaultStartLevel=4 -Declipse.product=org.eclipse.jdt.ls.core.product -Djava.import.generatesMetadataFilesAtProjectRoot=false -DDetectVMInstallationsJob.disabled=true -Dfile.encoding=utf8 -XX:+UseParallelGC -XX:GCTimeRatio=4 -XX:AdaptiveSizePolicyWeight=90 -Dsun.zip.disableMemoryMapping=true -Xmx2G -Xms100m -Xlog:disable -javaagent:c:\Users\camil\.vscode\extensions\redhat.java-1.54.0-win32-x64\lombok\lombok-1.18.39-4050.jar c:\Users\camil\.vscode\extensions\redhat.java-1.54.0-win32-x64\server\plugins\org.eclipse.equinox.launcher_1.7.100.v20251111-0406.jar -configuration c:\Users\camil\AppData\Roaming\Code\User\globalStorage\redhat.java\1.54.0\config_ss_win -data c:\Users\camil\AppData\Roaming\Code\User\workspaceStorage\fcb90d46bb9a1586029f89fc31149cd5\redhat.java\ss_ws --pipe=\\.\pipe\lsp-6d9e2460c525c5415f18b0c5ae40751a-sock

Host: AMD Ryzen 5 5600G with Radeon Graphics         , 12 cores, 15G,  Windows 11 , 64 bit Build 26100 (10.0.26100.8246)
Time: Sun Apr 26 20:37:02 2026 Hora est. Pacífico, Sudamérica elapsed time: 2.691960 seconds (0d 0h 0m 2s)

---------------  T H R E A D  ---------------

Current thread (0x0000022ce50036d0):  JavaThread "C2 CompilerThread2" daemon [_thread_in_native, id=6352, stack(0x0000007a4f400000,0x0000007a4f500000) (1024K)]


Current CompileTask:
C2:2692 2746       4       org.lombokweb.asm.ClassReader::readMethod (1070 bytes)

Stack: [0x0000007a4f400000,0x0000007a4f500000],  sp=0x0000007a4f4fc8b0,  free space=1010k
Native frames: (J=compiled Java code, j=interpreted, Vv=VM code, C=native code)
V  [jvm.dll+0x38d93f]
V  [jvm.dll+0x38ae0e]
V  [jvm.dll+0x38a5aa]
V  [jvm.dll+0x24c560]
V  [jvm.dll+0x24bb40]
V  [jvm.dll+0x1cb34e]
V  [jvm.dll+0x25b85d]
V  [jvm.dll+0x259dea]
V  [jvm.dll+0x3f857e]
V  [jvm.dll+0x85f59d]
V  [jvm.dll+0x6d626d]
C  [ucrtbase.dll+0x37b0]
C  [KERNEL32.DLL+0x2e8d7]
C  [ntdll.dll+0x8c3fc]


siginfo: EXCEPTION_ACCESS_VIOLATION (0xc0000005), reading address 0x0000022cf47584d8


Registers:
RAX=0x00000000000008eb, RBX=0x0000000000000037, RCX=0x00000000dfbff7f7, RDX=0x0000022ce5c224cc
RSP=0x0000007a4f4fc8b0, RBP=0x0000000000000003, RSI=0x000000000000001e, RDI=0x0000022cf47584b0
R8 =0x0000000040000000, R9 =0x0000022ce5731b70, R10=0x0000022ce5731b68, R11=0x0000000000000006
R12=0x0000022ce4c49cc0, R13=0x0000007a4f4fc9c8, R14=0x0000007a4f4fcdf0, R15=0x00000000000008eb
RIP=0x00007ffea786d93f, EFLAGS=0x0000000000010206

XMM[0]=0x0000000000000000 0x0000000000000000
XMM[1]=0x0000022ce4753c58 0x0000022ce4754718
XMM[2]=0x0000022ce4efb8b8 0x0000022ce4753c08
XMM[3]=0x0000000000000000 0x0000000000000000
XMM[4]=0x0000000000000000 0x0000000000000000
XMM[5]=0x0000022ce57c0520 0x0000022ce4026a70
XMM[6]=0x0000000000000000 0x0000000000000000
XMM[7]=0x0000000000000000 0x0000000000000000
XMM[8]=0x0000000000000000 0x0000000000000000
XMM[9]=0x0000000000000000 0x0000000000000000
XMM[10]=0x0000000000000000 0x0000000000000000
XMM[11]=0x0000000000000000 0x0000000000000000
XMM[12]=0x0000000000000000 0x0000000000000000
XMM[13]=0x0000000000000000 0x0000000000000000
XMM[14]=0x0000000000000000 0x0000000000000000
XMM[15]=0x0000000000000000 0x0000000000000000
  MXCSR=0x00001fa0


Register to memory mapping:

RAX=0x00000000000008eb is an unknown value
RBX=0x0000000000000037 is an unknown value
RCX=0x00000000dfbff7f7 is an unallocated location in the heap
RDX=0x0000022ce5c224cc points into unknown readable memory: f7 f7 bf df
RSP=0x0000007a4f4fc8b0 is pointing into the stack for thread: 0x0000022ce50036d0
RBP=0x0000000000000003 is an unknown value
RSI=0x000000000000001e is an unknown value
RDI=0x0000022cf47584b0 is an unknown value
R8 =0x0000000040000000 is an unknown value
R9 =0x0000022ce5731b70 points into unknown readable memory: 0x0000022ce4759ab8 | b8 9a 75 e4 2c 02 00 00
R10=0x0000022ce5731b68 points into unknown readable memory: 0x0000022ce4754718 | 18 47 75 e4 2c 02 00 00
R11=0x0000000000000006 is an unknown value
R12=0x0000022ce4c49cc0 points into unknown readable memory: 0x0000022ce42a2400 | 00 24 2a e4 2c 02 00 00
R13=0x0000007a4f4fc9c8 is pointing into the stack for thread: 0x0000022ce50036d0
R14=0x0000007a4f4fcdf0 is pointing into the stack for thread: 0x0000022ce50036d0
R15=0x00000000000008eb is an unknown value

Top of Stack: (sp=0x0000007a4f4fc8b0)
0x0000007a4f4fc8b0:   0000007a4f4fcdf0 0000000000000000
0x0000007a4f4fc8c0:   000000000000008d 0000000000000003
0x0000007a4f4fc8d0:   00001b8d000008eb 0000022ce4c49cc0
0x0000007a4f4fc8e0:   0000000000000000 0000022cc4a10000
0x0000007a4f4fc8f0:   0000022ce576d700 0000000000000000
0x0000007a4f4fc900:   0000022ce4804dd0 0000022ce5774118
0x0000007a4f4fc910:   0000007a4f4fcdf0 000000000000161d
0x0000007a4f4fc920:   0000007a4f4fca30 00007ffea786ae0e
0x0000007a4f4fc930:   0000022ce4d71be0 0000000000000130
0x0000007a4f4fc940:   0000022ce4759218 00007fff00000000
0x0000007a4f4fc950:   0000000000000000 0000000000000002
0x0000007a4f4fc960:   0000000000000000 000000000000037f
0x0000007a4f4fc970:   0000000000000000 0000007a4f4fc9e0
0x0000007a4f4fc980:   0000007a4f4f0101 00007fff8e0cb1bf
0x0000007a4f4fc990:   0000000000000000 0000000000000000
0x0000007a4f4fc9a0:   0000007a4f4fcdf0 0000000000014740
0x0000007a4f4fc9b0:   0000000000000000 0000000000000000
0x0000007a4f4fc9c0:   0000000000000048 0000000000000100
0x0000007a4f4fc9d0:   0000022ce5c223f0 0000000000000100
0x0000007a4f4fc9e0:   0000022ce4804dd0 0000022ce576c130
0x0000007a4f4fc9f0:   0000000000139df8 0000000000000000
0x0000007a4f4fca00:   0000000000000000 0000000000007fd8
0x0000007a4f4fca10:   0000000000000010 00000000000018d0
0x0000007a4f4fca20:   0000000000007fd8 00007fff8e1459cd
0x0000007a4f4fca30:   0000007a4f4fcb08 00007fff8e0cb1bf
0x0000007a4f4fca40:   0000000000000000 00000000000001e8
0x0000007a4f4fca50:   0000000000007fd8 00007ffea75a665e
0x0000007a4f4fca60:   00007ffea8118150 0000000000000001
0x0000007a4f4fca70:   0000000000000000 0000000000000000
0x0000007a4f4fca80:   0000000000000000 0000000000000000
0x0000007a4f4fca90:   0000000000000000 00007ffea786dfaa
0x0000007a4f4fcaa0:   0000000000000000 0000000000007fd8 

Instructions: (pc=0x00007ffea786d93f)
0x00007ffea786d83f:   32 00 ff 47 28 49 83 c7 08 4d 3b fc 0f 82 71 ff
0x00007ffea786d84f:   ff ff 48 8b 5c 24 58 48 8b 6c 24 60 48 8b 74 24
0x00007ffea786d85f:   68 48 83 c4 20 41 5f 41 5e 41 5d 41 5c 5f c3 cc
0x00007ffea786d86f:   cc 48 89 5c 24 10 55 56 57 41 54 41 55 41 56 41
0x00007ffea786d87f:   57 48 83 ec 40 48 8b 41 08 4c 8b ea 4c 8b f1 ba
0x00007ffea786d88f:   08 00 00 00 8b 98 50 02 00 00 2b 98 78 02 00 00
0x00007ffea786d89f:   83 c3 08 8b cb e8 57 96 01 00 89 5c 24 24 4c 8b
0x00007ffea786d8af:   e0 48 89 44 24 28 85 db 7e 11 44 8b c3 33 d2 49
0x00007ffea786d8bf:   c1 e0 03 48 8b c8 e8 98 7a 5c 00 49 8b 7e 10 48
0x00007ffea786d8cf:   c7 44 24 30 00 00 00 00 85 db 75 25 ba 08 00 00
0x00007ffea786d8df:   00 c7 44 24 24 01 00 00 00 b9 01 00 00 00 e8 0e
0x00007ffea786d8ef:   96 01 00 4c 8b e0 33 c0 4c 89 64 24 28 49 89 04
0x00007ffea786d8ff:   24 8b 0d a2 0c 96 00 41 bf 01 00 00 00 65 48 8b
0x00007ffea786d90f:   04 25 58 00 00 00 49 89 3c 24 48 8d 04 c8 48 89
0x00007ffea786d91f:   84 24 80 00 00 00 66 66 66 0f 1f 84 00 00 00 00
0x00007ffea786d92f:   00 41 ff cf 49 63 c7 44 89 7c 24 20 49 8b 3c c4
0x00007ffea786d93f:   8b 77 28 8b de c1 eb 05 41 3b 5d 00 72 0a 8b d3
0x00007ffea786d94f:   49 8b cd e8 d9 0b 51 00 49 8b 45 08 83 e6 1f 48
0x00007ffea786d95f:   8d 14 98 40 0f b6 ce 41 b8 01 00 00 00 41 d3 e0
0x00007ffea786d96f:   8b 0a 8b c1 41 0b c0 89 02 41 85 c8 0f 85 26 02
0x00007ffea786d97f:   00 00 48 8b 07 48 8b cf ff 90 b0 00 00 00 84 c0
0x00007ffea786d98f:   74 67 8b 47 28 41 3b 46 68 73 0d 8b c8 49 8b 46
0x00007ffea786d99f:   78 48 83 3c c8 00 75 51 48 8b d7 49 8b ce e8 8e
0x00007ffea786d9af:   f3 ff ff 48 8b 47 08 4c 8b 00 41 8b 50 2c 8b c2
0x00007ffea786d9bf:   24 3f 3c 20 75 09 49 8b 40 08 4c 3b 00 eb 06 83
0x00007ffea786d9cf:   e2 0f 80 fa 09 0f 94 c0 84 c0 75 06 49 8b 40 08
0x00007ffea786d9df:   eb d5 41 8b 40 28 48 8b d7 4d 8b 46 78 49 8b ce
0x00007ffea786d9ef:   4d 8b 04 c0 e8 38 fd ff ff 8b 6f 1c 33 f6 ff cd
0x00007ffea786d9ff:   3b 6f 18 0f 82 5c 01 00 00 0f 1f 84 00 00 00 00
0x00007ffea786da0f:   00 48 8b 5f 08 48 8b 1c eb 48 85 db 0f 84 8e 00
0x00007ffea786da1f:   00 00 48 8b 03 48 8b cb ff 50 20 48 85 c0 75 58
0x00007ffea786da2f:   8b 4b 2c 8b c1 24 3f 3c 20 75 09 48 8b 43 08 48 


Stack slot to memory mapping:

stack at sp + 0 slots: 0x0000007a4f4fcdf0 is pointing into the stack for thread: 0x0000022ce50036d0
stack at sp + 1 slots: 0x0 is null
stack at sp + 2 slots: 0x000000000000008d is an unknown value
stack at sp + 3 slots: 0x0000000000000003 is an unknown value
stack at sp + 4 slots: 0x00001b8d000008eb is an unknown value
stack at sp + 5 slots: 0x0000022ce4c49cc0 points into unknown readable memory: 0x0000022ce42a2400 | 00 24 2a e4 2c 02 00 00
stack at sp + 6 slots: 0x0 is null
stack at sp + 7 slots: 0x0000022cc4a10000 points into unknown readable memory: 0x0000000000000000 | 00 00 00 00 00 00 00 00


---------------  P R O C E S S  ---------------

Threads class SMR info:
_java_thread_list=0x0000022ce542ad00, length=22, elements={
0x0000022cc6dcf880, 0x0000022cc6d7de80, 0x0000022cc6e72b50, 0x0000022cc6e77dd0,
0x0000022cc6e78830, 0x0000022cc6e7a960, 0x0000022cc6e83a00, 0x0000022cdeadcf90,
0x0000022cc6e8e330, 0x0000022cdec7d6b0, 0x0000022cded1cfe0, 0x0000022cdee12f70,
0x0000022ce459ab90, 0x0000022ce48b61a0, 0x0000022ce48b5480, 0x0000022ce48b4760,
0x0000022ce48b7be0, 0x0000022ce48b7550, 0x0000022ce48b6830, 0x0000022ce48b6ec0,
0x0000022ce50036d0, 0x0000022ce48b4df0
}

Java Threads: ( => current thread )
  0x0000022cc6dcf880 JavaThread "main"                              [_thread_blocked, id=10428, stack(0x0000007a4d400000,0x0000007a4d500000) (1024K)]
  0x0000022cc6d7de80 JavaThread "Reference Handler"          daemon [_thread_blocked, id=4848, stack(0x0000007a4d800000,0x0000007a4d900000) (1024K)]
  0x0000022cc6e72b50 JavaThread "Finalizer"                  daemon [_thread_blocked, id=5572, stack(0x0000007a4d900000,0x0000007a4da00000) (1024K)]
  0x0000022cc6e77dd0 JavaThread "Signal Dispatcher"          daemon [_thread_blocked, id=3620, stack(0x0000007a4da00000,0x0000007a4db00000) (1024K)]
  0x0000022cc6e78830 JavaThread "Attach Listener"            daemon [_thread_blocked, id=13636, stack(0x0000007a4db00000,0x0000007a4dc00000) (1024K)]
  0x0000022cc6e7a960 JavaThread "Service Thread"             daemon [_thread_blocked, id=24528, stack(0x0000007a4dc00000,0x0000007a4dd00000) (1024K)]
  0x0000022cc6e83a00 JavaThread "Monitor Deflation Thread"   daemon [_thread_blocked, id=5984, stack(0x0000007a4dd00000,0x0000007a4de00000) (1024K)]
  0x0000022cdeadcf90 JavaThread "C2 CompilerThread0"         daemon [_thread_in_native, id=26600, stack(0x0000007a4de00000,0x0000007a4df00000) (1024K)]
  0x0000022cc6e8e330 JavaThread "C1 CompilerThread0"         daemon [_thread_blocked, id=16188, stack(0x0000007a4df00000,0x0000007a4e000000) (1024K)]
  0x0000022cdec7d6b0 JavaThread "C2 CompilerThread1"         daemon [_thread_in_native, id=22408, stack(0x0000007a4e000000,0x0000007a4e100000) (1024K)]
  0x0000022cded1cfe0 JavaThread "Common-Cleaner"             daemon [_thread_blocked, id=3824, stack(0x0000007a4e100000,0x0000007a4e200000) (1024K)]
  0x0000022cdee12f70 JavaThread "Notification Thread"        daemon [_thread_blocked, id=8340, stack(0x0000007a4e200000,0x0000007a4e300000) (1024K)]
  0x0000022ce459ab90 JavaThread "Active Thread: Equinox Container: aac8be67-1d3e-48ad-ab3c-a9d16bbadb79"        [_thread_blocked, id=8968, stack(0x0000007a4ea00000,0x0000007a4eb00000) (1024K)]
  0x0000022ce48b61a0 JavaThread "Framework Event Dispatcher: Equinox Container: aac8be67-1d3e-48ad-ab3c-a9d16bbadb79" daemon [_thread_blocked, id=22232, stack(0x0000007a4eb00000,0x0000007a4ec00000) (1024K)]
  0x0000022ce48b5480 JavaThread "Start Level: Equinox Container: aac8be67-1d3e-48ad-ab3c-a9d16bbadb79" daemon [_thread_in_vm, id=8136, stack(0x0000007a4ec00000,0x0000007a4ed00000) (1024K)]
  0x0000022ce48b4760 JavaThread "SCR Component Actor"        daemon [_thread_blocked, id=17776, stack(0x0000007a4ee00000,0x0000007a4ef00000) (1024K)]
  0x0000022ce48b7be0 JavaThread "Worker-JM"                         [_thread_blocked, id=7376, stack(0x0000007a4e300000,0x0000007a4e400000) (1024K)]
  0x0000022ce48b7550 JavaThread "JNA Cleaner"                daemon [_thread_blocked, id=10380, stack(0x0000007a4f100000,0x0000007a4f200000) (1024K)]
  0x0000022ce48b6830 JavaThread "Worker-0"                          [_thread_blocked, id=14152, stack(0x0000007a4f200000,0x0000007a4f300000) (1024K)]
  0x0000022ce48b6ec0 JavaThread "Worker-1"                          [_thread_blocked, id=3952, stack(0x0000007a4f300000,0x0000007a4f400000) (1024K)]
=>0x0000022ce50036d0 JavaThread "C2 CompilerThread2"         daemon [_thread_in_native, id=6352, stack(0x0000007a4f400000,0x0000007a4f500000) (1024K)]
  0x0000022ce48b4df0 JavaThread "Java indexing"              daemon [_thread_blocked, id=2740, stack(0x0000007a4f500000,0x0000007a4f600000) (1024K)]
Total: 22

Other Threads:
  0x0000022cc6e70a80 VMThread "VM Thread"                           [id=26500, stack(0x0000007a4d700000,0x0000007a4d800000) (1024K)]
  0x0000022cc6c5ca00 WatcherThread "VM Periodic Task Thread"        [id=3720, stack(0x0000007a4d600000,0x0000007a4d700000) (1024K)]
  0x0000022cc6deda60 WorkerThread "GC Thread#0"                     [id=25920, stack(0x0000007a4d500000,0x0000007a4d600000) (1024K)]
  0x0000022ce451dd80 WorkerThread "GC Thread#1"                     [id=7116, stack(0x0000007a4e400000,0x0000007a4e500000) (1024K)]
  0x0000022ce45222e0 WorkerThread "GC Thread#2"                     [id=14432, stack(0x0000007a4e500000,0x0000007a4e600000) (1024K)]
  0x0000022ce4522690 WorkerThread "GC Thread#3"                     [id=3260, stack(0x0000007a4e600000,0x0000007a4e700000) (1024K)]
  0x0000022ce4522a40 WorkerThread "GC Thread#4"                     [id=14680, stack(0x0000007a4e700000,0x0000007a4e800000) (1024K)]
  0x0000022ce48220d0 WorkerThread "GC Thread#5"                     [id=26580, stack(0x0000007a4e800000,0x0000007a4e900000) (1024K)]
  0x0000022ce4822480 WorkerThread "GC Thread#6"                     [id=1820, stack(0x0000007a4e900000,0x0000007a4ea00000) (1024K)]
  0x0000022ce4588230 WorkerThread "GC Thread#7"                     [id=10772, stack(0x0000007a4ed00000,0x0000007a4ee00000) (1024K)]
  0x0000022ce4b37b50 WorkerThread "GC Thread#8"                     [id=12504, stack(0x0000007a4ef00000,0x0000007a4f000000) (1024K)]
  0x0000022ce4b37f00 WorkerThread "GC Thread#9"                     [id=16972, stack(0x0000007a4f000000,0x0000007a4f100000) (1024K)]
Total: 12

Threads with active compile tasks:
C2 CompilerThread0  2763 2914       4       java.util.ImmutableCollections$SetN::probe (56 bytes)
C1 CompilerThread0  2763 2915       3       java.lang.invoke.DirectMethodHandle$Constructor::viewAsType (49 bytes)
C2 CompilerThread1  2763 2913       4       java.util.regex.Matcher::search (154 bytes)
C2 CompilerThread2  2763 2746       4       org.lombokweb.asm.ClassReader::readMethod (1070 bytes)
Total: 4

VM state: not at safepoint (normal execution)

VM Mutex/Monitor currently owned by a thread: None

Heap address: 0x0000000080000000, size: 2048 MB, Compressed Oops mode: 32-bit

CDS archive(s) mapped at: [0x0000022c80000000-0x0000022c80ba0000-0x0000022c80ba0000), size 12189696, SharedBaseAddress: 0x0000022c80000000, ArchiveRelocationMode: 1.
Compressed class space mapped at: 0x0000022c81000000-0x0000022cc1000000, reserved size: 1073741824
Narrow klass base: 0x0000022c80000000, Narrow klass shift: 0, Narrow klass range: 0x100000000

GC Precious Log:
 CardTable entry size: 512
 CPUs: 12 total, 12 available
 Memory: 15740M
 Large Page Support: Disabled
 NUMA Support: Disabled
 Compressed Oops: Enabled (32-bit)
 Alignments: Space 512K, Generation 512K, Heap 2M
 Heap Min Capacity: 100M
 Heap Initial Capacity: 100M
 Heap Max Capacity: 2G
 Pre-touch: Disabled
 Parallel Workers: 10

Heap:
 PSYoungGen      total 27136K, used 4316K [0x00000000d5580000, 0x00000000d7480000, 0x0000000100000000)
  eden space 24576K, 7% used [0x00000000d5580000,0x00000000d575d000,0x00000000d6d80000)
  from space 2560K, 94% used [0x00000000d6e00000,0x00000000d705a2b0,0x00000000d7080000)
  to   space 3584K, 0% used [0x00000000d7100000,0x00000000d7100000,0x00000000d7480000)
 ParOldGen       total 68608K, used 8829K [0x0000000080000000, 0x0000000084300000, 0x00000000d5580000)
  object space 68608K, 12% used [0x0000000080000000,0x000000008089f4d0,0x0000000084300000)
 Metaspace       used 23147K, committed 23872K, reserved 1114112K
  class space    used 2247K, committed 2560K, reserved 1048576K

Card table byte_map: [0x0000022cc6770000,0x0000022cc6b80000] _byte_map_base: 0x0000022cc6370000

Marking Bits: (ParMarkBitMap*) 0x00007ffea81a3450
 Begin Bits: [0x0000022cd9280000, 0x0000022cdb280000)
 End Bits:   [0x0000022cdb280000, 0x0000022cdd280000)

Polling page: 0x0000022cc4bc0000

Metaspace:

Usage:
  Non-class:     20.41 MB used.
      Class:      2.19 MB used.
       Both:     22.60 MB used.

Virtual space:
  Non-class space:       64.00 MB reserved,      20.81 MB ( 33%) committed,  1 nodes.
      Class space:        1.00 GB reserved,       2.50 MB ( <1%) committed,  1 nodes.
             Both:        1.06 GB reserved,      23.31 MB (  2%) committed. 

Chunk freelists:
   Non-Class:  11.22 MB
       Class:  13.51 MB
        Both:  24.73 MB

MaxMetaspaceSize: unlimited
CompressedClassSpaceSize: 1.00 GB
Initial GC threshold: 21.00 MB
Current GC threshold: 35.00 MB
CDS: on
 - commit_granule_bytes: 65536.
 - commit_granule_words: 8192.
 - virtual_space_node_default_size: 8388608.
 - enlarge_chunks_in_place: 1.
 - use_allocation_guard: 0.


Internal statistics:

num_allocs_failed_limit: 3.
num_arena_births: 516.
num_arena_deaths: 14.
num_vsnodes_births: 2.
num_vsnodes_deaths: 0.
num_space_committed: 373.
num_space_uncommitted: 0.
num_chunks_returned_to_freelist: 17.
num_chunks_taken_from_freelist: 1385.
num_chunk_merges: 9.
num_chunk_splits: 907.
num_chunks_enlarged: 600.
num_inconsistent_stats: 0.

CodeHeap 'non-profiled nmethods': size=120000Kb used=1327Kb max_used=1327Kb free=118673Kb
 bounds [0x0000022cd1aa0000, 0x0000022cd1d10000, 0x0000022cd8fd0000]
CodeHeap 'profiled nmethods': size=120000Kb used=5636Kb max_used=5636Kb free=114363Kb
 bounds [0x0000022cc9fd0000, 0x0000022cca560000, 0x0000022cd1500000]
CodeHeap 'non-nmethods': size=5760Kb used=1320Kb max_used=1350Kb free=4440Kb
 bounds [0x0000022cd1500000, 0x0000022cd1770000, 0x0000022cd1aa0000]
CodeCache: size=245760Kb, used=8283Kb, max_used=8313Kb, free=237476Kb
 total_blobs=3516, nmethods=2909, adapters=513, full_count=0
Compilation: enabled, stopped_count=0, restarted_count=0

Compilation events (20 events):
Event: 2.588 Thread 0x0000022cc6e8e330 2786       3       org.eclipse.core.internal.preferences.PreferencesService::getRootNode (4 bytes)
Event: 2.588 Thread 0x0000022cc6e8e330 nmethod 2786 0x0000022cca506910 code [0x0000022cca506aa0, 0x0000022cca506bb8]
Event: 2.588 Thread 0x0000022cc6e8e330 2787       3       org.eclipse.core.internal.preferences.RootPreferences::node (7 bytes)
Event: 2.589 Thread 0x0000022cc6e8e330 nmethod 2787 0x0000022cca506c90 code [0x0000022cca506e40, 0x0000022cca506f88]
Event: 2.589 Thread 0x0000022cc6e8e330 2788       3       org.eclipse.core.internal.preferences.RootPreferences::getNode (135 bytes)
Event: 2.590 Thread 0x0000022cc6e8e330 nmethod 2788 0x0000022cca507010 code [0x0000022cca507360, 0x0000022cca508700]
Event: 2.590 Thread 0x0000022cc6e8e330 2791       3       org.eclipse.core.internal.preferences.DefaultPreferences::getLoadLevel (52 bytes)
Event: 2.590 Thread 0x0000022cc6e8e330 nmethod 2791 0x0000022cca508e10 code [0x0000022cca509000, 0x0000022cca509650]
Event: 2.590 Thread 0x0000022cc6e8e330 2792       3       org.eclipse.core.internal.preferences.DefaultPreferences::getScopeRelativePath (43 bytes)
Event: 2.590 Thread 0x0000022cc6e8e330 nmethod 2792 0x0000022cca509890 code [0x0000022cca509aa0, 0x0000022cca50a058]
Event: 2.590 Thread 0x0000022cc6e8e330 2793       3       org.eclipse.core.internal.preferences.DefaultPreferences::internalPut (66 bytes)
Event: 2.591 Thread 0x0000022cc6e8e330 nmethod 2793 0x0000022cca50a290 code [0x0000022cca50a500, 0x0000022cca50af38]
Event: 2.591 Thread 0x0000022cc6e8e330 2789   !   3       org.eclipse.core.internal.preferences.EclipsePreferences::getOrCreate (108 bytes)
Event: 2.591 Thread 0x0000022cc6e8e330 nmethod 2789 0x0000022cca50b310 code [0x0000022cca50b560, 0x0000022cca50c020]
Event: 2.591 Thread 0x0000022cc6e8e330 2790       3       org.eclipse.core.internal.preferences.PreferencesService::getDefault (20 bytes)
Event: 2.591 Thread 0x0000022cc6e8e330 nmethod 2790 0x0000022cca50c410 code [0x0000022cca50c5c0, 0x0000022cca50c7b8]
Event: 2.597 Thread 0x0000022cc6e8e330 2794       3       java.io.BufferedInputStream::implRead (112 bytes)
Event: 2.598 Thread 0x0000022cc6e8e330 nmethod 2794 0x0000022cca50c890 code [0x0000022cca50cac0, 0x0000022cca50d208]
Event: 2.598 Thread 0x0000022cc6e8e330 2795   !   3       java.io.BufferedInputStream::read (69 bytes)
Event: 2.598 Thread 0x0000022cc6e8e330 nmethod 2795 0x0000022cca50d490 code [0x0000022cca50d720, 0x0000022cca50e360]

GC Heap History (14 events):
Event: 0.700 GC heap before
{Heap before GC invocations=1 (full 0):
 PSYoungGen      total 29696K, used 25600K [0x00000000d5580000, 0x00000000d7680000, 0x0000000100000000)
  eden space 25600K, 100% used [0x00000000d5580000,0x00000000d6e80000,0x00000000d6e80000)
  from space 4096K, 0% used [0x00000000d7280000,0x00000000d7280000,0x00000000d7680000)
  to   space 4096K, 0% used [0x00000000d6e80000,0x00000000d6e80000,0x00000000d7280000)
 ParOldGen       total 68608K, used 0K [0x0000000080000000, 0x0000000084300000, 0x00000000d5580000)
  object space 68608K, 0% used [0x0000000080000000,0x0000000080000000,0x0000000084300000)
 Metaspace       used 4353K, committed 4608K, reserved 1114112K
  class space    used 474K, committed 576K, reserved 1048576K
}
Event: 0.709 GC heap after
{Heap after GC invocations=1 (full 0):
 PSYoungGen      total 29696K, used 3303K [0x00000000d5580000, 0x00000000d7680000, 0x0000000100000000)
  eden space 25600K, 0% used [0x00000000d5580000,0x00000000d5580000,0x00000000d6e80000)
  from space 4096K, 80% used [0x00000000d6e80000,0x00000000d71b9e98,0x00000000d7280000)
  to   space 4096K, 0% used [0x00000000d7280000,0x00000000d7280000,0x00000000d7680000)
 ParOldGen       total 68608K, used 16K [0x0000000080000000, 0x0000000084300000, 0x00000000d5580000)
  object space 68608K, 0% used [0x0000000080000000,0x0000000080004000,0x0000000084300000)
 Metaspace       used 4353K, committed 4608K, reserved 1114112K
  class space    used 474K, committed 576K, reserved 1048576K
}
Event: 1.392 GC heap before
{Heap before GC invocations=2 (full 0):
 PSYoungGen      total 29696K, used 28903K [0x00000000d5580000, 0x00000000d7680000, 0x0000000100000000)
  eden space 25600K, 100% used [0x00000000d5580000,0x00000000d6e80000,0x00000000d6e80000)
  from space 4096K, 80% used [0x00000000d6e80000,0x00000000d71b9e98,0x00000000d7280000)
  to   space 4096K, 0% used [0x00000000d7280000,0x00000000d7280000,0x00000000d7680000)
 ParOldGen       total 68608K, used 16K [0x0000000080000000, 0x0000000084300000, 0x00000000d5580000)
  object space 68608K, 0% used [0x0000000080000000,0x0000000080004000,0x0000000084300000)
 Metaspace       used 8151K, committed 8448K, reserved 1114112K
  class space    used 868K, committed 1024K, reserved 1048576K
}
Event: 1.396 GC heap after
{Heap after GC invocations=2 (full 0):
 PSYoungGen      total 29696K, used 4091K [0x00000000d5580000, 0x00000000d7680000, 0x0000000100000000)
  eden space 25600K, 0% used [0x00000000d5580000,0x00000000d5580000,0x00000000d6e80000)
  from space 4096K, 99% used [0x00000000d7280000,0x00000000d767efe8,0x00000000d7680000)
  to   space 4096K, 0% used [0x00000000d6e80000,0x00000000d6e80000,0x00000000d7280000)
 ParOldGen       total 68608K, used 1148K [0x0000000080000000, 0x0000000084300000, 0x00000000d5580000)
  object space 68608K, 1% used [0x0000000080000000,0x000000008011f010,0x0000000084300000)
 Metaspace       used 8151K, committed 8448K, reserved 1114112K
  class space    used 868K, committed 1024K, reserved 1048576K
}
Event: 1.853 GC heap before
{Heap before GC invocations=3 (full 0):
 PSYoungGen      total 29696K, used 29691K [0x00000000d5580000, 0x00000000d7680000, 0x0000000100000000)
  eden space 25600K, 100% used [0x00000000d5580000,0x00000000d6e80000,0x00000000d6e80000)
  from space 4096K, 99% used [0x00000000d7280000,0x00000000d767efe8,0x00000000d7680000)
  to   space 4096K, 0% used [0x00000000d6e80000,0x00000000d6e80000,0x00000000d7280000)
 ParOldGen       total 68608K, used 1148K [0x0000000080000000, 0x0000000084300000, 0x00000000d5580000)
  object space 68608K, 1% used [0x0000000080000000,0x000000008011f010,0x0000000084300000)
 Metaspace       used 12978K, committed 13568K, reserved 1114112K
  class space    used 1380K, committed 1664K, reserved 1048576K
}
Event: 1.856 GC heap after
{Heap after GC invocations=3 (full 0):
 PSYoungGen      total 29696K, used 4068K [0x00000000d5580000, 0x00000000d7680000, 0x0000000100000000)
  eden space 25600K, 0% used [0x00000000d5580000,0x00000000d5580000,0x00000000d6e80000)
  from space 4096K, 99% used [0x00000000d6e80000,0x00000000d7279128,0x00000000d7280000)
  to   space 4096K, 0% used [0x00000000d7280000,0x00000000d7280000,0x00000000d7680000)
 ParOldGen       total 68608K, used 2912K [0x0000000080000000, 0x0000000084300000, 0x00000000d5580000)
  object space 68608K, 4% used [0x0000000080000000,0x00000000802d8258,0x0000000084300000)
 Metaspace       used 12978K, committed 13568K, reserved 1114112K
  class space    used 1380K, committed 1664K, reserved 1048576K
}
Event: 2.254 GC heap before
{Heap before GC invocations=4 (full 0):
 PSYoungGen      total 29696K, used 29668K [0x00000000d5580000, 0x00000000d7680000, 0x0000000100000000)
  eden space 25600K, 100% used [0x00000000d5580000,0x00000000d6e80000,0x00000000d6e80000)
  from space 4096K, 99% used [0x00000000d6e80000,0x00000000d7279128,0x00000000d7280000)
  to   space 4096K, 0% used [0x00000000d7280000,0x00000000d7280000,0x00000000d7680000)
 ParOldGen       total 68608K, used 2912K [0x0000000080000000, 0x0000000084300000, 0x00000000d5580000)
  object space 68608K, 4% used [0x0000000080000000,0x00000000802d8258,0x0000000084300000)
 Metaspace       used 17090K, committed 17792K, reserved 1114112K
  class space    used 1798K, committed 2112K, reserved 1048576K
}
Event: 2.256 GC heap after
{Heap after GC invocations=4 (full 0):
 PSYoungGen      total 29696K, used 4086K [0x00000000d5580000, 0x00000000d7680000, 0x0000000100000000)
  eden space 25600K, 0% used [0x00000000d5580000,0x00000000d5580000,0x00000000d6e80000)
  from space 4096K, 99% used [0x00000000d7280000,0x00000000d767da28,0x00000000d7680000)
  to   space 4096K, 0% used [0x00000000d6e80000,0x00000000d6e80000,0x00000000d7280000)
 ParOldGen       total 68608K, used 4521K [0x0000000080000000, 0x0000000084300000, 0x00000000d5580000)
  object space 68608K, 6% used [0x0000000080000000,0x000000008046a490,0x0000000084300000)
 Metaspace       used 17090K, committed 17792K, reserved 1114112K
  class space    used 1798K, committed 2112K, reserved 1048576K
}
Event: 2.455 GC heap before
{Heap before GC invocations=5 (full 0):
 PSYoungGen      total 29696K, used 29686K [0x00000000d5580000, 0x00000000d7680000, 0x0000000100000000)
  eden space 25600K, 100% used [0x00000000d5580000,0x00000000d6e80000,0x00000000d6e80000)
  from space 4096K, 99% used [0x00000000d7280000,0x00000000d767da28,0x00000000d7680000)
  to   space 4096K, 0% used [0x00000000d6e80000,0x00000000d6e80000,0x00000000d7280000)
 ParOldGen       total 68608K, used 4521K [0x0000000080000000, 0x0000000084300000, 0x00000000d5580000)
  object space 68608K, 6% used [0x0000000080000000,0x000000008046a490,0x0000000084300000)
 Metaspace       used 20317K, committed 21056K, reserved 1114112K
  class space    used 2019K, committed 2368K, reserved 1048576K
}
Event: 2.456 GC heap after
{Heap after GC invocations=5 (full 0):
 PSYoungGen      total 29184K, used 4084K [0x00000000d5580000, 0x00000000d7800000, 0x0000000100000000)
  eden space 25088K, 0% used [0x00000000d5580000,0x00000000d5580000,0x00000000d6e00000)
  from space 4096K, 99% used [0x00000000d6e80000,0x00000000d727d210,0x00000000d7280000)
  to   space 5120K, 0% used [0x00000000d7300000,0x00000000d7300000,0x00000000d7800000)
 ParOldGen       total 68608K, used 5004K [0x0000000080000000, 0x0000000084300000, 0x00000000d5580000)
  object space 68608K, 7% used [0x0000000080000000,0x00000000804e3160,0x0000000084300000)
 Metaspace       used 20317K, committed 21056K, reserved 1114112K
  class space    used 2019K, committed 2368K, reserved 1048576K
}
Event: 2.485 GC heap before
{Heap before GC invocations=6 (full 0):
 PSYoungGen      total 29184K, used 10107K [0x00000000d5580000, 0x00000000d7800000, 0x0000000100000000)
  eden space 25088K, 24% used [0x00000000d5580000,0x00000000d5b61b80,0x00000000d6e00000)
  from space 4096K, 99% used [0x00000000d6e80000,0x00000000d727d210,0x00000000d7280000)
  to   space 5120K, 0% used [0x00000000d7300000,0x00000000d7300000,0x00000000d7800000)
 ParOldGen       total 68608K, used 5004K [0x0000000080000000, 0x0000000084300000, 0x00000000d5580000)
  object space 68608K, 7% used [0x0000000080000000,0x00000000804e3160,0x0000000084300000)
 Metaspace       used 20847K, committed 21504K, reserved 1114112K
  class space    used 2057K, committed 2368K, reserved 1048576K
}
Event: 2.488 GC heap after
{Heap after GC invocations=6 (full 0):
 PSYoungGen      total 30208K, used 4632K [0x00000000d5580000, 0x00000000d7800000, 0x0000000100000000)
  eden space 25088K, 0% used [0x00000000d5580000,0x00000000d5580000,0x00000000d6e00000)
  from space 5120K, 90% used [0x00000000d7300000,0x00000000d7786390,0x00000000d7800000)
  to   space 5120K, 0% used [0x00000000d6e00000,0x00000000d6e00000,0x00000000d7300000)
 ParOldGen       total 68608K, used 5012K [0x0000000080000000, 0x0000000084300000, 0x00000000d5580000)
  object space 68608K, 7% used [0x0000000080000000,0x00000000804e5160,0x0000000084300000)
 Metaspace       used 20847K, committed 21504K, reserved 1114112K
  class space    used 2057K, committed 2368K, reserved 1048576K
}
Event: 2.488 GC heap before
{Heap before GC invocations=7 (full 1):
 PSYoungGen      total 30208K, used 4632K [0x00000000d5580000, 0x00000000d7800000, 0x0000000100000000)
  eden space 25088K, 0% used [0x00000000d5580000,0x00000000d5580000,0x00000000d6e00000)
  from space 5120K, 90% used [0x00000000d7300000,0x00000000d7786390,0x00000000d7800000)
  to   space 5120K, 0% used [0x00000000d6e00000,0x00000000d6e00000,0x00000000d7300000)
 ParOldGen       total 68608K, used 5012K [0x0000000080000000, 0x0000000084300000, 0x00000000d5580000)
  object space 68608K, 7% used [0x0000000080000000,0x00000000804e5160,0x0000000084300000)
 Metaspace       used 20847K, committed 21504K, reserved 1114112K
  class space    used 2057K, committed 2368K, reserved 1048576K
}
Event: 2.509 GC heap after
{Heap after GC invocations=7 (full 1):
 PSYoungGen      total 30208K, used 0K [0x00000000d5580000, 0x00000000d7800000, 0x0000000100000000)
  eden space 25088K, 0% used [0x00000000d5580000,0x00000000d5580000,0x00000000d6e00000)
  from space 5120K, 0% used [0x00000000d7300000,0x00000000d7300000,0x00000000d7800000)
  to   space 5120K, 0% used [0x00000000d6e00000,0x00000000d6e00000,0x00000000d7300000)
 ParOldGen       total 68608K, used 8821K [0x0000000080000000, 0x0000000084300000, 0x00000000d5580000)
  object space 68608K, 12% used [0x0000000080000000,0x000000008089d4d0,0x0000000084300000)
 Metaspace       used 20835K, committed 21504K, reserved 1114112K
  class space    used 2053K, committed 2368K, reserved 1048576K
}

Dll operation events (10 events):
Event: 0.027 Loaded shared library c:\Users\camil\.vscode\extensions\redhat.java-1.54.0-win32-x64\jre\21.0.10-win32-x86_64\bin\java.dll
Event: 0.132 Loaded shared library c:\Users\camil\.vscode\extensions\redhat.java-1.54.0-win32-x64\jre\21.0.10-win32-x86_64\bin\zip.dll
Event: 0.152 Loaded shared library C:\Users\camil\.vscode\extensions\redhat.java-1.54.0-win32-x64\jre\21.0.10-win32-x86_64\bin\instrument.dll
Event: 0.158 Loaded shared library C:\Users\camil\.vscode\extensions\redhat.java-1.54.0-win32-x64\jre\21.0.10-win32-x86_64\bin\net.dll
Event: 0.161 Loaded shared library C:\Users\camil\.vscode\extensions\redhat.java-1.54.0-win32-x64\jre\21.0.10-win32-x86_64\bin\nio.dll
Event: 0.163 Loaded shared library C:\Users\camil\.vscode\extensions\redhat.java-1.54.0-win32-x64\jre\21.0.10-win32-x86_64\bin\zip.dll
Event: 0.181 Loaded shared library C:\Users\camil\.vscode\extensions\redhat.java-1.54.0-win32-x64\jre\21.0.10-win32-x86_64\bin\jimage.dll
Event: 0.247 Loaded shared library c:\Users\camil\.vscode\extensions\redhat.java-1.54.0-win32-x64\jre\21.0.10-win32-x86_64\bin\verify.dll
Event: 1.372 Loaded shared library C:\Users\camil\AppData\Roaming\Code\User\globalStorage\redhat.java\1.54.0\config_ss_win\org.eclipse.equinox.launcher\org.eclipse.equinox.launcher.win32.win32.x86_64_1.3.0.v20260203-2149\eclipse_11919.dll
Event: 2.102 Loaded shared library C:\Users\camil\AppData\Local\Temp\jna-94426418\jna8439021416457203049.dll

Deoptimization events (20 events):
Event: 2.220 Thread 0x0000022ce48b5480 Uncommon trap: trap_request=0xffffffde fr.pc=0x0000022cd1b92c14 relative=0x00000000000003b4
Event: 2.220 Thread 0x0000022ce48b5480 Uncommon trap: reason=class_check action=maybe_recompile pc=0x0000022cd1b92c14 method=java.util.regex.Pattern$BmpCharPropertyGreedy.match(Ljava/util/regex/Matcher;ILjava/lang/CharSequence;)Z @ 70 c2
Event: 2.220 Thread 0x0000022ce48b5480 DEOPT PACKING pc=0x0000022cd1b92c14 sp=0x0000007a4ecf3210
Event: 2.220 Thread 0x0000022ce48b5480 DEOPT UNPACKING pc=0x0000022cd1553aa2 sp=0x0000007a4ecf31b8 mode 2
Event: 2.220 Thread 0x0000022ce48b5480 Uncommon trap: trap_request=0xffffffde fr.pc=0x0000022cd1b92c14 relative=0x00000000000003b4
Event: 2.220 Thread 0x0000022ce48b5480 Uncommon trap: reason=class_check action=maybe_recompile pc=0x0000022cd1b92c14 method=java.util.regex.Pattern$BmpCharPropertyGreedy.match(Ljava/util/regex/Matcher;ILjava/lang/CharSequence;)Z @ 70 c2
Event: 2.220 Thread 0x0000022ce48b5480 DEOPT PACKING pc=0x0000022cd1b92c14 sp=0x0000007a4ecf33d0
Event: 2.220 Thread 0x0000022ce48b5480 DEOPT UNPACKING pc=0x0000022cd1553aa2 sp=0x0000007a4ecf3378 mode 2
Event: 2.220 Thread 0x0000022ce48b5480 Uncommon trap: trap_request=0xffffffde fr.pc=0x0000022cd1b92c14 relative=0x00000000000003b4
Event: 2.220 Thread 0x0000022ce48b5480 Uncommon trap: reason=class_check action=maybe_recompile pc=0x0000022cd1b92c14 method=java.util.regex.Pattern$BmpCharPropertyGreedy.match(Ljava/util/regex/Matcher;ILjava/lang/CharSequence;)Z @ 70 c2
Event: 2.220 Thread 0x0000022ce48b5480 DEOPT PACKING pc=0x0000022cd1b92c14 sp=0x0000007a4ecf3220
Event: 2.220 Thread 0x0000022ce48b5480 DEOPT UNPACKING pc=0x0000022cd1553aa2 sp=0x0000007a4ecf31c8 mode 2
Event: 2.457 Thread 0x0000022ce48b5480 Uncommon trap: trap_request=0xffffff45 fr.pc=0x0000022cd1bcd36c relative=0x000000000000014c
Event: 2.457 Thread 0x0000022ce48b5480 Uncommon trap: reason=unstable_if action=reinterpret pc=0x0000022cd1bcd36c method=org.lombokweb.asm.ByteVector.putByteArray([BII)Lorg/lombokweb/asm/ByteVector; @ 20 c2
Event: 2.457 Thread 0x0000022ce48b5480 DEOPT PACKING pc=0x0000022cd1bcd36c sp=0x0000007a4ecf28e0
Event: 2.457 Thread 0x0000022ce48b5480 DEOPT UNPACKING pc=0x0000022cd1553aa2 sp=0x0000007a4ecf28b0 mode 2
Event: 2.457 Thread 0x0000022ce48b5480 Uncommon trap: trap_request=0xffffff45 fr.pc=0x0000022cd1bbd624 relative=0x0000000000000364
Event: 2.457 Thread 0x0000022ce48b5480 Uncommon trap: reason=unstable_if action=reinterpret pc=0x0000022cd1bbd624 method=org.lombokweb.asm.Label.resolve([BLorg/lombokweb/asm/ByteVector;I)Z @ 81 c2
Event: 2.457 Thread 0x0000022ce48b5480 DEOPT PACKING pc=0x0000022cd1bbd624 sp=0x0000007a4ecf2970
Event: 2.457 Thread 0x0000022ce48b5480 DEOPT UNPACKING pc=0x0000022cd1553aa2 sp=0x0000007a4ecf2878 mode 2

Classes loaded (20 events):
Event: 2.218 Loading class java/io/StringReader
Event: 2.218 Loading class java/io/StringReader done
Event: 2.238 Loading class java/net/SocketTimeoutException
Event: 2.238 Loading class java/io/InterruptedIOException
Event: 2.238 Loading class java/io/InterruptedIOException done
Event: 2.238 Loading class java/net/SocketTimeoutException done
Event: 2.238 Loading class java/net/SocketException
Event: 2.238 Loading class java/net/SocketException done
Event: 2.238 Loading class java/net/UnknownHostException
Event: 2.238 Loading class java/net/UnknownHostException done
Event: 2.238 Loading class java/net/ProtocolException
Event: 2.238 Loading class java/net/ProtocolException done
Event: 2.253 Loading class java/lang/ThreadLocal$SuppliedThreadLocal
Event: 2.253 Loading class java/lang/ThreadLocal$SuppliedThreadLocal done
Event: 2.299 Loading class java/io/FileWriter
Event: 2.299 Loading class java/io/FileWriter done
Event: 2.304 Loading class java/lang/NegativeArraySizeException
Event: 2.304 Loading class java/lang/NegativeArraySizeException done
Event: 2.599 Loading class org/w3c/dom/DOMException
Event: 2.599 Loading class org/w3c/dom/DOMException done

Classes unloaded (7 events):
Event: 2.491 Thread 0x0000022cc6e70a80 Unloading class 0x0000022c81195400 'java/lang/invoke/LambdaForm$MH+0x0000022c81195400'
Event: 2.491 Thread 0x0000022cc6e70a80 Unloading class 0x0000022c81195000 'java/lang/invoke/LambdaForm$MH+0x0000022c81195000'
Event: 2.491 Thread 0x0000022cc6e70a80 Unloading class 0x0000022c81194c00 'java/lang/invoke/LambdaForm$MH+0x0000022c81194c00'
Event: 2.491 Thread 0x0000022cc6e70a80 Unloading class 0x0000022c81194800 'java/lang/invoke/LambdaForm$MH+0x0000022c81194800'
Event: 2.491 Thread 0x0000022cc6e70a80 Unloading class 0x0000022c81194400 'java/lang/invoke/LambdaForm$BMH+0x0000022c81194400'
Event: 2.491 Thread 0x0000022cc6e70a80 Unloading class 0x0000022c81194000 'java/lang/invoke/LambdaForm$DMH+0x0000022c81194000'
Event: 2.491 Thread 0x0000022cc6e70a80 Unloading class 0x0000022c81192c00 'java/lang/invoke/LambdaForm$DMH+0x0000022c81192c00'

Classes redefined (0 events):
No events

Internal exceptions (20 events):
Event: 2.129 Thread 0x0000022ce48b5480 Exception <a 'java/lang/NoSuchMethodError'{0x00000000d65356b0}: 'void java.lang.invoke.Invokers$Holder.invokeExact_MT(java.lang.Object, java.lang.Object, int, java.lang.Object)'> (0x00000000d65356b0) 
thrown [s\src\hotspot\share\interpreter\linkResolver.cpp, line 773]
Event: 2.148 Thread 0x0000022ce48b5480 Exception <a 'java/lang/NoSuchMethodError'{0x00000000d6639738}: 'java.lang.Object java.lang.invoke.DirectMethodHandle$Holder.invokeSpecial(java.lang.Object, java.lang.Object, java.lang.Object, long, java.lang.Object)'> (0x00000000d6639738) 
thrown [s\src\hotspot\share\interpreter\linkResolver.cpp, line 773]
Event: 2.149 Thread 0x0000022ce48b5480 Exception <a 'java/lang/NoSuchMethodError'{0x00000000d6640f80}: 'java.lang.Object java.lang.invoke.DirectMethodHandle$Holder.newInvokeSpecial(java.lang.Object, java.lang.Object, java.lang.Object, long)'> (0x00000000d6640f80) 
thrown [s\src\hotspot\share\interpreter\linkResolver.cpp, line 773]
Event: 2.149 Thread 0x0000022ce48b5480 Exception <a 'java/lang/NoSuchMethodError'{0x00000000d6645330}: 'java.lang.Object java.lang.invoke.DirectMethodHandle$Holder.invokeSpecial(java.lang.Object, java.lang.Object, java.lang.Object, java.lang.Object, long)'> (0x00000000d6645330) 
thrown [s\src\hotspot\share\interpreter\linkResolver.cpp, line 773]
Event: 2.149 Thread 0x0000022ce48b5480 Exception <a 'java/lang/NoSuchMethodError'{0x00000000d6648f50}: 'java.lang.Object java.lang.invoke.Invokers$Holder.linkToTargetMethod(java.lang.Object, java.lang.Object, long, java.lang.Object)'> (0x00000000d6648f50) 
thrown [s\src\hotspot\share\interpreter\linkResolver.cpp, line 773]
Event: 2.155 Thread 0x0000022ce48b5480 Exception <a 'java/lang/NoSuchMethodError'{0x00000000d66bb2b8}: 'int java.lang.invoke.DirectMethodHandle$Holder.invokeStaticInit(java.lang.Object, java.lang.Object, java.lang.Object)'> (0x00000000d66bb2b8) 
thrown [s\src\hotspot\share\interpreter\linkResolver.cpp, line 773]
Event: 2.161 Thread 0x0000022ce48b5480 Exception <a 'java/lang/IncompatibleClassChangeError'{0x00000000d674a998}: Found class java.lang.Object, but interface was expected> (0x00000000d674a998) 
thrown [s\src\hotspot\share\interpreter\linkResolver.cpp, line 840]
Event: 2.164 Thread 0x0000022ce48b5480 Exception <a 'java/lang/NoSuchMethodError'{0x00000000d675d5e0}: 'java.lang.Object java.lang.invoke.DirectMethodHandle$Holder.invokeSpecial(java.lang.Object, java.lang.Object, java.lang.Object, int, java.lang.Object, java.lang.Object)'> (0x00000000d675d5e0) 
thrown [s\src\hotspot\share\interpreter\linkResolver.cpp, line 773]
Event: 2.164 Thread 0x0000022ce48b5480 Exception <a 'java/lang/NoSuchMethodError'{0x00000000d67652f8}: 'java.lang.Object java.lang.invoke.DirectMethodHandle$Holder.newInvokeSpecial(java.lang.Object, java.lang.Object, java.lang.Object, int, java.lang.Object)'> (0x00000000d67652f8) 
thrown [s\src\hotspot\share\interpreter\linkResolver.cpp, line 773]
Event: 2.164 Thread 0x0000022ce48b5480 Exception <a 'java/lang/NoSuchMethodError'{0x00000000d6769278}: 'java.lang.Object java.lang.invoke.DirectMethodHandle$Holder.invokeSpecial(java.lang.Object, java.lang.Object, java.lang.Object, java.lang.Object, int, java.lang.Object)'> (0x00000000d6769278) 
thrown [s\src\hotspot\share\interpreter\linkResolver.cpp, line 773]
Event: 2.165 Thread 0x0000022ce48b5480 Exception <a 'java/lang/NoSuchMethodError'{0x00000000d676cdb8}: 'java.lang.Object java.lang.invoke.Invokers$Holder.linkToTargetMethod(java.lang.Object, java.lang.Object, int, java.lang.Object, java.lang.Object)'> (0x00000000d676cdb8) 
thrown [s\src\hotspot\share\interpreter\linkResolver.cpp, line 773]
Event: 2.165 Thread 0x0000022ce48b6830 Exception <a 'java/lang/NoSuchMethodError'{0x00000000d6694510}: 'java.lang.Object java.lang.invoke.DirectMethodHandle$Holder.invokeSpecial(java.lang.Object, java.lang.Object, int, java.lang.Object, java.lang.Object)'> (0x00000000d6694510) 
thrown [s\src\hotspot\share\interpreter\linkResolver.cpp, line 773]
Event: 2.165 Thread 0x0000022ce48b6830 Exception <a 'java/lang/NoSuchMethodError'{0x00000000d669b248}: 'java.lang.Object java.lang.invoke.DirectMethodHandle$Holder.newInvokeSpecial(java.lang.Object, java.lang.Object, int, java.lang.Object)'> (0x00000000d669b248) 
thrown [s\src\hotspot\share\interpreter\linkResolver.cpp, line 773]
Event: 2.165 Thread 0x0000022ce48b6830 Exception <a 'java/lang/NoSuchMethodError'{0x00000000d669eb28}: 'java.lang.Object java.lang.invoke.DirectMethodHandle$Holder.invokeSpecial(java.lang.Object, java.lang.Object, java.lang.Object, int, java.lang.Object)'> (0x00000000d669eb28) 
thrown [s\src\hotspot\share\interpreter\linkResolver.cpp, line 773]
Event: 2.176 Thread 0x0000022ce48b5480 Exception <a 'java/lang/NoSuchMethodError'{0x00000000d688b798}: 'void java.lang.invoke.DirectMethodHandle$Holder.invokeSpecial(java.lang.Object, java.lang.Object, java.lang.Object, java.lang.Object, java.lang.Object)'> (0x00000000d688b798) 
thrown [s\src\hotspot\share\interpreter\linkResolver.cpp, line 773]
Event: 2.204 Thread 0x0000022ce48b5480 Exception <a 'java/lang/NoSuchMethodError'{0x00000000d6a9c6d8}: 'double java.lang.invoke.DirectMethodHandle$Holder.invokeStatic(java.lang.Object, java.lang.Object)'> (0x00000000d6a9c6d8) 
thrown [s\src\hotspot\share\interpreter\linkResolver.cpp, line 773]
Event: 2.204 Thread 0x0000022ce48b5480 Exception <a 'java/lang/NoSuchMethodError'{0x00000000d6a9fd98}: 'double java.lang.invoke.DirectMethodHandle$Holder.invokeStaticInit(java.lang.Object, java.lang.Object)'> (0x00000000d6a9fd98) 
thrown [s\src\hotspot\share\interpreter\linkResolver.cpp, line 773]
Event: 2.457 Thread 0x0000022ce48b5480 Implicit null exception at 0x0000022cd1bcd275 to 0x0000022cd1bcd350
Event: 2.589 Thread 0x0000022ce48b5480 Exception <a 'java/io/FileNotFoundException'{0x00000000d63e79b0}> (0x00000000d63e79b0) 
thrown [s\src\hotspot\share\prims\jni.cpp, line 520]
Event: 2.589 Thread 0x0000022ce48b5480 Exception <a 'java/io/FileNotFoundException'{0x00000000d63e89e8}> (0x00000000d63e89e8) 
thrown [s\src\hotspot\share\prims\jni.cpp, line 520]

ZGC Phase Switch (0 events):
No events

VM Operations (20 events):
Event: 1.523 Executing non-safepoint VM operation: HandshakeAllThreads (Deoptimize)
Event: 1.523 Executing non-safepoint VM operation: HandshakeAllThreads (Deoptimize) done
Event: 1.734 Executing non-safepoint VM operation: HandshakeAllThreads (Deoptimize)
Event: 1.734 Executing non-safepoint VM operation: HandshakeAllThreads (Deoptimize) done
Event: 1.853 Executing safepoint VM operation: ParallelGCFailedAllocation (Allocation Failure)
Event: 1.856 Executing safepoint VM operation: ParallelGCFailedAllocation (Allocation Failure) done
Event: 1.914 Executing non-safepoint VM operation: HandshakeAllThreads (Deoptimize)
Event: 1.914 Executing non-safepoint VM operation: HandshakeAllThreads (Deoptimize) done
Event: 1.918 Executing non-safepoint VM operation: HandshakeAllThreads (Deoptimize)
Event: 1.918 Executing non-safepoint VM operation: HandshakeAllThreads (Deoptimize) done
Event: 1.935 Executing non-safepoint VM operation: HandshakeAllThreads (Deoptimize)
Event: 1.935 Executing non-safepoint VM operation: HandshakeAllThreads (Deoptimize) done
Event: 2.109 Executing non-safepoint VM operation: HandshakeAllThreads (Deoptimize)
Event: 2.109 Executing non-safepoint VM operation: HandshakeAllThreads (Deoptimize) done
Event: 2.253 Executing safepoint VM operation: ParallelGCFailedAllocation (Allocation Failure)
Event: 2.256 Executing safepoint VM operation: ParallelGCFailedAllocation (Allocation Failure) done
Event: 2.455 Executing safepoint VM operation: ParallelGCFailedAllocation (Allocation Failure)
Event: 2.456 Executing safepoint VM operation: ParallelGCFailedAllocation (Allocation Failure) done
Event: 2.485 Executing safepoint VM operation: CollectForMetadataAllocation (Metadata GC Threshold)
Event: 2.509 Executing safepoint VM operation: CollectForMetadataAllocation (Metadata GC Threshold) done

Memory protections (0 events):
No events

Nmethod flushes (0 events):
No events

Events (20 events):
Event: 0.104 Thread 0x0000022cc6dcf880 Thread added: 0x0000022cc6e7a960
Event: 0.104 Thread 0x0000022cc6dcf880 Thread added: 0x0000022cc6e83a00
Event: 0.104 Thread 0x0000022cc6dcf880 Thread added: 0x0000022cdeadcf90
Event: 0.105 Thread 0x0000022cc6dcf880 Thread added: 0x0000022cc6e8e330
Event: 0.141 Thread 0x0000022cc6e8e330 Thread added: 0x0000022cdec7d6b0
Event: 0.154 Thread 0x0000022cc6dcf880 Thread added: 0x0000022cded1cfe0
Event: 0.321 Thread 0x0000022cc6dcf880 Thread added: 0x0000022cdee12f70
Event: 0.395 Thread 0x0000022cc6e8e330 Thread added: 0x0000022ce401eb10
Event: 0.781 Thread 0x0000022ce401eb10 Thread exited: 0x0000022ce401eb10
Event: 0.886 Thread 0x0000022cc6e8e330 Thread added: 0x0000022ce4418480
Event: 1.101 Thread 0x0000022cc6dcf880 Thread added: 0x0000022ce459ab90
Event: 1.362 Thread 0x0000022cc6dcf880 Thread added: 0x0000022ce48b61a0
Event: 1.366 Thread 0x0000022cc6dcf880 Thread added: 0x0000022ce48b5480
Event: 1.513 Thread 0x0000022ce48b5480 Thread added: 0x0000022ce48b4760
Event: 1.520 Thread 0x0000022ce4418480 Thread exited: 0x0000022ce4418480
Event: 1.765 Thread 0x0000022ce48b5480 Thread added: 0x0000022ce48b7be0
Event: 2.122 Thread 0x0000022ce48b5480 Thread added: 0x0000022ce48b7550
Event: 2.151 Thread 0x0000022ce48b5480 Thread added: 0x0000022ce48b6830
Event: 2.165 Thread 0x0000022ce48b5480 Thread added: 0x0000022ce48b6ec0
Event: 2.285 Thread 0x0000022cc6e8e330 Thread added: 0x0000022ce50036d0


Dynamic libraries:
0x00007ff7c8700000 - 0x00007ff7c870e000 	c:\Users\camil\.vscode\extensions\redhat.java-1.54.0-win32-x64\jre\21.0.10-win32-x86_64\bin\java.exe
0x00007fff91520000 - 0x00007fff91787000 	C:\WINDOWS\SYSTEM32\ntdll.dll
0x00007fff8fb20000 - 0x00007fff8fbe9000 	C:\WINDOWS\System32\KERNEL32.DLL
0x00007fff8e090000 - 0x00007fff8e484000 	C:\WINDOWS\System32\KERNELBASE.dll
0x00007fff8ddf0000 - 0x00007fff8df3b000 	C:\WINDOWS\System32\ucrtbase.dll
0x00007fff318e0000 - 0x00007fff318f8000 	c:\Users\camil\.vscode\extensions\redhat.java-1.54.0-win32-x64\jre\21.0.10-win32-x86_64\bin\jli.dll
0x00007fff8f310000 - 0x00007fff8f4d5000 	C:\WINDOWS\System32\USER32.dll
0x00007fff8f280000 - 0x00007fff8f2a7000 	C:\WINDOWS\System32\win32u.dll
0x00007fff90250000 - 0x00007fff9027b000 	C:\WINDOWS\System32\GDI32.dll
0x00007fff8e490000 - 0x00007fff8e5bb000 	C:\WINDOWS\System32\gdi32full.dll
0x00007fff8efb0000 - 0x00007fff8f053000 	C:\WINDOWS\System32\msvcp_win.dll
0x00007fff317b0000 - 0x00007fff317ce000 	c:\Users\camil\.vscode\extensions\redhat.java-1.54.0-win32-x64\jre\21.0.10-win32-x86_64\bin\VCRUNTIME140.dll
0x00007fff74e00000 - 0x00007fff75093000 	C:\WINDOWS\WinSxS\amd64_microsoft.windows.common-controls_6595b64144ccf1df_6.0.26100.8115_none_3e075c82e3354f9c\COMCTL32.dll
0x00007fff8f900000 - 0x00007fff8f9a9000 	C:\WINDOWS\System32\msvcrt.dll
0x00007fff90570000 - 0x00007fff905a2000 	C:\WINDOWS\System32\IMM32.DLL
0x00007fff64a10000 - 0x00007fff64a1c000 	c:\Users\camil\.vscode\extensions\redhat.java-1.54.0-win32-x64\jre\21.0.10-win32-x86_64\bin\vcruntime140_1.dll
0x00007ffef3d00000 - 0x00007ffef3d8d000 	c:\Users\camil\.vscode\extensions\redhat.java-1.54.0-win32-x64\jre\21.0.10-win32-x86_64\bin\msvcp140.dll
0x00007ffea74e0000 - 0x00007ffea8281000 	c:\Users\camil\.vscode\extensions\redhat.java-1.54.0-win32-x64\jre\21.0.10-win32-x86_64\bin\server\jvm.dll
0x00007fff8fc70000 - 0x00007fff8fd26000 	C:\WINDOWS\System32\ADVAPI32.dll
0x00007fff91430000 - 0x00007fff914d7000 	C:\WINDOWS\System32\sechost.dll
0x00007fff91310000 - 0x00007fff91428000 	C:\WINDOWS\System32\RPCRT4.dll
0x00007fff8fd30000 - 0x00007fff8fdb0000 	C:\WINDOWS\System32\WS2_32.dll
0x00007fff8dc50000 - 0x00007fff8dcae000 	C:\WINDOWS\SYSTEM32\POWRPROF.dll
0x00007fff879a0000 - 0x00007fff879d6000 	C:\WINDOWS\SYSTEM32\WINMM.dll
0x00007fff879e0000 - 0x00007fff879eb000 	C:\WINDOWS\SYSTEM32\VERSION.dll
0x00007fff8dc30000 - 0x00007fff8dc44000 	C:\WINDOWS\SYSTEM32\UMPDC.dll
0x00007fff8cb80000 - 0x00007fff8cb9b000 	C:\WINDOWS\SYSTEM32\kernel.appcore.dll
0x00007fff601c0000 - 0x00007fff601ca000 	c:\Users\camil\.vscode\extensions\redhat.java-1.54.0-win32-x64\jre\21.0.10-win32-x86_64\bin\jimage.dll
0x00007fff82f20000 - 0x00007fff83162000 	C:\WINDOWS\SYSTEM32\DBGHELP.DLL
0x00007fff8f560000 - 0x00007fff8f8e2000 	C:\WINDOWS\System32\combase.dll
0x00007fff8fa40000 - 0x00007fff8fb18000 	C:\WINDOWS\System32\OLEAUT32.dll
0x00007fff73de0000 - 0x00007fff73e1b000 	C:\WINDOWS\SYSTEM32\dbgcore.DLL
0x00007fff8f1d0000 - 0x00007fff8f275000 	C:\WINDOWS\System32\bcryptPrimitives.dll
0x00007fff58340000 - 0x00007fff5834f000 	c:\Users\camil\.vscode\extensions\redhat.java-1.54.0-win32-x64\jre\21.0.10-win32-x86_64\bin\instrument.dll
0x00007fff315a0000 - 0x00007fff315c0000 	c:\Users\camil\.vscode\extensions\redhat.java-1.54.0-win32-x64\jre\21.0.10-win32-x86_64\bin\java.dll
0x00007fff90b70000 - 0x00007fff912d7000 	C:\WINDOWS\System32\SHELL32.dll
0x00007fff8f060000 - 0x00007fff8f1ca000 	C:\WINDOWS\System32\wintypes.dll
0x00007fff8e740000 - 0x00007fff8efa8000 	C:\WINDOWS\System32\windows.storage.dll
0x00007fff905b0000 - 0x00007fff906a8000 	C:\WINDOWS\System32\SHCORE.dll
0x00007fff8f4f0000 - 0x00007fff8f556000 	C:\WINDOWS\System32\shlwapi.dll
0x00007fff8dd10000 - 0x00007fff8dd39000 	C:\WINDOWS\SYSTEM32\profapi.dll
0x00007fff31580000 - 0x00007fff31598000 	c:\Users\camil\.vscode\extensions\redhat.java-1.54.0-win32-x64\jre\21.0.10-win32-x86_64\bin\zip.dll
0x00007fff56180000 - 0x00007fff56190000 	C:\Users\camil\.vscode\extensions\redhat.java-1.54.0-win32-x64\jre\21.0.10-win32-x86_64\bin\net.dll
0x00007fff83bb0000 - 0x00007fff83cdd000 	C:\WINDOWS\SYSTEM32\WINHTTP.dll
0x00007fff8d0f0000 - 0x00007fff8d15c000 	C:\WINDOWS\system32\mswsock.dll
0x00007fff2e590000 - 0x00007fff2e5a6000 	C:\Users\camil\.vscode\extensions\redhat.java-1.54.0-win32-x64\jre\21.0.10-win32-x86_64\bin\nio.dll
0x00007fff557d0000 - 0x00007fff557e0000 	c:\Users\camil\.vscode\extensions\redhat.java-1.54.0-win32-x64\jre\21.0.10-win32-x86_64\bin\verify.dll
0x00007fff2dd30000 - 0x00007fff2dd75000 	C:\Users\camil\AppData\Roaming\Code\User\globalStorage\redhat.java\1.54.0\config_ss_win\org.eclipse.equinox.launcher\org.eclipse.equinox.launcher.win32.win32.x86_64_1.3.0.v20260203-2149\eclipse_11919.dll
0x00007fff902d0000 - 0x00007fff90467000 	C:\WINDOWS\System32\ole32.dll
0x00007fff8d3d0000 - 0x00007fff8d3eb000 	C:\WINDOWS\SYSTEM32\CRYPTSP.dll
0x00007fff8cae0000 - 0x00007fff8cb19000 	C:\WINDOWS\system32\rsaenh.dll
0x00007fff8d1a0000 - 0x00007fff8d1d3000 	C:\WINDOWS\SYSTEM32\USERENV.dll
0x00007fff8dce0000 - 0x00007fff8dd0a000 	C:\WINDOWS\SYSTEM32\bcrypt.dll
0x00007fff8d3f0000 - 0x00007fff8d3fc000 	C:\WINDOWS\SYSTEM32\CRYPTBASE.dll
0x00007fff8c580000 - 0x00007fff8c5b2000 	C:\WINDOWS\SYSTEM32\IPHLPAPI.DLL
0x00007fff8f4e0000 - 0x00007fff8f4ea000 	C:\WINDOWS\System32\NSI.dll
0x00007fff24040000 - 0x00007fff24089000 	C:\Users\camil\AppData\Local\Temp\jna-94426418\jna8439021416457203049.dll
0x00007fff90730000 - 0x00007fff90738000 	C:\WINDOWS\System32\PSAPI.DLL

JVMTI agents:
c:\Users\camil\.vscode\extensions\redhat.java-1.54.0-win32-x64\lombok\lombok-1.18.39-4050.jar path:c:\Users\camil\.vscode\extensions\redhat.java-1.54.0-win32-x64\jre\21.0.10-win32-x86_64\bin\instrument.dll, loaded, initialized, instrumentlib options:none

dbghelp: loaded successfully - version: 4.0.5 - missing functions: none
symbol engine: initialized successfully - sym options: 0x614 - pdb path: .;c:\Users\camil\.vscode\extensions\redhat.java-1.54.0-win32-x64\jre\21.0.10-win32-x86_64\bin;C:\WINDOWS\SYSTEM32;C:\WINDOWS\WinSxS\amd64_microsoft.windows.common-controls_6595b64144ccf1df_6.0.26100.8115_none_3e075c82e3354f9c;c:\Users\camil\.vscode\extensions\redhat.java-1.54.0-win32-x64\jre\21.0.10-win32-x86_64\bin\server;C:\Users\camil\AppData\Roaming\Code\User\globalStorage\redhat.java\1.54.0\config_ss_win\org.eclipse.equinox.launcher\org.eclipse.equinox.launcher.win32.win32.x86_64_1.3.0.v20260203-2149;C:\Users\camil\AppData\Local\Temp\jna-94426418

VM Arguments:
jvm_args: --add-modules=ALL-SYSTEM --add-opens=java.base/java.util=ALL-UNNAMED --add-opens=java.base/java.lang=ALL-UNNAMED --add-opens=java.base/sun.nio.fs=ALL-UNNAMED -Declipse.application=org.eclipse.jdt.ls.core.id1 -Dosgi.bundles.defaultStartLevel=4 -Declipse.product=org.eclipse.jdt.ls.core.product -Djava.import.generatesMetadataFilesAtProjectRoot=false -DDetectVMInstallationsJob.disabled=true -Dfile.encoding=utf8 -XX:+UseParallelGC -XX:GCTimeRatio=4 -XX:AdaptiveSizePolicyWeight=90 -Dsun.zip.disableMemoryMapping=true -Xmx2G -Xms100m -Xlog:disable -javaagent:c:\Users\camil\.vscode\extensions\redhat.java-1.54.0-win32-x64\lombok\lombok-1.18.39-4050.jar 
java_command: c:\Users\camil\.vscode\extensions\redhat.java-1.54.0-win32-x64\server\plugins\org.eclipse.equinox.launcher_1.7.100.v20251111-0406.jar -configuration c:\Users\camil\AppData\Roaming\Code\User\globalStorage\redhat.java\1.54.0\config_ss_win -data c:\Users\camil\AppData\Roaming\Code\User\workspaceStorage\fcb90d46bb9a1586029f89fc31149cd5\redhat.java\ss_ws --pipe=\\.\pipe\lsp-6d9e2460c525c5415f18b0c5ae40751a-sock
java_class_path (initial): c:\Users\camil\.vscode\extensions\redhat.java-1.54.0-win32-x64\server\plugins\org.eclipse.equinox.launcher_1.7.100.v20251111-0406.jar
Launcher Type: SUN_STANDARD

[Global flags]
    uintx AdaptiveSizePolicyWeight                 = 90                                        {product} {command line}
     intx CICompilerCount                          = 4                                         {product} {ergonomic}
    uintx GCTimeRatio                              = 4                                         {product} {command line}
   size_t InitialHeapSize                          = 104857600                                 {product} {command line}
   size_t MaxHeapSize                              = 2147483648                                {product} {command line}
   size_t MaxNewSize                               = 715653120                                 {product} {ergonomic}
   size_t MinHeapDeltaBytes                        = 524288                                    {product} {ergonomic}
   size_t MinHeapSize                              = 104857600                                 {product} {command line}
   size_t NewSize                                  = 34603008                                  {product} {ergonomic}
    uintx NonNMethodCodeHeapSize                   = 5839372                                {pd product} {ergonomic}
    uintx NonProfiledCodeHeapSize                  = 122909434                              {pd product} {ergonomic}
   size_t OldSize                                  = 70254592                                  {product} {ergonomic}
    uintx ProfiledCodeHeapSize                     = 122909434                              {pd product} {ergonomic}
    uintx ReservedCodeCacheSize                    = 251658240                              {pd product} {ergonomic}
     bool SegmentedCodeCache                       = true                                      {product} {ergonomic}
   size_t SoftMaxHeapSize                          = 2147483648                             {manageable} {ergonomic}
     bool UseCompressedOops                        = true                           {product lp64_product} {ergonomic}
     bool UseLargePagesIndividualAllocation        = false                                  {pd product} {ergonomic}
     bool UseParallelGC                            = true                                      {product} {command line}

Logging:
Log output configuration:
 #0: stdout all=off uptime,level,tags foldmultilines=false
 #1: stderr all=off uptime,level,tags foldmultilines=false

Release file:
JAVA_VERSION="21.0.10" 
MODULES="java.base java.compiler java.datatransfer java.xml java.prefs java.desktop java.instrument java.logging java.management java.security.sasl java.naming java.rmi java.management.rmi java.net.http java.scripting java.security.jgss java.transaction.xa java.sql java.sql.rowset java.xml.crypto java.se java.smartcardio jdk.accessibility jdk.internal.jvmstat jdk.attach jdk.charsets jdk.internal.opt jdk.zipfs jdk.compiler jdk.crypto.ec jdk.crypto.cryptoki jdk.crypto.mscapi jdk.dynalink jdk.internal.ed jdk.editpad jdk.hotspot.agent jdk.httpserver jdk.internal.le jdk.internal.vm.ci jdk.internal.vm.compiler jdk.internal.vm.compiler.management jdk.jartool jdk.javadoc jdk.jcmd jdk.management jdk.management.agent jdk.jconsole jdk.jdeps jdk.jdwp.agent jdk.jdi jdk.jfr jdk.jshell jdk.jsobject jdk.jstatd jdk.localedata jdk.management.jfr jdk.naming.dns jdk.naming.rmi jdk.net jdk.nio.mapmode jdk.random jdk.sctp jdk.security.auth jdk.security.jgss jdk.unsupported jdk.unsupported.desktop jdk.xml.dom" 

Environment Variables:
JAVA_HOME=C:\Program Files\Java\jdk-21
PATH=C:\Users\camil\AppData\Local\Programs\Microsoft VS Code;C:\Program Files (x86)\VMware\VMware Player\bin\;C:\Program Files\Common Files\Oracle\Java\javapath;C:\WINDOWS\system32;C:\WINDOWS;C:\WINDOWS\System32\Wbem;C:\WINDOWS\System32\WindowsPowerShell\v1.0\;C:\WINDOWS\System32\OpenSSH\;C:\Users\camil\Documents\CAMILO\DOC UNI\POLIGRAN\Semestre II\Programacion de Computadores\JAVA\bin;C:\Program Files\Microsoft SQL Server\Client SDK\ODBC\170\Tools\Binn\;C:\Program Files (x86)\Microsoft SQL Server\150\Tools\Binn\;C:\Program Files\Microsoft SQL Server\150\Tools\Binn\;C:\Program Files\Microsoft SQL Server\150\DTS\Binn\;C:\Program Files (x86)\Windows Kits\8.1\Windows Performance Toolkit\;C:\Program Files\Git\cmd;C:\Program Files\dotnet\;C:\Program Files (x86)\Windows Kits\10\Windows Performance Toolkit\;C:\dev\flutter\bin;C:\Program Files\Java\jdk-21\bin;C:\Users\camil\AppData\Local\Microsoft\WindowsApps;D:\CAMILO\DOC UNI\POLIGRAN\Semestre lV\IntelliJ IDEA Community Edition 2024.3.3\bin;;C:\Users\camil\AppData\Local\Programs\cursor\resources\app\bin;C:\Users\camil\AppData\Local\Programs\Microsoft VS Code\bin;C:\Users\camil\.dotnet\tools;C:\dev\flutter\bin;C:\Users\camil\AppData\Local\Python\bin
USERNAME=camil
OS=Windows_NT
PROCESSOR_IDENTIFIER=AMD64 Family 25 Model 80 Stepping 0, AuthenticAMD
TMP=C:\Users\camil\AppData\Local\Temp
TEMP=C:\Users\camil\AppData\Local\Temp




Periodic native trim disabled

---------------  S Y S T E M  ---------------

OS:
 Windows 11 , 64 bit Build 26100 (10.0.26100.8246)
OS uptime: 0 days 6:15 hours

CPU: total 12 (initial active 12) (12 cores per cpu, 2 threads per core) family 25 model 80 stepping 0 microcode 0xa50000d, cx8, cmov, fxsr, ht, mmx, 3dnowpref, sse, sse2, sse3, ssse3, sse4a, sse4.1, sse4.2, popcnt, lzcnt, tsc, tscinvbit, avx, avx2, aes, erms, clmul, bmi1, bmi2, adx, sha, fma, vzeroupper, clflush, clflushopt, rdtscp, rdpid, fsrm, f16c, pku, cet_ss
Processor Information for the first 12 processors :
  Max Mhz: 3901, Current Mhz: 3901, Mhz Limit: 3901

Memory: 4k page, system-wide physical 15740M (3725M free)
TotalPageFile size 23932M (AvailPageFile size 6807M)
current process WorkingSet (physical memory assigned to process): 146M, peak: 149M
current process commit charge ("private bytes"): 286M, peak: 289M

vm_info: OpenJDK 64-Bit Server VM (21.0.10+7-LTS) for windows-amd64 JRE (21.0.10+7-LTS), built on 2026-01-20T00:00:00Z by "admin" with MS VC++ 17.12 (VS2022)

END.
