#
# A fatal error has been detected by the Java Runtime Environment:
#
#  EXCEPTION_ACCESS_VIOLATION (0xc0000005) at pc=0x00007ffea8a5d547, pid=25472, tid=9104
#
# JRE version: OpenJDK Runtime Environment Temurin-21.0.10+7 (21.0.10+7) (build 21.0.10+7-LTS)
# Java VM: OpenJDK 64-Bit Server VM Temurin-21.0.10+7 (21.0.10+7-LTS, mixed mode, sharing, tiered, compressed oops, compressed class ptrs, parallel gc, windows-amd64)
# Problematic frame:
# V  [jvm.dll+0x6fd547]
#
# No core dump will be written. Minidumps are not enabled by default on client versions of Windows
#
# If you would like to submit a bug report, please visit:
#   https://github.com/adoptium/adoptium-support/issues
#

---------------  S U M M A R Y ------------

Command Line: --add-modules=ALL-SYSTEM --add-opens=java.base/java.util=ALL-UNNAMED --add-opens=java.base/java.lang=ALL-UNNAMED --add-opens=java.base/sun.nio.fs=ALL-UNNAMED -Declipse.application=org.eclipse.jdt.ls.core.id1 -Dosgi.bundles.defaultStartLevel=4 -Declipse.product=org.eclipse.jdt.ls.core.product -Djava.import.generatesMetadataFilesAtProjectRoot=false -DDetectVMInstallationsJob.disabled=true -Dfile.encoding=utf8 -XX:+UseParallelGC -XX:GCTimeRatio=4 -XX:AdaptiveSizePolicyWeight=90 -Dsun.zip.disableMemoryMapping=true -Xmx2G -Xms100m -Xlog:disable -javaagent:c:\Users\camil\.vscode\extensions\redhat.java-1.54.0-win32-x64\lombok\lombok-1.18.39-4050.jar -XX:+HeapDumpOnOutOfMemoryError -XX:HeapDumpPath=c:\Users\camil\AppData\Roaming\Code\User\workspaceStorage\fcb90d46bb9a1586029f89fc31149cd5\redhat.java -Daether.dependencyCollector.impl=bf c:\Users\camil\.vscode\extensions\redhat.java-1.54.0-win32-x64\server\plugins\org.eclipse.equinox.launcher_1.7.100.v20251111-0406.jar -configuration c:\Users\camil\AppData\Roaming\Code\User\globalStorage\redhat.java\1.54.0\config_win -data c:\Users\camil\AppData\Roaming\Code\User\workspaceStorage\fcb90d46bb9a1586029f89fc31149cd5\redhat.java\jdt_ws --pipe=\\.\pipe\lsp-162f8b4c5334675a341bf45fb002d86e-sock

Host: AMD Ryzen 5 5600G with Radeon Graphics         , 12 cores, 15G,  Windows 11 , 64 bit Build 26100 (10.0.26100.8246)
Time: Wed Apr 22 20:16:17 2026 Hora est. Pacífico, Sudamérica elapsed time: 3869.157068 seconds (0d 1h 4m 29s)

---------------  T H R E A D  ---------------

Current thread (0x000001fa000fa550):  JavaThread "C2 CompilerThread0" daemon [_thread_in_native, id=9104, stack(0x000000580db00000,0x000000580dc00000) (1024K)]


Current CompileTask:
C2:3869157 21173       4       org.eclipse.jdt.internal.compiler.parser.Parser::consumeRule (7843 bytes)

Stack: [0x000000580db00000,0x000000580dc00000],  sp=0x000000580dbfc700,  free space=1009k
Native frames: (J=compiled Java code, j=interpreted, Vv=VM code, C=native code)
V  [jvm.dll+0x6fd547]
V  [jvm.dll+0x24d88a]
V  [jvm.dll+0x24ba42]
V  [jvm.dll+0x1cb34e]
V  [jvm.dll+0x25b85d]
V  [jvm.dll+0x259dea]
V  [jvm.dll+0x3f857e]
V  [jvm.dll+0x85f59d]
V  [jvm.dll+0x6d626d]
C  [ucrtbase.dll+0x37b0]
C  [KERNEL32.DLL+0x2e8d7]
C  [ntdll.dll+0x8c3fc]


siginfo: EXCEPTION_ACCESS_VIOLATION (0xc0000005), reading address 0x000001faf10b2f60


Registers:
RAX=0x000001fa6c830ee0, RBX=0x000000580dbfc8b0, RCX=0x000001fa710a1160, RDX=0x00000000100023c0
RSP=0x000000580dbfc700, RBP=0x000000580dbfde90, RSI=0x00000000000014e6, RDI=0x0000000000008000
R8 =0x00000000000000f0, R9 =0x0000000000000100, R10=0x0000000000000008, R11=0x0000000000000000
R12=0x00000000000014e6, R13=0x000000580dbfc8b8, R14=0x000000580dbfc908, R15=0x000001fa62822740
RIP=0x00007ffea8a5d547, EFLAGS=0x0000000000010287

XMM[0]=0x0000000000000000 0x0000000000000000
XMM[1]=0x000001fa58d417f0 0x000001fa58d417f0
XMM[2]=0x0000000000000000 0x0000000000000000
XMM[3]=0x0000000000000000 0x0000000000000000
XMM[4]=0x0000000000000000 0x0000000000000000
XMM[5]=0x000001fa58d417f0 0x000001fa58d417f0
XMM[6]=0x0000000000000000 0x0000000000000000
XMM[7]=0x0000000000000000 0x0000000000000000
XMM[8]=0x0000000000000000 0x0000000000000000
XMM[9]=0x0000000000000000 0x0000000000000000
XMM[10]=0x0000000000000000 0x0000000000000000
XMM[11]=0x0000000000000000 0x0000000000000000
XMM[12]=0x0000000000000000 0x0000000000000000
XMM[13]=0x0000000000000000 0x0000000000000000
XMM[14]=0x0000000000000000 0x0000000000000000
XMM[15]=0x0000000000000000 0x0000000000000000
  MXCSR=0x00001fb2


Register to memory mapping:

RAX=0x000001fa6c830ee0 points into unknown readable memory: 0x000000580dbfea70 | 70 ea bf 0d 58 00 00 00
RBX=0x000000580dbfc8b0 is pointing into the stack for thread: 0x000001fa000fa550
RCX=0x000001fa710a1160 points into unknown readable memory: 0x000001fa58d417f0 | f0 17 d4 58 fa 01 00 00
RDX=0x00000000100023c0 is an unknown value
RSP=0x000000580dbfc700 is pointing into the stack for thread: 0x000001fa000fa550
RBP=0x000000580dbfde90 is pointing into the stack for thread: 0x000001fa000fa550
RSI=0x00000000000014e6 is an unknown value
RDI=0x0000000000008000 is an unknown value
R8 =0x00000000000000f0 is an unknown value
R9 =0x0000000000000100 is an unknown value
R10=0x0000000000000008 is an unknown value
R11=0x0 is null
R12=0x00000000000014e6 is an unknown value
R13=0x000000580dbfc8b8 is pointing into the stack for thread: 0x000001fa000fa550
R14=0x000000580dbfc908 is pointing into the stack for thread: 0x000001fa000fa550
R15=0x000001fa62822740 points into unknown readable memory: 0x00007ffea8cda398 | 98 a3 cd a8 fe 7f 00 00

Top of Stack: (sp=0x000000580dbfc700)
0x000000580dbfc700:   000000580dbfc8b0 000000580dbfde90
0x000000580dbfc710:   00000000000014e5 0000000000008000
0x000000580dbfc720:   0000000000000000 000001fa8000f050
0x000000580dbfc730:   0000000000000000 000001fa168331c0
0x000000580dbfc740:   0000000000000000 00007ffea8cb8050
0x000000580dbfc750:   0000000000000004 000001fa7dafa5b0
0x000000580dbfc760:   000001fa6c830e70 0000000000000070
0x000000580dbfc770:   000000580dbfc880 00007ffea85ad88a
0x000000580dbfc780:   000001fa58d41780 000000580dbfde90
0x000000580dbfc790:   000001fa6c830e70 000000580dbfe940
0x000000580dbfc7a0:   0000000000000000 0000000000000000
0x000000580dbfc7b0:   0000000000000000 0000000000000000
0x000000580dbfc7c0:   0000000000000000 0000000000000000
0x000000580dbfc7d0:   0000000000000000 00007ffea8cb8050
0x000000580dbfc7e0:   0000000000000000 0000000000000000
0x000000580dbfc7f0:   0000000000000000 00007ffea8cb8050
0x000000580dbfc800:   0000000000000000 0000000000000000
0x000000580dbfc810:   000001fa61775918 000001fa61777858
0x000000580dbfc820:   000001fa168331c0 000001fa58fb8600
0x000000580dbfc830:   000001fa58fbb970 000001fa58fc05e8
0x000000580dbfc840:   000000000411b080 00007ffea8bd168b
0x000000580dbfc850:   000001fa602d0000 0000000000000000
0x000000580dbfc860:   000001fa602dc520 000001fa602dc700
0x000000580dbfc870:   0000000000000070 00007ffea8d7c528
0x000000580dbfc880:   0000000000000000 0000000000000000
0x000000580dbfc890:   0000000000000000 00007ffea8d7c528
0x000000580dbfc8a0:   0000000000000000 0000000000000005
0x000000580dbfc8b0:   0000000000000003 000000580dbfe940
0x000000580dbfc8c0:   000001fa168331c0 00007ffe00002000
0x000000580dbfc8d0:   000001fa5fd0e640 00000000000018c2
0x000000580dbfc8e0:   0000000001000000 000001fa8402f050
0x000000580dbfc8f0:   000001fa01000000 000001fa168331c0 

Instructions: (pc=0x00007ffea8a5d547)
0x00007ffea8a5d447:   08 41 ba 08 00 00 00 40 88 b3 a8 00 00 00 8b 82
0x00007ffea8a5d457:   50 02 00 00 2b 82 78 02 00 00 89 83 ac 00 00 00
0x00007ffea8a5d467:   48 8b 82 10 03 00 00 48 89 44 24 30 48 85 c0 0f
0x00007ffea8a5d477:   84 a0 00 00 00 8b 7b 28 b9 18 00 00 00 c1 ef 08
0x00007ffea8a5d487:   ff c7 41 3b fa 41 0f 42 fa 48 81 c2 30 01 00 00
0x00007ffea8a5d497:   e8 04 3c 9c ff 48 8b f0 48 85 c0 74 50 48 8b 6b
0x00007ffea8a5d4a7:   08 ba 08 00 00 00 48 81 c5 30 01 00 00 8b cf 4c
0x00007ffea8a5d4b7:   8b c5 e8 e2 99 ca ff 33 c9 89 7e 04 89 0e 48 89
0x00007ffea8a5d4c7:   46 08 85 ff 74 11 44 8b c7 33 d2 49 c1 e0 03 48
0x00007ffea8a5d4d7:   8b c8 e8 84 7e 25 00 48 89 6e 10 4c 8d 73 58 48
0x00007ffea8a5d4e7:   8b ac 24 88 00 00 00 4c 8d 6b 08 eb 04 33 c9 8b
0x00007ffea8a5d4f7:   f1 48 8b 43 08 44 8b c7 48 89 b0 10 03 00 00 48
0x00007ffea8a5d507:   8b 4b 08 48 8b 91 10 03 00 00 e8 5a 68 b5 ff 41
0x00007ffea8a5d517:   ba 08 00 00 00 45 33 db 41 8b f3 44 39 5b 28 0f
0x00007ffea8a5d527:   86 f3 01 00 00 0f 1f 40 00 48 8b 43 20 44 8b e6
0x00007ffea8a5d537:   4e 8b 3c e0 48 8b 45 28 41 8b 57 28 48 8b 48 10
0x00007ffea8a5d547:   48 8b 04 d1 48 89 84 24 80 00 00 00 41 8b 46 08
0x00007ffea8a5d557:   3b f0 0f 82 a4 00 00 00 85 c0 75 41 4d 8b 0e 41
0x00007ffea8a5d567:   c7 46 08 01 00 00 00 49 8b 49 18 49 8b 41 20 48
0x00007ffea8a5d577:   2b c1 48 83 f8 08 72 0a 48 8d 41 08 49 89 41 18
0x00007ffea8a5d587:   eb 14 45 33 c0 49 8b d2 49 8b c9 e8 99 95 9c ff
0x00007ffea8a5d597:   48 8b c8 45 33 db 49 89 4e 10 4c 89 19 41 8b 6e
0x00007ffea8a5d5a7:   08 8d 56 01 85 d2 74 04 85 d6 74 0c 0f bd ca ba
0x00007ffea8a5d5b7:   01 00 00 00 ff c1 d3 e2 49 8b 0e 48 8d 3c ed 00
0x00007ffea8a5d5c7:   00 00 00 44 8b ca 4c 8b c7 41 89 56 08 49 8b 56
0x00007ffea8a5d5d7:   10 49 c1 e1 03 44 89 5c 24 20 e8 5a 91 9c ff 45
0x00007ffea8a5d5e7:   8b 46 08 33 d2 44 2b c5 49 89 46 10 49 c1 e0 03
0x00007ffea8a5d5f7:   48 8d 0c 38 e8 62 7d 25 00 45 33 db 49 8b 46 10
0x00007ffea8a5d607:   48 8b 8c 24 80 00 00 00 48 8b 54 24 30 4a 89 0c
0x00007ffea8a5d617:   e0 49 63 4f 28 48 8b 43 78 89 34 88 48 85 d2 0f
0x00007ffea8a5d627:   84 85 00 00 00 45 8b 4f 28 4d 8b 55 00 41 8b c9
0x00007ffea8a5d637:   c1 f9 08 3b 0a 79 73 48 8b 52 08 4c 63 c1 41 0f 


Stack slot to memory mapping:

stack at sp + 0 slots: 0x000000580dbfc8b0 is pointing into the stack for thread: 0x000001fa000fa550
stack at sp + 1 slots: 0x000000580dbfde90 is pointing into the stack for thread: 0x000001fa000fa550
stack at sp + 2 slots: 0x00000000000014e5 is an unknown value
stack at sp + 3 slots: 0x0000000000008000 is an unknown value
stack at sp + 4 slots: 0x0 is null
stack at sp + 5 slots: 0x000001fa8000f050 points into unknown readable memory: 0x249247b20f020feb | eb 0f 02 0f b2 47 92 24
stack at sp + 6 slots: 0x0 is null
stack at sp + 7 slots: 0x000001fa168331c0 points into unknown readable memory: 0x0000000000000007 | 07 00 00 00 00 00 00 00


---------------  P R O C E S S  ---------------

Threads class SMR info:
_java_thread_list=0x000001fa58eb9f80, length=70, elements={
0x000001fa7dafa8a0, 0x000001fa1683ced0, 0x000001fa000e56b0, 0x000001fa000eacd0,
0x000001fa000ed840, 0x000001fa000f6ca0, 0x000001fa000f9710, 0x000001fa000fa550,
0x000001fa000fba90, 0x000001fa58f3a3b0, 0x000001fa5e168580, 0x000001fa5e9c9590,
0x000001fa5e85be90, 0x000001fa5e83cbb0, 0x000001fa5e999f20, 0x000001fa5ec498c0,
0x000001fa5ede1390, 0x000001fa5ed91200, 0x000001fa5f4d9910, 0x000001fa5f4d9280,
0x000001fa5f4db350, 0x000001fa5f4d9fa0, 0x000001fa5f4d8bf0, 0x000001fa619ac980,
0x000001fa619ad010, 0x000001fa619aa8b0, 0x000001fa619aaf40, 0x000001fa619ab5d0,
0x000001fa619ad6a0, 0x000001fa619abc60, 0x000001fa619aa220, 0x000001fa619ae3c0,
0x000001fa619add30, 0x000001fa619aea50, 0x000001fa619afe00, 0x000001fa619b0490,
0x000001fa6073c1c0, 0x000001fa60738d40, 0x000001fa6073bb30, 0x000001fa6073d570,
0x000001fa6bcd4770, 0x000001fa637fda90, 0x000001fa619af0e0, 0x000001fa6bcd12f0,
0x000001fa622bb0a0, 0x000001fa622bc450, 0x000001fa622bbdc0, 0x000001fa622baa10,
0x000001fa622b8fd0, 0x000001fa622bcae0, 0x000001fa622bd170, 0x000001fa622bd800,
0x000001fa622ba380, 0x000001fa622bde90, 0x000001fa622be520, 0x000001fa622bebb0,
0x000001fa622bb730, 0x000001fa622bf8d0, 0x000001fa622bff60, 0x000001fa622b9cf0,
0x000001fa622bf240, 0x000001fa5e9de7d0, 0x000001fa5e9deea0, 0x000001fa637f7eb0,
0x000001fa637f9260, 0x000001fa637fee40, 0x000001fa637fe7b0, 0x000001fa6bccf8b0,
0x000001fa6bcd1980, 0x000001fa6bcd3a50
}

Java Threads: ( => current thread )
  0x000001fa7dafa8a0 JavaThread "main"                              [_thread_blocked, id=25492, stack(0x000000580d100000,0x000000580d200000) (1024K)]
  0x000001fa1683ced0 JavaThread "Reference Handler"          daemon [_thread_blocked, id=23624, stack(0x000000580d500000,0x000000580d600000) (1024K)]
  0x000001fa000e56b0 JavaThread "Finalizer"                  daemon [_thread_blocked, id=25004, stack(0x000000580d600000,0x000000580d700000) (1024K)]
  0x000001fa000eacd0 JavaThread "Signal Dispatcher"          daemon [_thread_blocked, id=3364, stack(0x000000580d700000,0x000000580d800000) (1024K)]
  0x000001fa000ed840 JavaThread "Attach Listener"            daemon [_thread_blocked, id=25216, stack(0x000000580d800000,0x000000580d900000) (1024K)]
  0x000001fa000f6ca0 JavaThread "Service Thread"             daemon [_thread_blocked, id=10780, stack(0x000000580d900000,0x000000580da00000) (1024K)]
  0x000001fa000f9710 JavaThread "Monitor Deflation Thread"   daemon [_thread_blocked, id=24600, stack(0x000000580da00000,0x000000580db00000) (1024K)]
=>0x000001fa000fa550 JavaThread "C2 CompilerThread0"         daemon [_thread_in_native, id=9104, stack(0x000000580db00000,0x000000580dc00000) (1024K)]
  0x000001fa000fba90 JavaThread "C1 CompilerThread0"         daemon [_thread_blocked, id=16852, stack(0x000000580dc00000,0x000000580dd00000) (1024K)]
  0x000001fa58f3a3b0 JavaThread "Common-Cleaner"             daemon [_thread_blocked, id=25356, stack(0x000000580dd00000,0x000000580de00000) (1024K)]
  0x000001fa5e168580 JavaThread "Notification Thread"        daemon [_thread_blocked, id=24876, stack(0x000000580df00000,0x000000580e000000) (1024K)]
  0x000001fa5e9c9590 JavaThread "Active Thread: Equinox Container: 4f8c1b4a-6536-4ee6-8230-89f9ca8f5f40"        [_thread_blocked, id=18568, stack(0x000000580e700000,0x000000580e800000) (1024K)]
  0x000001fa5e85be90 JavaThread "Refresh Thread: Equinox Container: 4f8c1b4a-6536-4ee6-8230-89f9ca8f5f40" daemon [_thread_blocked, id=25228, stack(0x000000580e900000,0x000000580ea00000) (1024K)]
  0x000001fa5e83cbb0 JavaThread "Framework Event Dispatcher: Equinox Container: 4f8c1b4a-6536-4ee6-8230-89f9ca8f5f40" daemon [_thread_blocked, id=25176, stack(0x000000580ea00000,0x000000580eb00000) (1024K)]
  0x000001fa5e999f20 JavaThread "Start Level: Equinox Container: 4f8c1b4a-6536-4ee6-8230-89f9ca8f5f40" daemon [_thread_blocked, id=22960, stack(0x000000580eb00000,0x000000580ec00000) (1024K)]
  0x000001fa5ec498c0 JavaThread "Bundle File Closer"         daemon [_thread_blocked, id=24748, stack(0x000000580ee00000,0x000000580ef00000) (1024K)]
  0x000001fa5ede1390 JavaThread "SCR Component Actor"        daemon [_thread_blocked, id=25580, stack(0x000000580de00000,0x000000580df00000) (1024K)]
  0x000001fa5ed91200 JavaThread "Worker-JM"                         [_thread_blocked, id=23784, stack(0x000000580f000000,0x000000580f100000) (1024K)]
  0x000001fa5f4d9910 JavaThread "JNA Cleaner"                daemon [_thread_blocked, id=25552, stack(0x000000580f100000,0x000000580f200000) (1024K)]
  0x000001fa5f4d9280 JavaThread "Java indexing"              daemon [_thread_in_Java, id=16356, stack(0x000000580f400000,0x000000580f500000) (1024K)]
  0x000001fa5f4db350 JavaThread "Thread-1"                   daemon [_thread_in_native, id=25052, stack(0x000000580fa00000,0x000000580fb00000) (1024K)]
  0x000001fa5f4d9fa0 JavaThread "Thread-2"                   daemon [_thread_in_native, id=21396, stack(0x000000580fb00000,0x000000580fc00000) (1024K)]
  0x000001fa5f4d8bf0 JavaThread "Thread-3"                   daemon [_thread_in_native, id=24168, stack(0x000000580fc00000,0x000000580fd00000) (1024K)]
  0x000001fa619ac980 JavaThread "Thread-4"                   daemon [_thread_in_native, id=25560, stack(0x000000580fd00000,0x000000580fe00000) (1024K)]
  0x000001fa619ad010 JavaThread "Thread-5"                   daemon [_thread_in_native, id=13172, stack(0x000000580fe00000,0x000000580ff00000) (1024K)]
  0x000001fa619aa8b0 JavaThread "Thread-6"                   daemon [_thread_in_native, id=23256, stack(0x000000580ff00000,0x0000005810000000) (1024K)]
  0x000001fa619aaf40 JavaThread "Thread-7"                   daemon [_thread_in_native, id=12656, stack(0x0000005810000000,0x0000005810100000) (1024K)]
  0x000001fa619ab5d0 JavaThread "Thread-8"                   daemon [_thread_in_native, id=17352, stack(0x0000005810100000,0x0000005810200000) (1024K)]
  0x000001fa619ad6a0 JavaThread "Thread-9"                   daemon [_thread_in_native, id=2208, stack(0x0000005810200000,0x0000005810300000) (1024K)]
  0x000001fa619abc60 JavaThread "Thread-10"                  daemon [_thread_in_native, id=24796, stack(0x0000005810300000,0x0000005810400000) (1024K)]
  0x000001fa619aa220 JavaThread "Thread-11"                  daemon [_thread_in_native, id=23708, stack(0x0000005810400000,0x0000005810500000) (1024K)]
  0x000001fa619ae3c0 JavaThread "Thread-12"                  daemon [_thread_in_native, id=12792, stack(0x0000005810500000,0x0000005810600000) (1024K)]
  0x000001fa619add30 JavaThread "Thread-13"                  daemon [_thread_in_native, id=25168, stack(0x0000005810600000,0x0000005810700000) (1024K)]
  0x000001fa619aea50 JavaThread "pool-2-thread-1"                   [_thread_blocked, id=18524, stack(0x0000005810700000,0x0000005810800000) (1024K)]
  0x000001fa619afe00 JavaThread "WorkspaceEventsHandler"            [_thread_blocked, id=25196, stack(0x0000005810f00000,0x0000005811000000) (1024K)]
  0x000001fa619b0490 JavaThread "pool-1-thread-1"                   [_thread_blocked, id=24224, stack(0x0000005811000000,0x0000005811100000) (1024K)]
  0x000001fa6073c1c0 JavaThread "Cleaner-0"                  daemon [_thread_blocked, id=4452, stack(0x0000005811400000,0x0000005811500000) (1024K)]
  0x000001fa60738d40 JavaThread "Java Debug Server"          daemon [_thread_in_native, id=10104, stack(0x000000580e000000,0x000000580e100000) (1024K)]
  0x000001fa6073bb30 JavaThread "RxSchedulerPurge-1"         daemon [_thread_blocked, id=24248, stack(0x000000580f300000,0x000000580f400000) (1024K)]
  0x000001fa6073d570 JavaThread "RxCachedWorkerPoolEvictor-1" daemon [_thread_blocked, id=16448, stack(0x000000580f500000,0x000000580f600000) (1024K)]
  0x000001fa6bcd4770 JavaThread "ForkJoinPool.commonPool-worker-27" daemon [_thread_blocked, id=16652, stack(0x000000580f800000,0x000000580f900000) (1024K)]
  0x000001fa637fda90 JavaThread "ForkJoinPool.commonPool-worker-32" daemon [_thread_blocked, id=1844, stack(0x000000580f200000,0x000000580f300000) (1024K)]
  0x000001fa619af0e0 JavaThread "ForkJoinPool.commonPool-worker-37" daemon [_thread_blocked, id=11576, stack(0x000000580f700000,0x000000580f800000) (1024K)]
  0x000001fa6bcd12f0 JavaThread "pool-4-thread-3"                   [_thread_in_native, id=10608, stack(0x0000005811600000,0x0000005811700000) (1024K)]
  0x000001fa622bb0a0 JavaThread "process reaper (pid 25920)" daemon [_thread_in_native, id=24228, stack(0x000000580cb70000,0x000000580cb90000) (128K)]
  0x000001fa622bc450 JavaThread "RxNewThreadScheduler-7"     daemon [_thread_blocked, id=26468, stack(0x0000005811900000,0x0000005811a00000) (1024K)]
  0x000001fa622bbdc0 JavaThread "pool-4-thread-5"                   [_thread_in_native, id=22216, stack(0x000000580ce00000,0x000000580cf00000) (1024K)]
  0x000001fa622baa10 JavaThread "RxNewThreadScheduler-11"    daemon [_thread_blocked, id=25968, stack(0x000000580d000000,0x000000580d100000) (1024K)]
  0x000001fa622b8fd0 JavaThread "process reaper (pid 26484)" daemon [_thread_in_native, id=7316, stack(0x000000580cb90000,0x000000580cbb0000) (128K)]
  0x000001fa622bcae0 JavaThread "Worker-13"                         [_thread_blocked, id=9308, stack(0x000000580f600000,0x000000580f700000) (1024K)]
  0x000001fa622bd170 JavaThread "Compiler Source File Reader" daemon [_thread_blocked, id=24260, stack(0x000000580cf00000,0x000000580d000000) (1024K)]
  0x000001fa622bd800 JavaThread "Compiler Source File Reader" daemon [_thread_blocked, id=17148, stack(0x000000580f900000,0x000000580fa00000) (1024K)]
  0x000001fa622ba380 JavaThread "Worker-14"                         [_thread_blocked, id=2608, stack(0x0000005810800000,0x0000005810900000) (1024K)]
  0x000001fa622bde90 JavaThread "ForkJoinPool.commonPool-worker-38" daemon [_thread_blocked, id=24200, stack(0x0000005810900000,0x0000005810a00000) (1024K)]
  0x000001fa622be520 JavaThread "ForkJoinPool.commonPool-worker-39" daemon [_thread_blocked, id=24132, stack(0x0000005810a00000,0x0000005810b00000) (1024K)]
  0x000001fa622bebb0 JavaThread "ForkJoinPool.commonPool-worker-40" daemon [_thread_blocked, id=21952, stack(0x0000005810c00000,0x0000005810d00000) (1024K)]
  0x000001fa622bb730 JavaThread "ForkJoinPool.commonPool-worker-41" daemon [_thread_blocked, id=11988, stack(0x0000005810d00000,0x0000005810e00000) (1024K)]
  0x000001fa622bf8d0 JavaThread "ForkJoinPool.commonPool-worker-42" daemon [_thread_blocked, id=7704, stack(0x0000005811100000,0x0000005811200000) (1024K)]
  0x000001fa622bff60 JavaThread "ForkJoinPool.commonPool-worker-43" daemon [_thread_blocked, id=26396, stack(0x0000005811200000,0x0000005811300000) (1024K)]
  0x000001fa622b9cf0 JavaThread "ForkJoinPool.commonPool-worker-44" daemon [_thread_blocked, id=4484, stack(0x000000580ef00000,0x000000580f000000) (1024K)]
  0x000001fa622bf240 JavaThread "ForkJoinPool.commonPool-worker-45" daemon [_thread_blocked, id=8796, stack(0x0000005810b00000,0x0000005810c00000) (1024K)]
  0x000001fa5e9de7d0 JavaThread "C2 CompilerThread1"         daemon [_thread_in_native, id=17672, stack(0x0000005810e00000,0x0000005810f00000) (1024K)]
  0x000001fa5e9deea0 JavaThread "C2 CompilerThread2"         daemon [_thread_in_native, id=23528, stack(0x0000005811300000,0x0000005811400000) (1024K)]
  0x000001fa637f7eb0 JavaThread "Worker-15: Java indexing... "        [_thread_blocked, id=20580, stack(0x0000005811500000,0x0000005811600000) (1024K)]
  0x000001fa637f9260 JavaThread "Compiler Source File Reader" daemon [_thread_blocked, id=11972, stack(0x0000005811700000,0x0000005811800000) (1024K)]
  0x000001fa637fee40 JavaThread "Compiler Processing Task"   daemon [_thread_blocked, id=21540, stack(0x0000005811800000,0x0000005811900000) (1024K)]
  0x000001fa637fe7b0 JavaThread "Compiler Class File Writer" daemon [_thread_blocked, id=16956, stack(0x0000005811a00000,0x0000005811b00000) (1024K)]
  0x000001fa6bccf8b0 JavaThread "Compiler Class File Writer" daemon [_thread_blocked, id=2592, stack(0x0000005811b00000,0x0000005811c00000) (1024K)]
  0x000001fa6bcd1980 JavaThread "Compiler Class File Writer" daemon [_thread_blocked, id=24636, stack(0x0000005811c00000,0x0000005811d00000) (1024K)]
  0x000001fa6bcd3a50 JavaThread "Compiler Class File Writer" daemon [_thread_blocked, id=18204, stack(0x0000005811d00000,0x0000005811e00000) (1024K)]
Total: 70

Other Threads:
  0x000001fa000e2920 VMThread "VM Thread"                           [id=25428, stack(0x000000580d400000,0x000000580d500000) (1024K)]
  0x000001fa1671ca00 WatcherThread "VM Periodic Task Thread"        [id=2928, stack(0x000000580d300000,0x000000580d400000) (1024K)]
  0x000001fa000627f0 WorkerThread "GC Thread#0"                     [id=24740, stack(0x000000580d200000,0x000000580d300000) (1024K)]
  0x000001fa5e7f4780 WorkerThread "GC Thread#1"                     [id=25556, stack(0x000000580e100000,0x000000580e200000) (1024K)]
  0x000001fa5e7f4b30 WorkerThread "GC Thread#2"                     [id=25128, stack(0x000000580e200000,0x000000580e300000) (1024K)]
  0x000001fa5e286dc0 WorkerThread "GC Thread#3"                     [id=24704, stack(0x000000580e300000,0x000000580e400000) (1024K)]
  0x000001fa5e287170 WorkerThread "GC Thread#4"                     [id=25184, stack(0x000000580e400000,0x000000580e500000) (1024K)]
  0x000001fa5e287520 WorkerThread "GC Thread#5"                     [id=4740, stack(0x000000580e500000,0x000000580e600000) (1024K)]
  0x000001fa5e2878d0 WorkerThread "GC Thread#6"                     [id=25592, stack(0x000000580e600000,0x000000580e700000) (1024K)]
  0x000001fa5e880940 WorkerThread "GC Thread#7"                     [id=25152, stack(0x000000580e800000,0x000000580e900000) (1024K)]
  0x000001fa5ed4cd90 WorkerThread "GC Thread#8"                     [id=25232, stack(0x000000580ec00000,0x000000580ed00000) (1024K)]
  0x000001fa5e973d10 WorkerThread "GC Thread#9"                     [id=25148, stack(0x000000580ed00000,0x000000580ee00000) (1024K)]
Total: 12

Threads with active compile tasks:
C2 CompilerThread0  3869248 21173       4       org.eclipse.jdt.internal.compiler.parser.Parser::consumeRule (7843 bytes)
C2 CompilerThread1  3869248 21156       4       org.eclipse.jdt.internal.compiler.lookup.BinaryTypeBinding::createMethod (1666 bytes)
C2 CompilerThread2  3869248 21118   !   4       org.eclipse.jdt.internal.core.search.indexing.BinaryIndexer::indexDocument (1172 bytes)
Total: 3

VM state: not at safepoint (normal execution)

VM Mutex/Monitor currently owned by a thread: None

Heap address: 0x0000000080000000, size: 2048 MB, Compressed Oops mode: 32-bit

CDS archive(s) mapped at: [0x000001fa17000000-0x000001fa17ba0000-0x000001fa17ba0000), size 12189696, SharedBaseAddress: 0x000001fa17000000, ArchiveRelocationMode: 1.
Compressed class space mapped at: 0x000001fa18000000-0x000001fa58000000, reserved size: 1073741824
Narrow klass base: 0x000001fa17000000, Narrow klass shift: 0, Narrow klass range: 0x100000000

GC Precious Log:
 CardTable entry size: 512
 CPUs: 12 total, 12 available
 Memory: 15740M
 Large Page Support: Disabled
 NUMA Support: Disabled
 Compressed Oops: Enabled (32-bit)
 Alignments: Space 512K, Generation 512K, Heap 2M
 Heap Min Capacity: 100M
 Heap Initial Capacity: 100M
 Heap Max Capacity: 2G
 Pre-touch: Disabled
 Parallel Workers: 10

Heap:
 PSYoungGen      total 4096K, used 2282K [0x00000000d5580000, 0x00000000d5a80000, 0x0000000100000000)
  eden space 3072K, 46% used [0x00000000d5580000,0x00000000d56e5bb0,0x00000000d5880000)
  from space 1024K, 83% used [0x00000000d5880000,0x00000000d5955000,0x00000000d5980000)
  to   space 1024K, 0% used [0x00000000d5980000,0x00000000d5980000,0x00000000d5a80000)
 ParOldGen       total 579072K, used 578695K [0x0000000080000000, 0x00000000a3580000, 0x00000000d5580000)
  object space 579072K, 99% used [0x0000000080000000,0x00000000a3521f60,0x00000000a3580000)
 Metaspace       used 92798K, committed 94336K, reserved 1179648K
  class space    used 9710K, committed 10432K, reserved 1048576K

Card table byte_map: [0x000001fa7f940000,0x000001fa7fd50000] _byte_map_base: 0x000001fa7f540000

Marking Bits: (ParMarkBitMap*) 0x00007ffea9023450
 Begin Bits: [0x000001fa12240000, 0x000001fa14240000)
 End Bits:   [0x000001fa14240000, 0x000001fa16240000)

Polling page: 0x000001fa7dd80000

Metaspace:

Usage:
  Non-class:     81.14 MB used.
      Class:      9.48 MB used.
       Both:     90.62 MB used.

Virtual space:
  Non-class space:      128.00 MB reserved,      81.94 MB ( 64%) committed,  2 nodes.
      Class space:        1.00 GB reserved,      10.19 MB ( <1%) committed,  1 nodes.
             Both:        1.12 GB reserved,      92.12 MB (  8%) committed. 

Chunk freelists:
   Non-Class:  13.95 MB
       Class:  5.79 MB
        Both:  19.74 MB

MaxMetaspaceSize: unlimited
CompressedClassSpaceSize: 1.00 GB
Initial GC threshold: 21.00 MB
Current GC threshold: 145.75 MB
CDS: on
 - commit_granule_bytes: 65536.
 - commit_granule_words: 8192.
 - virtual_space_node_default_size: 8388608.
 - enlarge_chunks_in_place: 1.
 - use_allocation_guard: 0.


Internal statistics:

num_allocs_failed_limit: 9.
num_arena_births: 1790.
num_arena_deaths: 384.
num_vsnodes_births: 3.
num_vsnodes_deaths: 0.
num_space_committed: 1474.
num_space_uncommitted: 0.
num_chunks_returned_to_freelist: 451.
num_chunks_taken_from_freelist: 6422.
num_chunk_merges: 126.
num_chunk_splits: 3792.
num_chunks_enlarged: 2142.
num_inconsistent_stats: 0.

CodeHeap 'non-profiled nmethods': size=120000Kb used=19937Kb max_used=19937Kb free=100062Kb
 bounds [0x000001fa0ad10000, 0x000001fa0c090000, 0x000001fa12240000]
CodeHeap 'profiled nmethods': size=120000Kb used=49072Kb max_used=49072Kb free=70928Kb
 bounds [0x000001fa03240000, 0x000001fa06230000, 0x000001fa0a770000]
CodeHeap 'non-nmethods': size=5760Kb used=1545Kb max_used=1609Kb free=4214Kb
 bounds [0x000001fa0a770000, 0x000001fa0a9e0000, 0x000001fa0ad10000]
CodeCache: size=245760Kb, used=70554Kb, max_used=70618Kb, free=175204Kb
 total_blobs=20520, nmethods=19651, adapters=769, full_count=0
Compilation: enabled, stopped_count=0, restarted_count=0

Compilation events (20 events):
Event: 3869.033 Thread 0x000001fa000fba90 21182       3       org.eclipse.jdt.core.formatter.IndentManipulation::getTabWidth (20 bytes)
Event: 3869.033 Thread 0x000001fa000fba90 nmethod 21182 0x000001fa06226810 code [0x000001fa06226a00, 0x000001fa06226ee8]
Event: 3869.033 Thread 0x000001fa000fba90 21184       3       org.eclipse.jdt.internal.core.dom.rewrite.ListRewriteEvent::getChangeKind (53 bytes)
Event: 3869.034 Thread 0x000001fa000fba90 nmethod 21184 0x000001fa06227110 code [0x000001fa06227320, 0x000001fa06227980]
Event: 3869.034 Thread 0x000001fa000fba90 21183   !   3       org.eclipse.jdt.core.formatter.IndentManipulation::getIntValue (17 bytes)
Event: 3869.034 Thread 0x000001fa000fba90 nmethod 21183 0x000001fa06227b10 code [0x000001fa06227ce0, 0x000001fa06228090]
Event: 3869.034 Thread 0x000001fa000fba90 21185       3       org.eclipse.jdt.internal.core.dom.rewrite.ListRewriteEvent::getChildren (24 bytes)
Event: 3869.034 Thread 0x000001fa000fba90 nmethod 21185 0x000001fa06228210 code [0x000001fa062283e0, 0x000001fa06228840]
Event: 3869.035 Thread 0x000001fa000fa550 nmethod 21180 0x000001fa0c086790 code [0x000001fa0c086940, 0x000001fa0c086b98]
Event: 3869.035 Thread 0x000001fa000fa550 21174       4       java.util.HashMap::getNode (150 bytes)
Event: 3869.040 Thread 0x000001fa000fa550 nmethod 21174 0x000001fa0c086d90 code [0x000001fa0c086f40, 0x000001fa0c087230]
Event: 3869.040 Thread 0x000001fa000fa550 21187       4       java.util.HashMap::resize (356 bytes)
Event: 3869.047 Thread 0x000001fa000fa550 nmethod 21187 0x000001fa0c087410 code [0x000001fa0c087600, 0x000001fa0c087c28]
Event: 3869.047 Thread 0x000001fa000fa550 21186       4       java.util.HashMap::get (19 bytes)
Event: 3869.050 Thread 0x000001fa000fa550 nmethod 21186 0x000001fa0c087f90 code [0x000001fa0c088140, 0x000001fa0c088430]
Event: 3869.050 Thread 0x000001fa000fa550 21173       4       org.eclipse.jdt.internal.compiler.parser.Parser::consumeRule (7843 bytes)
Event: 3869.052 Thread 0x000001fa000fba90 21188       3       org.eclipse.core.internal.registry.RegistryObjectManager::basicGetObject (52 bytes)
Event: 3869.052 Thread 0x000001fa000fba90 nmethod 21188 0x000001fa06228990 code [0x000001fa06228b80, 0x000001fa06228f20]
Event: 3869.105 Thread 0x000001fa000fba90 21190       3       org.eclipse.jdt.ls.core.internal.handlers.ProgressReporterManager$ProgressReporter::subTask (40 bytes)
Event: 3869.106 Thread 0x000001fa000fba90 nmethod 21190 0x000001fa06229110 code [0x000001fa062292e0, 0x000001fa06229608]

GC Heap History (20 events):
Event: 3869.035 GC heap before
{Heap before GC invocations=1070 (full 4):
 PSYoungGen      total 5632K, used 5237K [0x00000000d5580000, 0x00000000d5d00000, 0x0000000100000000)
  eden space 4096K, 100% used [0x00000000d5580000,0x00000000d5980000,0x00000000d5980000)
  from space 1536K, 74% used [0x00000000d5b00000,0x00000000d5c1d6e8,0x00000000d5c80000)
  to   space 512K, 0% used [0x00000000d5c80000,0x00000000d5c80000,0x00000000d5d00000)
 ParOldGen       total 563200K, used 563005K [0x0000000080000000, 0x00000000a2600000, 0x00000000d5580000)
  object space 563200K, 99% used [0x0000000080000000,0x00000000a25cf520,0x00000000a2600000)
 Metaspace       used 92797K, committed 94336K, reserved 1179648K
  class space    used 9710K, committed 10432K, reserved 1048576K
}
Event: 3869.037 GC heap after
{Heap after GC invocations=1070 (full 4):
 PSYoungGen      total 4608K, used 499K [0x00000000d5580000, 0x00000000d5d80000, 0x0000000100000000)
  eden space 4096K, 0% used [0x00000000d5580000,0x00000000d5580000,0x00000000d5980000)
  from space 512K, 97% used [0x00000000d5c80000,0x00000000d5cfcec8,0x00000000d5d00000)
  to   space 2048K, 0% used [0x00000000d5980000,0x00000000d5980000,0x00000000d5b80000)
 ParOldGen       total 564736K, used 564298K [0x0000000080000000, 0x00000000a2780000, 0x00000000d5580000)
  object space 564736K, 99% used [0x0000000080000000,0x00000000a27129c8,0x00000000a2780000)
 Metaspace       used 92797K, committed 94336K, reserved 1179648K
  class space    used 9710K, committed 10432K, reserved 1048576K
}
Event: 3869.045 GC heap before
{Heap before GC invocations=1071 (full 4):
 PSYoungGen      total 4608K, used 4595K [0x00000000d5580000, 0x00000000d5d80000, 0x0000000100000000)
  eden space 4096K, 100% used [0x00000000d5580000,0x00000000d5980000,0x00000000d5980000)
  from space 512K, 97% used [0x00000000d5c80000,0x00000000d5cfcec8,0x00000000d5d00000)
  to   space 2048K, 0% used [0x00000000d5980000,0x00000000d5980000,0x00000000d5b80000)
 ParOldGen       total 564736K, used 564298K [0x0000000080000000, 0x00000000a2780000, 0x00000000d5580000)
  object space 564736K, 99% used [0x0000000080000000,0x00000000a27129c8,0x00000000a2780000)
 Metaspace       used 92797K, committed 94336K, reserved 1179648K
  class space    used 9710K, committed 10432K, reserved 1048576K
}
Event: 3869.046 GC heap after
{Heap after GC invocations=1071 (full 4):
 PSYoungGen      total 6144K, used 736K [0x00000000d5580000, 0x00000000d5d00000, 0x0000000100000000)
  eden space 4096K, 0% used [0x00000000d5580000,0x00000000d5580000,0x00000000d5980000)
  from space 2048K, 35% used [0x00000000d5980000,0x00000000d5a38000,0x00000000d5b80000)
  to   space 1536K, 0% used [0x00000000d5b80000,0x00000000d5b80000,0x00000000d5d00000)
 ParOldGen       total 565248K, used 564819K [0x0000000080000000, 0x00000000a2800000, 0x00000000d5580000)
  object space 565248K, 99% used [0x0000000080000000,0x00000000a2794fe0,0x00000000a2800000)
 Metaspace       used 92797K, committed 94336K, reserved 1179648K
  class space    used 9710K, committed 10432K, reserved 1048576K
}
Event: 3869.053 GC heap before
{Heap before GC invocations=1072 (full 4):
 PSYoungGen      total 6144K, used 4832K [0x00000000d5580000, 0x00000000d5d00000, 0x0000000100000000)
  eden space 4096K, 100% used [0x00000000d5580000,0x00000000d5980000,0x00000000d5980000)
  from space 2048K, 35% used [0x00000000d5980000,0x00000000d5a38000,0x00000000d5b80000)
  to   space 1536K, 0% used [0x00000000d5b80000,0x00000000d5b80000,0x00000000d5d00000)
 ParOldGen       total 565248K, used 564819K [0x0000000080000000, 0x00000000a2800000, 0x00000000d5580000)
  object space 565248K, 99% used [0x0000000080000000,0x00000000a2794fe0,0x00000000a2800000)
 Metaspace       used 92797K, committed 94336K, reserved 1179648K
  class space    used 9710K, committed 10432K, reserved 1048576K
}
Event: 3869.054 GC heap after
{Heap after GC invocations=1072 (full 4):
 PSYoungGen      total 5120K, used 672K [0x00000000d5580000, 0x00000000d5c80000, 0x0000000100000000)
  eden space 4096K, 0% used [0x00000000d5580000,0x00000000d5580000,0x00000000d5980000)
  from space 1024K, 65% used [0x00000000d5b80000,0x00000000d5c28000,0x00000000d5c80000)
  to   space 1024K, 0% used [0x00000000d5a80000,0x00000000d5a80000,0x00000000d5b80000)
 ParOldGen       total 565760K, used 565347K [0x0000000080000000, 0x00000000a2880000, 0x00000000d5580000)
  object space 565760K, 99% used [0x0000000080000000,0x00000000a2818fc0,0x00000000a2880000)
 Metaspace       used 92797K, committed 94336K, reserved 1179648K
  class space    used 9710K, committed 10432K, reserved 1048576K
}
Event: 3869.065 GC heap before
{Heap before GC invocations=1073 (full 4):
 PSYoungGen      total 5120K, used 4768K [0x00000000d5580000, 0x00000000d5c80000, 0x0000000100000000)
  eden space 4096K, 100% used [0x00000000d5580000,0x00000000d5980000,0x00000000d5980000)
  from space 1024K, 65% used [0x00000000d5b80000,0x00000000d5c28000,0x00000000d5c80000)
  to   space 1024K, 0% used [0x00000000d5a80000,0x00000000d5a80000,0x00000000d5b80000)
 ParOldGen       total 565760K, used 565347K [0x0000000080000000, 0x00000000a2880000, 0x00000000d5580000)
  object space 565760K, 99% used [0x0000000080000000,0x00000000a2818fc0,0x00000000a2880000)
 Metaspace       used 92797K, committed 94336K, reserved 1179648K
  class space    used 9710K, committed 10432K, reserved 1048576K
}
Event: 3869.067 GC heap after
{Heap after GC invocations=1073 (full 4):
 PSYoungGen      total 5120K, used 897K [0x00000000d5580000, 0x00000000d5c00000, 0x0000000100000000)
  eden space 4096K, 0% used [0x00000000d5580000,0x00000000d5580000,0x00000000d5980000)
  from space 1024K, 87% used [0x00000000d5a80000,0x00000000d5b60510,0x00000000d5b80000)
  to   space 512K, 0% used [0x00000000d5b80000,0x00000000d5b80000,0x00000000d5c00000)
 ParOldGen       total 566272K, used 565908K [0x0000000080000000, 0x00000000a2900000, 0x00000000d5580000)
  object space 566272K, 99% used [0x0000000080000000,0x00000000a28a5038,0x00000000a2900000)
 Metaspace       used 92797K, committed 94336K, reserved 1179648K
  class space    used 9710K, committed 10432K, reserved 1048576K
}
Event: 3869.075 GC heap before
{Heap before GC invocations=1074 (full 4):
 PSYoungGen      total 5120K, used 4993K [0x00000000d5580000, 0x00000000d5c00000, 0x0000000100000000)
  eden space 4096K, 100% used [0x00000000d5580000,0x00000000d5980000,0x00000000d5980000)
  from space 1024K, 87% used [0x00000000d5a80000,0x00000000d5b60510,0x00000000d5b80000)
  to   space 512K, 0% used [0x00000000d5b80000,0x00000000d5b80000,0x00000000d5c00000)
 ParOldGen       total 566272K, used 565908K [0x0000000080000000, 0x00000000a2900000, 0x00000000d5580000)
  object space 566272K, 99% used [0x0000000080000000,0x00000000a28a5038,0x00000000a2900000)
 Metaspace       used 92797K, committed 94336K, reserved 1179648K
  class space    used 9710K, committed 10432K, reserved 1048576K
}
Event: 3869.077 GC heap after
{Heap after GC invocations=1074 (full 4):
 PSYoungGen      total 4608K, used 512K [0x00000000d5580000, 0x00000000d5d80000, 0x0000000100000000)
  eden space 4096K, 0% used [0x00000000d5580000,0x00000000d5580000,0x00000000d5980000)
  from space 512K, 100% used [0x00000000d5b80000,0x00000000d5c00000,0x00000000d5c00000)
  to   space 2048K, 0% used [0x00000000d5980000,0x00000000d5980000,0x00000000d5b80000)
 ParOldGen       total 567296K, used 567032K [0x0000000080000000, 0x00000000a2a00000, 0x00000000d5580000)
  object space 567296K, 99% used [0x0000000080000000,0x00000000a29be378,0x00000000a2a00000)
 Metaspace       used 92797K, committed 94336K, reserved 1179648K
  class space    used 9710K, committed 10432K, reserved 1048576K
}
Event: 3869.088 GC heap before
{Heap before GC invocations=1075 (full 4):
 PSYoungGen      total 4608K, used 4608K [0x00000000d5580000, 0x00000000d5d80000, 0x0000000100000000)
  eden space 4096K, 100% used [0x00000000d5580000,0x00000000d5980000,0x00000000d5980000)
  from space 512K, 100% used [0x00000000d5b80000,0x00000000d5c00000,0x00000000d5c00000)
  to   space 2048K, 0% used [0x00000000d5980000,0x00000000d5980000,0x00000000d5b80000)
 ParOldGen       total 567296K, used 567032K [0x0000000080000000, 0x00000000a2a00000, 0x00000000d5580000)
  object space 567296K, 99% used [0x0000000080000000,0x00000000a29be378,0x00000000a2a00000)
 Metaspace       used 92797K, committed 94336K, reserved 1179648K
  class space    used 9710K, committed 10432K, reserved 1048576K
}
Event: 3869.090 GC heap after
{Heap after GC invocations=1075 (full 4):
 PSYoungGen      total 5120K, used 921K [0x00000000d5580000, 0x00000000d5c80000, 0x0000000100000000)
  eden space 4096K, 0% used [0x00000000d5580000,0x00000000d5580000,0x00000000d5980000)
  from space 1024K, 90% used [0x00000000d5980000,0x00000000d5a667b0,0x00000000d5a80000)
  to   space 1536K, 0% used [0x00000000d5b00000,0x00000000d5b00000,0x00000000d5c80000)
 ParOldGen       total 567808K, used 567576K [0x0000000080000000, 0x00000000a2a80000, 0x00000000d5580000)
  object space 567808K, 99% used [0x0000000080000000,0x00000000a2a46210,0x00000000a2a80000)
 Metaspace       used 92797K, committed 94336K, reserved 1179648K
  class space    used 9710K, committed 10432K, reserved 1048576K
}
Event: 3869.103 GC heap before
{Heap before GC invocations=1076 (full 4):
 PSYoungGen      total 5120K, used 5017K [0x00000000d5580000, 0x00000000d5c80000, 0x0000000100000000)
  eden space 4096K, 100% used [0x00000000d5580000,0x00000000d5980000,0x00000000d5980000)
  from space 1024K, 90% used [0x00000000d5980000,0x00000000d5a667b0,0x00000000d5a80000)
  to   space 1536K, 0% used [0x00000000d5b00000,0x00000000d5b00000,0x00000000d5c80000)
 ParOldGen       total 567808K, used 567576K [0x0000000080000000, 0x00000000a2a80000, 0x00000000d5580000)
  object space 567808K, 99% used [0x0000000080000000,0x00000000a2a46210,0x00000000a2a80000)
 Metaspace       used 92797K, committed 94336K, reserved 1179648K
  class space    used 9710K, committed 10432K, reserved 1048576K
}
Event: 3869.105 GC heap after
{Heap after GC invocations=1076 (full 4):
 PSYoungGen      total 5120K, used 989K [0x00000000d5580000, 0x00000000d5c00000, 0x0000000100000000)
  eden space 4096K, 0% used [0x00000000d5580000,0x00000000d5580000,0x00000000d5980000)
  from space 1024K, 96% used [0x00000000d5b00000,0x00000000d5bf7628,0x00000000d5c00000)
  to   space 1024K, 0% used [0x00000000d5980000,0x00000000d5980000,0x00000000d5a80000)
 ParOldGen       total 568832K, used 568430K [0x0000000080000000, 0x00000000a2b80000, 0x00000000d5580000)
  object space 568832K, 99% used [0x0000000080000000,0x00000000a2b1b9c0,0x00000000a2b80000)
 Metaspace       used 92797K, committed 94336K, reserved 1179648K
  class space    used 9710K, committed 10432K, reserved 1048576K
}
Event: 3869.118 GC heap before
{Heap before GC invocations=1077 (full 4):
 PSYoungGen      total 5120K, used 5085K [0x00000000d5580000, 0x00000000d5c00000, 0x0000000100000000)
  eden space 4096K, 100% used [0x00000000d5580000,0x00000000d5980000,0x00000000d5980000)
  from space 1024K, 96% used [0x00000000d5b00000,0x00000000d5bf7628,0x00000000d5c00000)
  to   space 1024K, 0% used [0x00000000d5980000,0x00000000d5980000,0x00000000d5a80000)
 ParOldGen       total 568832K, used 568430K [0x0000000080000000, 0x00000000a2b80000, 0x00000000d5580000)
  object space 568832K, 99% used [0x0000000080000000,0x00000000a2b1b9c0,0x00000000a2b80000)
 Metaspace       used 92798K, committed 94336K, reserved 1179648K
  class space    used 9710K, committed 10432K, reserved 1048576K
}
Event: 3869.120 GC heap after
{Heap after GC invocations=1077 (full 4):
 PSYoungGen      total 5120K, used 956K [0x00000000d5580000, 0x00000000d5b80000, 0x0000000100000000)
  eden space 4096K, 0% used [0x00000000d5580000,0x00000000d5580000,0x00000000d5980000)
  from space 1024K, 93% used [0x00000000d5980000,0x00000000d5a6f078,0x00000000d5a80000)
  to   space 1024K, 0% used [0x00000000d5a80000,0x00000000d5a80000,0x00000000d5b80000)
 ParOldGen       total 569344K, used 569281K [0x0000000080000000, 0x00000000a2c00000, 0x00000000d5580000)
  object space 569344K, 99% used [0x0000000080000000,0x00000000a2bf0600,0x00000000a2c00000)
 Metaspace       used 92798K, committed 94336K, reserved 1179648K
  class space    used 9710K, committed 10432K, reserved 1048576K
}
Event: 3869.130 GC heap before
{Heap before GC invocations=1078 (full 4):
 PSYoungGen      total 5120K, used 5052K [0x00000000d5580000, 0x00000000d5b80000, 0x0000000100000000)
  eden space 4096K, 100% used [0x00000000d5580000,0x00000000d5980000,0x00000000d5980000)
  from space 1024K, 93% used [0x00000000d5980000,0x00000000d5a6f078,0x00000000d5a80000)
  to   space 1024K, 0% used [0x00000000d5a80000,0x00000000d5a80000,0x00000000d5b80000)
 ParOldGen       total 569344K, used 569281K [0x0000000080000000, 0x00000000a2c00000, 0x00000000d5580000)
  object space 569344K, 99% used [0x0000000080000000,0x00000000a2bf0600,0x00000000a2c00000)
 Metaspace       used 92798K, committed 94336K, reserved 1179648K
  class space    used 9710K, committed 10432K, reserved 1048576K
}
Event: 3869.132 GC heap after
{Heap after GC invocations=1078 (full 4):
 PSYoungGen      total 4096K, used 1015K [0x00000000d5580000, 0x00000000d5d80000, 0x0000000100000000)
  eden space 3072K, 0% used [0x00000000d5580000,0x00000000d5580000,0x00000000d5880000)
  from space 1024K, 99% used [0x00000000d5a80000,0x00000000d5b7dff0,0x00000000d5b80000)
  to   space 2048K, 0% used [0x00000000d5880000,0x00000000d5880000,0x00000000d5a80000)
 ParOldGen       total 570368K, used 570142K [0x0000000080000000, 0x00000000a2d00000, 0x00000000d5580000)
  object space 570368K, 99% used [0x0000000080000000,0x00000000a2cc7980,0x00000000a2d00000)
 Metaspace       used 92798K, committed 94336K, reserved 1179648K
  class space    used 9710K, committed 10432K, reserved 1048576K
}
Event: 3869.140 GC heap before
{Heap before GC invocations=1079 (full 4):
 PSYoungGen      total 4096K, used 4087K [0x00000000d5580000, 0x00000000d5d80000, 0x0000000100000000)
  eden space 3072K, 100% used [0x00000000d5580000,0x00000000d5880000,0x00000000d5880000)
  from space 1024K, 99% used [0x00000000d5a80000,0x00000000d5b7dff0,0x00000000d5b80000)
  to   space 2048K, 0% used [0x00000000d5880000,0x00000000d5880000,0x00000000d5a80000)
 ParOldGen       total 570368K, used 570142K [0x0000000080000000, 0x00000000a2d00000, 0x00000000d5580000)
  object space 570368K, 99% used [0x0000000080000000,0x00000000a2cc7980,0x00000000a2d00000)
 Metaspace       used 92798K, committed 94336K, reserved 1179648K
  class space    used 9710K, committed 10432K, reserved 1048576K
}
Event: 3869.142 GC heap after
{Heap after GC invocations=1079 (full 4):
 PSYoungGen      total 4096K, used 998K [0x00000000d5580000, 0x00000000d5b80000, 0x0000000100000000)
  eden space 3072K, 0% used [0x00000000d5580000,0x00000000d5580000,0x00000000d5880000)
  from space 1024K, 97% used [0x00000000d5880000,0x00000000d5979a50,0x00000000d5980000)
  to   space 1536K, 0% used [0x00000000d5a00000,0x00000000d5a00000,0x00000000d5b80000)
 ParOldGen       total 571392K, used 571078K [0x0000000080000000, 0x00000000a2e00000, 0x00000000d5580000)
  object space 571392K, 99% used [0x0000000080000000,0x00000000a2db1b90,0x00000000a2e00000)
 Metaspace       used 92798K, committed 94336K, reserved 1179648K
  class space    used 9710K, committed 10432K, reserved 1048576K
}

Dll operation events (12 events):
Event: 0.013 Loaded shared library c:\Users\camil\.vscode\extensions\redhat.java-1.54.0-win32-x64\jre\21.0.10-win32-x86_64\bin\java.dll
Event: 0.085 Loaded shared library c:\Users\camil\.vscode\extensions\redhat.java-1.54.0-win32-x64\jre\21.0.10-win32-x86_64\bin\zip.dll
Event: 0.106 Loaded shared library C:\Users\camil\.vscode\extensions\redhat.java-1.54.0-win32-x64\jre\21.0.10-win32-x86_64\bin\instrument.dll
Event: 0.112 Loaded shared library C:\Users\camil\.vscode\extensions\redhat.java-1.54.0-win32-x64\jre\21.0.10-win32-x86_64\bin\net.dll
Event: 0.116 Loaded shared library C:\Users\camil\.vscode\extensions\redhat.java-1.54.0-win32-x64\jre\21.0.10-win32-x86_64\bin\nio.dll
Event: 0.122 Loaded shared library C:\Users\camil\.vscode\extensions\redhat.java-1.54.0-win32-x64\jre\21.0.10-win32-x86_64\bin\zip.dll
Event: 0.152 Loaded shared library C:\Users\camil\.vscode\extensions\redhat.java-1.54.0-win32-x64\jre\21.0.10-win32-x86_64\bin\jimage.dll
Event: 0.231 Loaded shared library c:\Users\camil\.vscode\extensions\redhat.java-1.54.0-win32-x64\jre\21.0.10-win32-x86_64\bin\verify.dll
Event: 1.294 Loaded shared library C:\Users\camil\AppData\Roaming\Code\User\globalStorage\redhat.java\1.54.0\config_win\org.eclipse.equinox.launcher\org.eclipse.equinox.launcher.win32.win32.x86_64_1.3.0.v20260203-2149\eclipse_11919.dll
Event: 4.396 Loaded shared library C:\Users\camil\AppData\Local\Temp\jna-94426418\jna2673731789305319900.dll
Event: 5.480 Loaded shared library C:\Users\camil\.vscode\extensions\redhat.java-1.54.0-win32-x64\jre\21.0.10-win32-x86_64\bin\sunmscapi.dll
Event: 5.686 Loaded shared library C:\Users\camil\.vscode\extensions\redhat.java-1.54.0-win32-x64\jre\21.0.10-win32-x86_64\bin\extnet.dll

Deoptimization events (20 events):
Event: 3868.863 Thread 0x000001fa5f4d9280 DEOPT PACKING pc=0x000001fa06152953 sp=0x000000580f4fe500
Event: 3868.863 Thread 0x000001fa5f4d9280 DEOPT UNPACKING pc=0x000001fa0a7c4242 sp=0x000000580f4fda68 mode 0
Event: 3868.980 Thread 0x000001fa622bff60 DEOPT PACKING pc=0x000001fa060c06e5 sp=0x00000058112fd2a0
Event: 3868.980 Thread 0x000001fa622bff60 DEOPT UNPACKING pc=0x000001fa0a7c4242 sp=0x00000058112fc930 mode 0
Event: 3868.987 Thread 0x000001fa5f4d9280 Uncommon trap: trap_request=0xffffffe4 fr.pc=0x000001fa0c07a800 relative=0x00000000000011c0
Event: 3868.987 Thread 0x000001fa5f4d9280 Uncommon trap: reason=range_check action=make_not_entrant pc=0x000001fa0c07a800 method=org.eclipse.jdt.internal.core.search.matching.ConstructorPattern.createDeclarationIndexKey([CI[C[[C[[CI[CII)[C @ 352 c2
Event: 3868.987 Thread 0x000001fa5f4d9280 DEOPT PACKING pc=0x000001fa0c07a800 sp=0x000000580f4fe4b0
Event: 3868.987 Thread 0x000001fa5f4d9280 DEOPT UNPACKING pc=0x000001fa0a7c3aa2 sp=0x000000580f4fe400 mode 2
Event: 3868.987 Thread 0x000001fa5f4d9280 Uncommon trap: trap_request=0xffffff45 fr.pc=0x000001fa0b6b27ac relative=0x000000000000210c
Event: 3868.987 Thread 0x000001fa5f4d9280 Uncommon trap: reason=unstable_if action=reinterpret pc=0x000001fa0b6b27ac method=org.eclipse.jdt.internal.compiler.classfmt.MethodInfo.decodeLocalVariableAttribute(II)V @ 14 c2
Event: 3868.987 Thread 0x000001fa5f4d9280 DEOPT PACKING pc=0x000001fa0b6b27ac sp=0x000000580f4fe5c0
Event: 3868.987 Thread 0x000001fa5f4d9280 DEOPT UNPACKING pc=0x000001fa0a7c3aa2 sp=0x000000580f4fe458 mode 2
Event: 3869.016 Thread 0x000001fa622bff60 Uncommon trap: trap_request=0xffffff45 fr.pc=0x000001fa0bc7eb90 relative=0x00000000000000f0
Event: 3869.016 Thread 0x000001fa622bff60 Uncommon trap: reason=unstable_if action=reinterpret pc=0x000001fa0bc7eb90 method=org.eclipse.jdt.internal.core.util.LRUCache.privateRemoveEntry(Lorg/eclipse/jdt/internal/core/util/LRUCache$LRUCacheEntry;Z)V @ 61 c2
Event: 3869.016 Thread 0x000001fa622bff60 DEOPT PACKING pc=0x000001fa0bc7eb90 sp=0x00000058112fc6c0
Event: 3869.016 Thread 0x000001fa622bff60 DEOPT UNPACKING pc=0x000001fa0a7c3aa2 sp=0x00000058112fc648 mode 2
Event: 3869.021 Thread 0x000001fa622bff60 DEOPT PACKING pc=0x000001fa060c06e5 sp=0x00000058112fc810
Event: 3869.021 Thread 0x000001fa622bff60 DEOPT UNPACKING pc=0x000001fa0a7c4242 sp=0x00000058112fbea0 mode 0
Event: 3869.023 Thread 0x000001fa622bff60 DEOPT PACKING pc=0x000001fa060c06e5 sp=0x00000058112fcba0
Event: 3869.023 Thread 0x000001fa622bff60 DEOPT UNPACKING pc=0x000001fa0a7c4242 sp=0x00000058112fc230 mode 0

Classes loaded (20 events):
Event: 1179.521 Loading class java/io/ObjectOutputStream$ReplaceTable
Event: 1179.521 Loading class java/io/ObjectOutputStream$ReplaceTable done
Event: 2411.480 Loading class java/lang/ProcessHandleImpl$ExitCompletion
Event: 2411.481 Loading class java/lang/ProcessHandleImpl$ExitCompletion done
Event: 2411.481 Loading class java/lang/ProcessHandleImpl$1
Event: 2411.481 Loading class java/lang/ProcessHandleImpl$1 done
Event: 2411.481 Loading class java/util/concurrent/CompletableFuture$UniHandle
Event: 2411.481 Loading class java/util/concurrent/CompletableFuture$UniHandle done
Event: 2655.350 Loading class java/util/Collections$EmptyListIterator
Event: 2655.350 Loading class java/util/Collections$EmptyListIterator done
Event: 2860.074 Loading class java/nio/channels/CompletionHandler
Event: 2860.075 Loading class java/nio/channels/CompletionHandler done
Event: 2930.790 Loading class java/util/ArrayDeque$DeqSpliterator
Event: 2930.790 Loading class java/util/ArrayDeque$DeqSpliterator done
Event: 3868.047 Loading class java/util/stream/Nodes$ToArrayTask$OfRef
Event: 3868.047 Loading class java/util/stream/Nodes$ToArrayTask
Event: 3868.047 Loading class java/util/stream/Nodes$ToArrayTask done
Event: 3868.047 Loading class java/util/stream/Nodes$ToArrayTask$OfRef done
Event: 3868.263 Loading class java/nio/file/Files$2
Event: 3868.263 Loading class java/nio/file/Files$2 done

Classes unloaded (20 events):
Event: 2652.853 Thread 0x000001fa000e2920 Unloading class 0x000001fa18016400 'java/lang/invoke/LambdaForm$MH+0x000001fa18016400'
Event: 2652.853 Thread 0x000001fa000e2920 Unloading class 0x000001fa1800d800 'java/lang/invoke/LambdaForm$MH+0x000001fa1800d800'
Event: 2652.853 Thread 0x000001fa000e2920 Unloading class 0x000001fa1800d400 'java/lang/invoke/LambdaForm$MH+0x000001fa1800d400'
Event: 2652.853 Thread 0x000001fa000e2920 Unloading class 0x000001fa1800d000 'java/lang/invoke/LambdaForm$MH+0x000001fa1800d000'
Event: 2652.853 Thread 0x000001fa000e2920 Unloading class 0x000001fa1800cc00 'java/lang/invoke/LambdaForm$MH+0x000001fa1800cc00'
Event: 2652.853 Thread 0x000001fa000e2920 Unloading class 0x000001fa1800c800 'java/lang/invoke/LambdaForm$BMH+0x000001fa1800c800'
Event: 2652.853 Thread 0x000001fa000e2920 Unloading class 0x000001fa1800c000 'java/lang/invoke/LambdaForm$DMH+0x000001fa1800c000'
Event: 2652.853 Thread 0x000001fa000e2920 Unloading class 0x000001fa18008c00 'java/lang/invoke/LambdaForm$MH+0x000001fa18008c00'
Event: 2652.853 Thread 0x000001fa000e2920 Unloading class 0x000001fa18008800 'java/lang/invoke/LambdaForm$MH+0x000001fa18008800'
Event: 2652.853 Thread 0x000001fa000e2920 Unloading class 0x000001fa18008400 'java/lang/invoke/LambdaForm$MH+0x000001fa18008400'
Event: 2652.853 Thread 0x000001fa000e2920 Unloading class 0x000001fa18007000 'java/lang/invoke/LambdaForm$MH+0x000001fa18007000'
Event: 2652.853 Thread 0x000001fa000e2920 Unloading class 0x000001fa18006800 'java/lang/invoke/LambdaForm$MH+0x000001fa18006800'
Event: 2652.853 Thread 0x000001fa000e2920 Unloading class 0x000001fa18006400 'java/lang/invoke/LambdaForm$MH+0x000001fa18006400'
Event: 2652.853 Thread 0x000001fa000e2920 Unloading class 0x000001fa18006000 'java/lang/invoke/LambdaForm$MH+0x000001fa18006000'
Event: 2652.853 Thread 0x000001fa000e2920 Unloading class 0x000001fa18005c00 'java/lang/invoke/LambdaForm$BMH+0x000001fa18005c00'
Event: 2652.853 Thread 0x000001fa000e2920 Unloading class 0x000001fa18004800 'java/lang/invoke/LambdaForm$DMH+0x000001fa18004800'
Event: 2652.853 Thread 0x000001fa000e2920 Unloading class 0x000001fa18002800 'java/lang/invoke/LambdaForm$MH+0x000001fa18002800'
Event: 2652.853 Thread 0x000001fa000e2920 Unloading class 0x000001fa18002400 'java/lang/invoke/LambdaForm$MH+0x000001fa18002400'
Event: 2652.853 Thread 0x000001fa000e2920 Unloading class 0x000001fa18002000 'java/lang/invoke/LambdaForm$MH+0x000001fa18002000'
Event: 2652.853 Thread 0x000001fa000e2920 Unloading class 0x000001fa18001800 'java/lang/invoke/LambdaForm$MH+0x000001fa18001800'

Classes redefined (0 events):
No events

Internal exceptions (20 events):
Event: 3867.597 Thread 0x000001fa619b0490 Exception <a 'sun/nio/fs/WindowsException'{0x00000000d566b990}> (0x00000000d566b990) 
thrown [s\src\hotspot\share\prims\jni.cpp, line 520]
Event: 3867.944 Thread 0x000001fa619b0490 Exception <a 'sun/nio/fs/WindowsException'{0x00000000d57e59c0}> (0x00000000d57e59c0) 
thrown [s\src\hotspot\share\prims\jni.cpp, line 520]
Event: 3867.944 Thread 0x000001fa619b0490 Implicit null exception at 0x000001fa0be91a85 to 0x000001fa0be95c08
Event: 3867.964 Thread 0x000001fa619b0490 Implicit null exception at 0x000001fa0ba51b4c to 0x000001fa0ba52cb4
Event: 3867.968 Thread 0x000001fa619b0490 Implicit null exception at 0x000001fa0bdd303c to 0x000001fa0bdd513c
Event: 3867.972 Thread 0x000001fa5f4d9280 Exception <a 'sun/nio/fs/WindowsException'{0x00000000d5580a78}> (0x00000000d5580a78) 
thrown [s\src\hotspot\share\prims\jni.cpp, line 520]
Event: 3868.024 Thread 0x000001fa619b0490 Implicit null exception at 0x000001fa0b582086 to 0x000001fa0b5822b8
Event: 3868.024 Thread 0x000001fa619b0490 Implicit null exception at 0x000001fa0b7212fd to 0x000001fa0b7220a0
Event: 3868.024 Thread 0x000001fa619b0490 Implicit null exception at 0x000001fa0b44811d to 0x000001fa0b4482f5
Event: 3868.046 Thread 0x000001fa622ba380 Exception <a 'sun/nio/fs/WindowsException'{0x00000000d576faa0}> (0x00000000d576faa0) 
thrown [s\src\hotspot\share\prims\jni.cpp, line 520]
Event: 3868.046 Thread 0x000001fa622ba380 Exception <a 'sun/nio/fs/WindowsException'{0x00000000d5779b90}> (0x00000000d5779b90) 
thrown [s\src\hotspot\share\prims\jni.cpp, line 520]
Event: 3868.091 Thread 0x000001fa5f4d9280 Exception <a 'sun/nio/fs/WindowsException'{0x00000000d5623aa0}> (0x00000000d5623aa0) 
thrown [s\src\hotspot\share\prims\jni.cpp, line 520]
Event: 3868.111 Thread 0x000001fa5f4d9280 Implicit null exception at 0x000001fa0aff2451 to 0x000001fa0aff26bc
Event: 3868.192 Thread 0x000001fa5f4d9280 Implicit null exception at 0x000001fa0ba55488 to 0x000001fa0ba554b1
Event: 3868.245 Thread 0x000001fa5f4d9280 Implicit null exception at 0x000001fa0bfc0269 to 0x000001fa0bfc043c
Event: 3868.263 Thread 0x000001fa622bcae0 Implicit null exception at 0x000001fa0bf7cd50 to 0x000001fa0bf7d0dd
Event: 3868.287 Thread 0x000001fa622bcae0 Exception <a 'sun/nio/fs/WindowsException'{0x00000000d5685188}> (0x00000000d5685188) 
thrown [s\src\hotspot\share\prims\jni.cpp, line 520]
Event: 3868.287 Thread 0x000001fa622bcae0 Exception <a 'sun/nio/fs/WindowsException'{0x00000000d5685970}> (0x00000000d5685970) 
thrown [s\src\hotspot\share\prims\jni.cpp, line 520]
Event: 3868.570 Thread 0x000001fa622ba380 Exception <a 'java/lang/NoSuchMethodError'{0x00000000d57c5948}: 'int java.lang.invoke.DirectMethodHandle$Holder.invokeSpecial(java.lang.Object, java.lang.Object, java.lang.Object, java.lang.Object, java.lang.Object, java.lang.Object)'> (0x00000000d57c5948) 
thrown [s\src\hotspot\share\interpreter\linkResolver.cpp, line 773]
Event: 3869.016 Thread 0x000001fa622bff60 Implicit null exception at 0x000001fa0bc7eb03 to 0x000001fa0bc7eb7c

ZGC Phase Switch (0 events):
No events

VM Operations (20 events):
Event: 3869.035 Executing safepoint VM operation: ParallelGCFailedAllocation (Allocation Failure)
Event: 3869.037 Executing safepoint VM operation: ParallelGCFailedAllocation (Allocation Failure) done
Event: 3869.044 Executing safepoint VM operation: ParallelGCFailedAllocation (Allocation Failure)
Event: 3869.046 Executing safepoint VM operation: ParallelGCFailedAllocation (Allocation Failure) done
Event: 3869.053 Executing safepoint VM operation: ParallelGCFailedAllocation (Allocation Failure)
Event: 3869.054 Executing safepoint VM operation: ParallelGCFailedAllocation (Allocation Failure) done
Event: 3869.065 Executing safepoint VM operation: ParallelGCFailedAllocation (Allocation Failure)
Event: 3869.067 Executing safepoint VM operation: ParallelGCFailedAllocation (Allocation Failure) done
Event: 3869.075 Executing safepoint VM operation: ParallelGCFailedAllocation (Allocation Failure)
Event: 3869.077 Executing safepoint VM operation: ParallelGCFailedAllocation (Allocation Failure) done
Event: 3869.088 Executing safepoint VM operation: ParallelGCFailedAllocation (Allocation Failure)
Event: 3869.090 Executing safepoint VM operation: ParallelGCFailedAllocation (Allocation Failure) done
Event: 3869.103 Executing safepoint VM operation: ParallelGCFailedAllocation (Allocation Failure)
Event: 3869.105 Executing safepoint VM operation: ParallelGCFailedAllocation (Allocation Failure) done
Event: 3869.117 Executing safepoint VM operation: ParallelGCFailedAllocation (Allocation Failure)
Event: 3869.120 Executing safepoint VM operation: ParallelGCFailedAllocation (Allocation Failure) done
Event: 3869.130 Executing safepoint VM operation: ParallelGCFailedAllocation (Allocation Failure)
Event: 3869.132 Executing safepoint VM operation: ParallelGCFailedAllocation (Allocation Failure) done
Event: 3869.140 Executing safepoint VM operation: ParallelGCFailedAllocation (Allocation Failure)
Event: 3869.142 Executing safepoint VM operation: ParallelGCFailedAllocation (Allocation Failure) done

Memory protections (0 events):
No events

Nmethod flushes (20 events):
Event: 2652.882 Thread 0x000001fa000e2920 flushing  nmethod 0x000001fa03fa5c10
Event: 2652.882 Thread 0x000001fa000e2920 flushing  nmethod 0x000001fa03fa6790
Event: 2652.882 Thread 0x000001fa000e2920 flushing  nmethod 0x000001fa03fa7810
Event: 2652.882 Thread 0x000001fa000e2920 flushing  nmethod 0x000001fa03faa310
Event: 2652.882 Thread 0x000001fa000e2920 flushing  nmethod 0x000001fa03fb4910
Event: 2652.882 Thread 0x000001fa000e2920 flushing  nmethod 0x000001fa03fb4d10
Event: 2652.882 Thread 0x000001fa000e2920 flushing  nmethod 0x000001fa03fb6b10
Event: 2652.882 Thread 0x000001fa000e2920 flushing  nmethod 0x000001fa03fb7a90
Event: 2652.882 Thread 0x000001fa000e2920 flushing  nmethod 0x000001fa03fba490
Event: 2652.882 Thread 0x000001fa000e2920 flushing  nmethod 0x000001fa03fbc890
Event: 2652.882 Thread 0x000001fa000e2920 flushing  nmethod 0x000001fa03fc9190
Event: 2652.882 Thread 0x000001fa000e2920 flushing  nmethod 0x000001fa03fca110
Event: 2652.882 Thread 0x000001fa000e2920 flushing  nmethod 0x000001fa03fcba90
Event: 2652.882 Thread 0x000001fa000e2920 flushing  nmethod 0x000001fa03fcc390
Event: 2652.882 Thread 0x000001fa000e2920 flushing  nmethod 0x000001fa03fccc10
Event: 2652.882 Thread 0x000001fa000e2920 flushing  nmethod 0x000001fa03fcda10
Event: 2652.882 Thread 0x000001fa000e2920 flushing  nmethod 0x000001fa03fd2710
Event: 2652.882 Thread 0x000001fa000e2920 flushing  nmethod 0x000001fa03ffed10
Event: 2652.882 Thread 0x000001fa000e2920 flushing  nmethod 0x000001fa0408e610
Event: 2652.882 Thread 0x000001fa000e2920 flushing  nmethod 0x000001fa040a9310

Events (20 events):
Event: 3832.703 Thread 0x000001fa5e9de100 Thread exited: 0x000001fa5e9de100
Event: 3843.906 Thread 0x000001fa000fa550 Thread added: 0x000001fa5e9de100
Event: 3843.906 Thread 0x000001fa000fa550 Thread added: 0x000001fa5e9dc5c0
Event: 3844.121 Thread 0x000001fa5e9dc5c0 Thread exited: 0x000001fa5e9dc5c0
Event: 3844.832 Thread 0x000001fa5e9de100 Thread exited: 0x000001fa5e9de100
Event: 3867.632 Thread 0x000001fa000fba90 Thread added: 0x000001fa5e9de7d0
Event: 3867.647 Thread 0x000001fa000fba90 Thread added: 0x000001fa5e9deea0
Event: 3868.047 Thread 0x000001fa622ba380 Thread added: 0x000001fa637fb330
Event: 3868.047 Thread 0x000001fa637fb330 Thread added: 0x000001fa637f9260
Event: 3868.048 Thread 0x000001fa637fb330 Thread exited: 0x000001fa637fb330
Event: 3868.048 Thread 0x000001fa637f9260 Thread exited: 0x000001fa637f9260
Event: 3868.050 Thread 0x000001fa622bcae0 Thread added: 0x000001fa637f7eb0
Event: 3868.071 Thread 0x000001fa622ba380 Thread added: 0x000001fa637fb330
Event: 3868.073 Thread 0x000001fa637fb330 Thread exited: 0x000001fa637fb330
Event: 3868.257 Thread 0x000001fa622bcae0 Thread added: 0x000001fa637f9260
Event: 3868.265 Thread 0x000001fa622bcae0 Thread added: 0x000001fa637fee40
Event: 3868.284 Thread 0x000001fa622bcae0 Thread added: 0x000001fa637fe7b0
Event: 3868.285 Thread 0x000001fa622bcae0 Thread added: 0x000001fa6bccf8b0
Event: 3868.285 Thread 0x000001fa622bcae0 Thread added: 0x000001fa6bcd1980
Event: 3868.285 Thread 0x000001fa622bcae0 Thread added: 0x000001fa6bcd3a50


Dynamic libraries:
0x00007ff7957b0000 - 0x00007ff7957be000 	c:\Users\camil\.vscode\extensions\redhat.java-1.54.0-win32-x64\jre\21.0.10-win32-x86_64\bin\java.exe
0x00007fff4d680000 - 0x00007fff4d8e7000 	C:\WINDOWS\SYSTEM32\ntdll.dll
0x00007fff4c6b0000 - 0x00007fff4c779000 	C:\WINDOWS\System32\KERNEL32.DLL
0x00007fff49f50000 - 0x00007fff4a344000 	C:\WINDOWS\System32\KERNELBASE.dll
0x00007fff4a7a0000 - 0x00007fff4a8eb000 	C:\WINDOWS\System32\ucrtbase.dll
0x00007ffeebc70000 - 0x00007ffeebc88000 	c:\Users\camil\.vscode\extensions\redhat.java-1.54.0-win32-x64\jre\21.0.10-win32-x86_64\bin\jli.dll
0x00007ffeebc40000 - 0x00007ffeebc5e000 	c:\Users\camil\.vscode\extensions\redhat.java-1.54.0-win32-x64\jre\21.0.10-win32-x86_64\bin\VCRUNTIME140.dll
0x00007fff4c4e0000 - 0x00007fff4c6a5000 	C:\WINDOWS\System32\USER32.dll
0x00007fff4a410000 - 0x00007fff4a437000 	C:\WINDOWS\System32\win32u.dll
0x00007fff39a20000 - 0x00007fff39cb3000 	C:\WINDOWS\WinSxS\amd64_microsoft.windows.common-controls_6595b64144ccf1df_6.0.26100.8115_none_3e075c82e3354f9c\COMCTL32.dll
0x00007fff4ccb0000 - 0x00007fff4ccdb000 	C:\WINDOWS\System32\GDI32.dll
0x00007fff4c2c0000 - 0x00007fff4c369000 	C:\WINDOWS\System32\msvcrt.dll
0x00007fff4a4f0000 - 0x00007fff4a61b000 	C:\WINDOWS\System32\gdi32full.dll
0x00007fff4a8f0000 - 0x00007fff4a993000 	C:\WINDOWS\System32\msvcp_win.dll
0x00007fff4cb30000 - 0x00007fff4cb62000 	C:\WINDOWS\System32\IMM32.DLL
0x00007fff24db0000 - 0x00007fff24dbc000 	c:\Users\camil\.vscode\extensions\redhat.java-1.54.0-win32-x64\jre\21.0.10-win32-x86_64\bin\vcruntime140_1.dll
0x00007ffea95e0000 - 0x00007ffea966d000 	c:\Users\camil\.vscode\extensions\redhat.java-1.54.0-win32-x64\jre\21.0.10-win32-x86_64\bin\msvcp140.dll
0x00007ffea8360000 - 0x00007ffea9101000 	c:\Users\camil\.vscode\extensions\redhat.java-1.54.0-win32-x64\jre\21.0.10-win32-x86_64\bin\server\jvm.dll
0x00007fff4cb70000 - 0x00007fff4cc26000 	C:\WINDOWS\System32\ADVAPI32.dll
0x00007fff4d590000 - 0x00007fff4d637000 	C:\WINDOWS\System32\sechost.dll
0x00007fff4b7a0000 - 0x00007fff4b8b8000 	C:\WINDOWS\System32\RPCRT4.dll
0x00007fff4cd00000 - 0x00007fff4cd80000 	C:\WINDOWS\System32\WS2_32.dll
0x00007fff49db0000 - 0x00007fff49e0e000 	C:\WINDOWS\SYSTEM32\POWRPROF.dll
0x00007fff44780000 - 0x00007fff4478b000 	C:\WINDOWS\SYSTEM32\VERSION.dll
0x00007fff44740000 - 0x00007fff44776000 	C:\WINDOWS\SYSTEM32\WINMM.dll
0x00007fff49d90000 - 0x00007fff49da4000 	C:\WINDOWS\SYSTEM32\UMPDC.dll
0x00007fff48ce0000 - 0x00007fff48cfb000 	C:\WINDOWS\SYSTEM32\kernel.appcore.dll
0x00007fff21830000 - 0x00007fff2183a000 	c:\Users\camil\.vscode\extensions\redhat.java-1.54.0-win32-x64\jre\21.0.10-win32-x86_64\bin\jimage.dll
0x00007fff402d0000 - 0x00007fff40512000 	C:\WINDOWS\SYSTEM32\DBGHELP.DLL
0x00007fff4b410000 - 0x00007fff4b792000 	C:\WINDOWS\System32\combase.dll
0x00007fff4c9d0000 - 0x00007fff4caa8000 	C:\WINDOWS\System32\OLEAUT32.dll
0x00007fff33200000 - 0x00007fff3323b000 	C:\WINDOWS\SYSTEM32\dbgcore.DLL
0x00007fff4a440000 - 0x00007fff4a4e5000 	C:\WINDOWS\System32\bcryptPrimitives.dll
0x00007fff1eee0000 - 0x00007fff1eeef000 	c:\Users\camil\.vscode\extensions\redhat.java-1.54.0-win32-x64\jre\21.0.10-win32-x86_64\bin\instrument.dll
0x00007ffed55d0000 - 0x00007ffed55f0000 	c:\Users\camil\.vscode\extensions\redhat.java-1.54.0-win32-x64\jre\21.0.10-win32-x86_64\bin\java.dll
0x00007fff4ce20000 - 0x00007fff4d587000 	C:\WINDOWS\System32\SHELL32.dll
0x00007fff4b2a0000 - 0x00007fff4b40a000 	C:\WINDOWS\System32\wintypes.dll
0x00007fff4aa30000 - 0x00007fff4b298000 	C:\WINDOWS\System32\windows.storage.dll
0x00007fff4c1b0000 - 0x00007fff4c2a8000 	C:\WINDOWS\System32\SHCORE.dll
0x00007fff4c780000 - 0x00007fff4c7e6000 	C:\WINDOWS\System32\shlwapi.dll
0x00007fff49e70000 - 0x00007fff49e99000 	C:\WINDOWS\SYSTEM32\profapi.dll
0x00007ffed55b0000 - 0x00007ffed55c8000 	c:\Users\camil\.vscode\extensions\redhat.java-1.54.0-win32-x64\jre\21.0.10-win32-x86_64\bin\zip.dll
0x00007fff1c690000 - 0x00007fff1c6a0000 	C:\Users\camil\.vscode\extensions\redhat.java-1.54.0-win32-x64\jre\21.0.10-win32-x86_64\bin\net.dll
0x00007fff416c0000 - 0x00007fff417ed000 	C:\WINDOWS\SYSTEM32\WINHTTP.dll
0x00007fff49250000 - 0x00007fff492bc000 	C:\WINDOWS\system32\mswsock.dll
0x00007ffece2c0000 - 0x00007ffece2d6000 	C:\Users\camil\.vscode\extensions\redhat.java-1.54.0-win32-x64\jre\21.0.10-win32-x86_64\bin\nio.dll
0x00007fff1c100000 - 0x00007fff1c110000 	c:\Users\camil\.vscode\extensions\redhat.java-1.54.0-win32-x64\jre\21.0.10-win32-x86_64\bin\verify.dll
0x00007ffec6800000 - 0x00007ffec6845000 	C:\Users\camil\AppData\Roaming\Code\User\globalStorage\redhat.java\1.54.0\config_win\org.eclipse.equinox.launcher\org.eclipse.equinox.launcher.win32.win32.x86_64_1.3.0.v20260203-2149\eclipse_11919.dll
0x00007fff4ba80000 - 0x00007fff4bc17000 	C:\WINDOWS\System32\ole32.dll
0x00007fff49530000 - 0x00007fff4954b000 	C:\WINDOWS\SYSTEM32\CRYPTSP.dll
0x00007fff48c40000 - 0x00007fff48c79000 	C:\WINDOWS\system32\rsaenh.dll
0x00007fff49300000 - 0x00007fff49333000 	C:\WINDOWS\SYSTEM32\USERENV.dll
0x00007fff49e40000 - 0x00007fff49e6a000 	C:\WINDOWS\SYSTEM32\bcrypt.dll
0x00007fff49550000 - 0x00007fff4955c000 	C:\WINDOWS\SYSTEM32\CRYPTBASE.dll
0x00007fff486e0000 - 0x00007fff48712000 	C:\WINDOWS\SYSTEM32\IPHLPAPI.DLL
0x00007fff4ccf0000 - 0x00007fff4ccfa000 	C:\WINDOWS\System32\NSI.dll
0x00007ffec1cf0000 - 0x00007ffec1d39000 	C:\Users\camil\AppData\Local\Temp\jna-94426418\jna2673731789305319900.dll
0x00007fff4c450000 - 0x00007fff4c458000 	C:\WINDOWS\System32\PSAPI.DLL
0x00007fff41660000 - 0x00007fff4167d000 	C:\WINDOWS\SYSTEM32\dhcpcsvc6.DLL
0x00007fff40bf0000 - 0x00007fff40c15000 	C:\WINDOWS\SYSTEM32\dhcpcsvc.DLL
0x00007fff21560000 - 0x00007fff2156e000 	C:\Users\camil\.vscode\extensions\redhat.java-1.54.0-win32-x64\jre\21.0.10-win32-x86_64\bin\sunmscapi.dll
0x00007fff4a620000 - 0x00007fff4a797000 	C:\WINDOWS\System32\CRYPT32.dll
0x00007fff49750000 - 0x00007fff49780000 	C:\WINDOWS\SYSTEM32\ncrypt.dll
0x00007fff49700000 - 0x00007fff4973f000 	C:\WINDOWS\SYSTEM32\NTASN1.dll
0x00007fff487d0000 - 0x00007fff48902000 	C:\WINDOWS\SYSTEM32\DNSAPI.dll
0x00007fff41e30000 - 0x00007fff41e3b000 	C:\Windows\System32\rasadhlp.dll
0x00007fff40030000 - 0x00007fff400b6000 	C:\WINDOWS\System32\fwpuclnt.dll
0x00007fff21550000 - 0x00007fff21559000 	C:\Users\camil\.vscode\extensions\redhat.java-1.54.0-win32-x64\jre\21.0.10-win32-x86_64\bin\extnet.dll
0x00007fff48e00000 - 0x00007fff48e36000 	C:\WINDOWS\SYSTEM32\ntmarta.dll

JVMTI agents:
c:\Users\camil\.vscode\extensions\redhat.java-1.54.0-win32-x64\lombok\lombok-1.18.39-4050.jar path:c:\Users\camil\.vscode\extensions\redhat.java-1.54.0-win32-x64\jre\21.0.10-win32-x86_64\bin\instrument.dll, loaded, initialized, instrumentlib options:none

dbghelp: loaded successfully - version: 4.0.5 - missing functions: none
symbol engine: initialized successfully - sym options: 0x614 - pdb path: .;c:\Users\camil\.vscode\extensions\redhat.java-1.54.0-win32-x64\jre\21.0.10-win32-x86_64\bin;C:\WINDOWS\SYSTEM32;C:\WINDOWS\WinSxS\amd64_microsoft.windows.common-controls_6595b64144ccf1df_6.0.26100.8115_none_3e075c82e3354f9c;c:\Users\camil\.vscode\extensions\redhat.java-1.54.0-win32-x64\jre\21.0.10-win32-x86_64\bin\server;C:\Users\camil\AppData\Roaming\Code\User\globalStorage\redhat.java\1.54.0\config_win\org.eclipse.equinox.launcher\org.eclipse.equinox.launcher.win32.win32.x86_64_1.3.0.v20260203-2149;C:\Users\camil\AppData\Local\Temp\jna-94426418

VM Arguments:
jvm_args: --add-modules=ALL-SYSTEM --add-opens=java.base/java.util=ALL-UNNAMED --add-opens=java.base/java.lang=ALL-UNNAMED --add-opens=java.base/sun.nio.fs=ALL-UNNAMED -Declipse.application=org.eclipse.jdt.ls.core.id1 -Dosgi.bundles.defaultStartLevel=4 -Declipse.product=org.eclipse.jdt.ls.core.product -Djava.import.generatesMetadataFilesAtProjectRoot=false -DDetectVMInstallationsJob.disabled=true -Dfile.encoding=utf8 -XX:+UseParallelGC -XX:GCTimeRatio=4 -XX:AdaptiveSizePolicyWeight=90 -Dsun.zip.disableMemoryMapping=true -Xmx2G -Xms100m -Xlog:disable -javaagent:c:\Users\camil\.vscode\extensions\redhat.java-1.54.0-win32-x64\lombok\lombok-1.18.39-4050.jar -XX:+HeapDumpOnOutOfMemoryError -XX:HeapDumpPath=c:\Users\camil\AppData\Roaming\Code\User\workspaceStorage\fcb90d46bb9a1586029f89fc31149cd5\redhat.java -Daether.dependencyCollector.impl=bf 
java_command: c:\Users\camil\.vscode\extensions\redhat.java-1.54.0-win32-x64\server\plugins\org.eclipse.equinox.launcher_1.7.100.v20251111-0406.jar -configuration c:\Users\camil\AppData\Roaming\Code\User\globalStorage\redhat.java\1.54.0\config_win -data c:\Users\camil\AppData\Roaming\Code\User\workspaceStorage\fcb90d46bb9a1586029f89fc31149cd5\redhat.java\jdt_ws --pipe=\\.\pipe\lsp-162f8b4c5334675a341bf45fb002d86e-sock
java_class_path (initial): c:\Users\camil\.vscode\extensions\redhat.java-1.54.0-win32-x64\server\plugins\org.eclipse.equinox.launcher_1.7.100.v20251111-0406.jar
Launcher Type: SUN_STANDARD

[Global flags]
    uintx AdaptiveSizePolicyWeight                 = 90                                        {product} {command line}
     intx CICompilerCount                          = 4                                         {product} {ergonomic}
    uintx GCTimeRatio                              = 4                                         {product} {command line}
     bool HeapDumpOnOutOfMemoryError               = true                                   {manageable} {command line}
    ccstr HeapDumpPath                             = c:\Users\camil\AppData\Roaming\Code\User\workspaceStorage\fcb90d46bb9a1586029f89fc31149cd5\redhat.java         {manageable} {command line}
   size_t InitialHeapSize                          = 104857600                                 {product} {command line}
   size_t MaxHeapSize                              = 2147483648                                {product} {command line}
   size_t MaxNewSize                               = 715653120                                 {product} {ergonomic}
   size_t MinHeapDeltaBytes                        = 524288                                    {product} {ergonomic}
   size_t MinHeapSize                              = 104857600                                 {product} {command line}
   size_t NewSize                                  = 34603008                                  {product} {ergonomic}
    uintx NonNMethodCodeHeapSize                   = 5839372                                {pd product} {ergonomic}
    uintx NonProfiledCodeHeapSize                  = 122909434                              {pd product} {ergonomic}
   size_t OldSize                                  = 70254592                                  {product} {ergonomic}
    uintx ProfiledCodeHeapSize                     = 122909434                              {pd product} {ergonomic}
    uintx ReservedCodeCacheSize                    = 251658240                              {pd product} {ergonomic}
     bool SegmentedCodeCache                       = true                                      {product} {ergonomic}
   size_t SoftMaxHeapSize                          = 2147483648                             {manageable} {ergonomic}
     bool UseCompressedOops                        = true                           {product lp64_product} {ergonomic}
     bool UseLargePagesIndividualAllocation        = false                                  {pd product} {ergonomic}
     bool UseParallelGC                            = true                                      {product} {command line}

Logging:
Log output configuration:
 #0: stdout all=off uptime,level,tags foldmultilines=false
 #1: stderr all=off uptime,level,tags foldmultilines=false

Release file:
JAVA_VERSION="21.0.10" 
MODULES="java.base java.compiler java.datatransfer java.xml java.prefs java.desktop java.instrument java.logging java.management java.security.sasl java.naming java.rmi java.management.rmi java.net.http java.scripting java.security.jgss java.transaction.xa java.sql java.sql.rowset java.xml.crypto java.se java.smartcardio jdk.accessibility jdk.internal.jvmstat jdk.attach jdk.charsets jdk.internal.opt jdk.zipfs jdk.compiler jdk.crypto.ec jdk.crypto.cryptoki jdk.crypto.mscapi jdk.dynalink jdk.internal.ed jdk.editpad jdk.hotspot.agent jdk.httpserver jdk.internal.le jdk.internal.vm.ci jdk.internal.vm.compiler jdk.internal.vm.compiler.management jdk.jartool jdk.javadoc jdk.jcmd jdk.management jdk.management.agent jdk.jconsole jdk.jdeps jdk.jdwp.agent jdk.jdi jdk.jfr jdk.jshell jdk.jsobject jdk.jstatd jdk.localedata jdk.management.jfr jdk.naming.dns jdk.naming.rmi jdk.net jdk.nio.mapmode jdk.random jdk.sctp jdk.security.auth jdk.security.jgss jdk.unsupported jdk.unsupported.desktop jdk.xml.dom" 

Environment Variables:
JAVA_HOME=C:\Program Files\Java\jdk-21
PATH=C:\Users\camil\AppData\Local\Programs\Microsoft VS Code;C:\Program Files (x86)\VMware\VMware Player\bin\;C:\Program Files\Common Files\Oracle\Java\javapath;C:\WINDOWS\system32;C:\WINDOWS;C:\WINDOWS\System32\Wbem;C:\WINDOWS\System32\WindowsPowerShell\v1.0\;C:\WINDOWS\System32\OpenSSH\;C:\Users\camil\Documents\CAMILO\DOC UNI\POLIGRAN\Semestre II\Programacion de Computadores\JAVA\bin;C:\Program Files\Microsoft SQL Server\Client SDK\ODBC\170\Tools\Binn\;C:\Program Files (x86)\Microsoft SQL Server\150\Tools\Binn\;C:\Program Files\Microsoft SQL Server\150\Tools\Binn\;C:\Program Files\Microsoft SQL Server\150\DTS\Binn\;C:\Program Files (x86)\Windows Kits\8.1\Windows Performance Toolkit\;C:\Program Files\Git\cmd;C:\Program Files\dotnet\;C:\Program Files (x86)\Windows Kits\10\Windows Performance Toolkit\;C:\dev\flutter\bin;C:\Program Files\Java\jdk-21\bin;C:\Users\camil\AppData\Local\Microsoft\WindowsApps;D:\CAMILO\DOC UNI\POLIGRAN\Semestre lV\IntelliJ IDEA Community Edition 2024.3.3\bin;;C:\Users\camil\AppData\Local\Programs\cursor\resources\app\bin;C:\Users\camil\AppData\Local\Programs\Microsoft VS Code\bin;C:\Users\camil\.dotnet\tools;C:\dev\flutter\bin;C:\Users\camil\AppData\Local\Python\bin
USERNAME=camil
OS=Windows_NT
PROCESSOR_IDENTIFIER=AMD64 Family 25 Model 80 Stepping 0, AuthenticAMD
TMP=C:\Users\camil\AppData\Local\Temp
TEMP=C:\Users\camil\AppData\Local\Temp




Periodic native trim disabled

---------------  S Y S T E M  ---------------

OS:
 Windows 11 , 64 bit Build 26100 (10.0.26100.8246)
OS uptime: 0 days 5:08 hours

CPU: total 12 (initial active 12) (12 cores per cpu, 2 threads per core) family 25 model 80 stepping 0 microcode 0xa50000d, cx8, cmov, fxsr, ht, mmx, 3dnowpref, sse, sse2, sse3, ssse3, sse4a, sse4.1, sse4.2, popcnt, lzcnt, tsc, tscinvbit, avx, avx2, aes, erms, clmul, bmi1, bmi2, adx, sha, fma, vzeroupper, clflush, clflushopt, rdtscp, rdpid, fsrm, f16c, pku, cet_ss
Processor Information for the first 12 processors :
  Max Mhz: 3901, Current Mhz: 3901, Mhz Limit: 3901

Memory: 4k page, system-wide physical 15740M (2246M free)
TotalPageFile size 24141M (AvailPageFile size 3342M)
current process WorkingSet (physical memory assigned to process): 1027M, peak: 1034M
current process commit charge ("private bytes"): 1095M, peak: 1095M

vm_info: OpenJDK 64-Bit Server VM (21.0.10+7-LTS) for windows-amd64 JRE (21.0.10+7-LTS), built on 2026-01-20T00:00:00Z by "admin" with MS VC++ 17.12 (VS2022)

END.
