#
# A fatal error has been detected by the Java Runtime Environment:
#
#  EXCEPTION_ACCESS_VIOLATION (0xc0000005) at pc=0x00007ff98f991ca7, pid=22724, tid=23388
#
# JRE version: OpenJDK Runtime Environment Temurin-21.0.10+7 (21.0.10+7) (build 21.0.10+7-LTS)
# Java VM: OpenJDK 64-Bit Server VM Temurin-21.0.10+7 (21.0.10+7-LTS, mixed mode, sharing, tiered, compressed oops, compressed class ptrs, parallel gc, windows-amd64)
# Problematic frame:
# V  [jvm.dll+0x721ca7]
#
# No core dump will be written. Minidumps are not enabled by default on client versions of Windows
#
# If you would like to submit a bug report, please visit:
#   https://github.com/adoptium/adoptium-support/issues
#

---------------  S U M M A R Y ------------

Command Line: --add-modules=ALL-SYSTEM --add-opens=java.base/java.util=ALL-UNNAMED --add-opens=java.base/java.lang=ALL-UNNAMED --add-opens=java.base/sun.nio.fs=ALL-UNNAMED -Declipse.application=org.eclipse.jdt.ls.core.id1 -Dosgi.bundles.defaultStartLevel=4 -Declipse.product=org.eclipse.jdt.ls.core.product -Djava.import.generatesMetadataFilesAtProjectRoot=false -DDetectVMInstallationsJob.disabled=true -Dfile.encoding=utf8 -XX:+UseParallelGC -XX:GCTimeRatio=4 -XX:AdaptiveSizePolicyWeight=90 -Dsun.zip.disableMemoryMapping=true -Xmx2G -Xms100m -Xlog:disable -javaagent:c:\Users\camil\.vscode\extensions\redhat.java-1.53.0-win32-x64\lombok\lombok-1.18.39-4050.jar -XX:+HeapDumpOnOutOfMemoryError -XX:HeapDumpPath=c:\Users\camil\AppData\Roaming\Code\User\workspaceStorage\fcb90d46bb9a1586029f89fc31149cd5\redhat.java -Daether.dependencyCollector.impl=bf c:\Users\camil\.vscode\extensions\redhat.java-1.53.0-win32-x64\server\plugins\org.eclipse.equinox.launcher_1.7.100.v20251111-0406.jar -configuration c:\Users\camil\AppData\Roaming\Code\User\globalStorage\redhat.java\1.53.0\config_win -data c:\Users\camil\AppData\Roaming\Code\User\workspaceStorage\fcb90d46bb9a1586029f89fc31149cd5\redhat.java\jdt_ws --pipe=\\.\pipe\lsp-be72f2106ff8e86c82553b8902d20889-sock

Host: AMD Ryzen 5 5600G with Radeon Graphics         , 12 cores, 15G,  Windows 11 , 64 bit Build 26100 (10.0.26100.7920)
Time: Thu Mar 26 20:46:15 2026 Hora est. Pacífico, Sudamérica elapsed time: 5.275698 seconds (0d 0h 0m 5s)

---------------  T H R E A D  ---------------

Current thread (0x000001fce4032f70):  JavaThread "C2 CompilerThread1" daemon [_thread_in_native, id=23388, stack(0x0000008b28b00000,0x0000008b28c00000) (1024K)]


Current CompileTask:
C2:5275 5698   !   4       org.eclipse.osgi.internal.loader.classpath.ClasspathManager::defineClass (636 bytes)

Stack: [0x0000008b28b00000,0x0000008b28c00000],  sp=0x0000008b28bfc730,  free space=1009k
Native frames: (J=compiled Java code, j=interpreted, Vv=VM code, C=native code)
V  [jvm.dll+0x721ca7]
V  [jvm.dll+0x1e3c81]
V  [jvm.dll+0x24c6b3]
V  [jvm.dll+0x24bb40]
V  [jvm.dll+0x1cb34e]
V  [jvm.dll+0x25b85d]
V  [jvm.dll+0x259dea]
V  [jvm.dll+0x3f857e]
V  [jvm.dll+0x85f59d]
V  [jvm.dll+0x6d626d]
C  [ucrtbase.dll+0x37b0]
C  [KERNEL32.DLL+0x2e8d7]
C  [ntdll.dll+0x8c48c]


siginfo: EXCEPTION_ACCESS_VIOLATION (0xc0000005), writing address 0x000001fcf72492d8


Registers:
RAX=0x000001fcf72492d8, RBX=0x0000000000000399, RCX=0x0000000000003945, RDX=0x0000000000003945
RSP=0x0000008b28bfc730, RBP=0x0000008b28bfc830, RSI=0x0000000000000002, RDI=0x000001fce47318d0
R8 =0x00000000000018ce, R9 =0x000001fce75ad2b0, R10=0x000001fce75ad2a0, R11=0x0000000000000005
R12=0x0000008b28bfced0, R13=0x000001fce46b7060, R14=0x0000000000000001, R15=0x0000000000000000
RIP=0x00007ff98f991ca7, EFLAGS=0x0000000000010287

XMM[0]=0x0000000000000000 0x0000000000000000
XMM[1]=0x000001fce4730f68 0x000001fce4730e68
XMM[2]=0x000001fce4730b28 0x000001fce4730aa8
XMM[3]=0x0000000000000000 0x0000000000000000
XMM[4]=0x0000000000000000 0x0000000000000000
XMM[5]=0x000001fce4731268 0x000001fce47311e8
XMM[6]=0x000001fce41f4a40 0x00000ba400000000
XMM[7]=0x0000000000000000 0x0000008b28bfcc00
XMM[8]=0x0000000000000000 0x4087700000000000
XMM[9]=0x0000000000000000 0x0000000000000000
XMM[10]=0x0000000000000000 0x0000000000000000
XMM[11]=0x0000000000000000 0x0000000000000000
XMM[12]=0x0000000000000000 0x0000000000000000
XMM[13]=0x0000000000000000 0x0000000000000000
XMM[14]=0x0000000000000000 0x0000000000000000
XMM[15]=0x0000000000000000 0x0000000000000000
  MXCSR=0x00001fa0


Register to memory mapping:

RAX=0x000001fcf72492d8 is an unknown value
RBX=0x0000000000000399 is an unknown value
RCX=0x0000000000003945 is an unknown value
RDX=0x0000000000003945 is an unknown value
RSP=0x0000008b28bfc730 is pointing into the stack for thread: 0x000001fce4032f70
RBP=0x0000008b28bfc830 is pointing into the stack for thread: 0x000001fce4032f70
RSI=0x0000000000000002 is an unknown value
RDI=0x000001fce47318d0 points into unknown readable memory: 0x00007ff98fc63140 | 40 31 c6 8f f9 7f 00 00
R8 =0x00000000000018ce is an unknown value
R9 =0x000001fce75ad2b0 points into unknown readable memory: 0x000001fce47318d0 | d0 18 73 e4 fc 01 00 00
R10=0x000001fce75ad2a0 points into unknown readable memory: 0x000001fce55f1590 | 90 15 5f e5 fc 01 00 00
R11=0x0000000000000005 is an unknown value
R12=0x0000008b28bfced0 is pointing into the stack for thread: 0x000001fce4032f70
R13=0x000001fce46b7060 points into unknown readable memory: 0x00007ff98fc67ae0 | e0 7a c6 8f f9 7f 00 00
R14=0x0000000000000001 is an unknown value
R15=0x0 is null

Top of Stack: (sp=0x0000008b28bfc730)
0x0000008b28bfc730:   000001fce471e6e8 0000008b28bfc830
0x0000008b28bfc740:   0000000000000002 000001fce47318d0
0x0000008b28bfc750:   000001fc000018ce 000001fc00000001
0x0000008b28bfc760:   000001fc000018cd 0000008b28bfc701
0x0000008b28bfc770:   000001fc00000000 0000008b28bfc7e0
0x0000008b28bfc780:   0000000000000090 0000000000000000
0x0000008b28bfc790:   0000000100000001 0000008b00000ba4
0x0000008b28bfc7a0:   000001fce46b7060 0000000000000800
0x0000008b28bfc7b0:   000001fce41f1bb0 00000001000000f2
0x0000008b28bfc7c0:   00007ff900000617 0000000000000000
0x0000008b28bfc7d0:   0000000000000000 000001fce7248b48
0x0000008b28bfc7e0:   00000ba400000000 000001fce41f4a40
0x0000008b28bfc7f0:   0000008b28bfcc00 ffffffffffffffff
0x0000008b28bfc800:   000001fce46b7208 000001fcdeddb820
0x0000008b28bfc810:   0000000c000002db 000001fcf72492d8
0x0000008b28bfc820:   000001fce742e3b0 00000ba4000000f2
0x0000008b28bfc830:   000001fce41f1bb0 0000008b28bfcc00
0x0000008b28bfc840:   000001fce742b690 000001fcdedd8990
0x0000008b28bfc850:   00000ba400000000 000001fce41f4a40
0x0000008b28bfc860:   0000008b28bfcc00 ffffffff00000000
0x0000008b28bfc870:   00000000000000f2 000001fc00000000
0x0000008b28bfc880:   000001fce742eb40 0000000000000000
0x0000008b28bfc890:   000001fcdf02f930 00000000000003d8
0x0000008b28bfc8a0:   000001fcdf02f940 000001fcdf02fd18
0x0000008b28bfc8b0:   0000008b28bfcc00 000005a300000200
0x0000008b28bfc8c0:   000001fce5c04f80 000000000000013c
0x0000008b28bfc8d0:   0000008b28bfcc00 0000000200000400
0x0000008b28bfc8e0:   000001fce5c02f60 000001fc0000039a
0x0000008b28bfc8f0:   0000008b28bfcc00 000001fcdf02f930
0x0000008b28bfc900:   000001fcdf02f940 000001fcdf02fd18
0x0000008b28bfc910:   00000000000003d8 0000008b28bfc920
0x0000008b28bfc920:   0001000105555455 0001000100010001 

Instructions: (pc=0x00007ff98f991ca7)
0x00007ff98f991ba7:   33 c0 ba 58 00 00 00 e8 7d 4f 9a ff 48 8b f8 4c
0x00007ff98f991bb7:   8b 6c 24 70 48 85 ff 74 69 41 83 7d 18 00 76 07
0x00007ff98f991bc7:   49 8b 4d 20 4c 8b 31 49 8b 04 24 49 8b cc ff 50
0x00007ff98f991bd7:   28 41 8b 56 18 48 8b cf 48 8b d8 e8 89 f1 f8 ff
0x00007ff98f991be7:   48 8d 05 52 15 2d 00 48 89 5f 38 4d 8b c6 48 89
0x00007ff98f991bf7:   07 33 d2 48 c7 47 40 00 00 00 00 48 8b cf 48 c7
0x00007ff98f991c07:   47 48 ff ff ff ff c7 47 50 01 00 00 00 c7 47 54
0x00007ff98f991c17:   00 6c ca 88 c7 47 2c 0c 00 00 00 e8 99 c6 99 ff
0x00007ff98f991c27:   eb 03 49 8b fe 48 8b 45 a8 4c 8b cf 4c 8b a5 30
0x00007ff98f991c37:   02 00 00 44 8b c6 49 8b d5 4a 89 3c f8 8b 8d 38
0x00007ff98f991c47:   02 00 00 89 4c 24 20 8d 41 01 49 8b cc 89 85 38
0x00007ff98f991c57:   02 00 00 e8 91 24 00 00 48 63 4f 28 49 8b 84 24
0x00007ff98f991c67:   08 01 00 00 44 8b 75 8c 44 89 34 88 8b 9d b8 00
0x00007ff98f991c77:   00 00 8d 43 01 89 85 b8 00 00 00 3b 9d a8 00 00
0x00007ff98f991c87:   00 72 0e 8b d3 48 8d 8d a0 00 00 00 e8 18 0e f9
0x00007ff98f991c97:   ff 48 8b 85 b0 00 00 00 48 89 3c d8 48 8b 45 e8
0x00007ff98f991ca7:   41 c6 04 07 01 41 8b 5d 28 41 8b c6 ff cb 48 69
0x00007ff98f991cb7:   f0 b0 00 00 00 49 8b 44 24 70 48 03 70 20 41 3b
0x00007ff98f991cc7:   5d 18 73 0a 49 8b 45 20 48 8b 3c d8 eb 02 33 ff
0x00007ff98f991cd7:   48 8b 07 48 8b cf ff 50 20 48 3b c7 74 04 41 2b
0x00007ff98f991ce7:   5d 48 8b 86 a8 00 00 00 a8 20 75 55 a8 06 75 08
0x00007ff98f991cf7:   41 8b 45 70 32 c9 eb 06 41 8b 45 78 b1 01 3b d8
0x00007ff98f991d07:   0f 82 28 01 00 00 84 c9 74 0b 41 8b 5d 74 e8 56
0x00007ff98f991d17:   94 94 ff eb 09 41 8b 5d 6c e8 9b b3 94 ff 0f b7
0x00007ff98f991d27:   8e 9c 00 00 00 8b d0 8b 86 98 00 00 00 3b c1 7e
0x00007ff98f991d37:   06 ff c9 d3 f8 eb 02 8b c2 3b d8 0f 8c ed 00 00
0x00007ff98f991d47:   00 41 8b c6 48 69 d0 b0 00 00 00 49 8b 44 24 70
0x00007ff98f991d57:   48 8b 48 20 f6 84 0a a8 00 00 00 40 0f 85 c1 00
0x00007ff98f991d67:   00 00 be 01 00 00 00 66 90 41 8b 5d 28 ff cb 41
0x00007ff98f991d77:   3b 5d 18 73 0a 49 8b 45 20 48 8b 3c d8 eb 02 33
0x00007ff98f991d87:   ff 48 8b 07 48 8b cf ff 50 20 48 3b c7 74 04 41
0x00007ff98f991d97:   2b 5d 48 3b f3 0f 87 88 00 00 00 41 3b 75 18 73 


Stack slot to memory mapping:

stack at sp + 0 slots: 0x000001fce471e6e8 points into unknown readable memory: 0x00007ff98fd2cf28 | 28 cf d2 8f f9 7f 00 00
stack at sp + 1 slots: 0x0000008b28bfc830 is pointing into the stack for thread: 0x000001fce4032f70
stack at sp + 2 slots: 0x0000000000000002 is an unknown value
stack at sp + 3 slots: 0x000001fce47318d0 points into unknown readable memory: 0x00007ff98fc63140 | 40 31 c6 8f f9 7f 00 00
stack at sp + 4 slots: 0x000001fc000018ce is an unknown value
stack at sp + 5 slots: 0x000001fc00000001 is an unknown value
stack at sp + 6 slots: 0x000001fc000018cd is an unknown value
stack at sp + 7 slots: 0x0000008b28bfc701 is pointing into the stack for thread: 0x000001fce4032f70


---------------  P R O C E S S  ---------------

Threads class SMR info:
_java_thread_list=0x000001fce56148d0, length=49, elements={
0x000001fc85fbe050, 0x000001fc85f6d130, 0x000001fc85f6e050, 0x000001fc86064670,
0x000001fc86065680, 0x000001fc860680f0, 0x000001fc86068b50, 0x000001fc860698e0,
0x000001fc86073670, 0x000001fcdef07260, 0x000001fcdf00f250, 0x000001fce4032f70,
0x000001fce4d0be20, 0x000001fce48b81f0, 0x000001fce44a3520, 0x000001fce4ace790,
0x000001fce4898860, 0x000001fce4ff36f0, 0x000001fce4defea0, 0x000001fce50ab300,
0x000001fce4f88440, 0x000001fce4f87db0, 0x000001fce4f88ad0, 0x000001fce4f89160,
0x000001fce4f897f0, 0x000001fce4f89e80, 0x000001fce4f87090, 0x000001fce4f8a510,
0x000001fce4f87720, 0x000001fce68ac090, 0x000001fce68ad440, 0x000001fce68afba0,
0x000001fce68ac720, 0x000001fce68af510, 0x000001fce68b0230, 0x000001fce68acdb0,
0x000001fce68b08c0, 0x000001fce68b0f50, 0x000001fce68adad0, 0x000001fce68b15e0,
0x000001fce68ae160, 0x000001fce68b1c70, 0x000001fce68ae7f0, 0x000001fce68b2300,
0x000001fce68aee80, 0x000001fce68b2990, 0x000001fce68b3020, 0x000001fce68b36b0,
0x000001fce5da7010
}

Java Threads: ( => current thread )
  0x000001fc85fbe050 JavaThread "main"                              [_thread_blocked, id=23468, stack(0x0000008b27d00000,0x0000008b27e00000) (1024K)]
  0x000001fc85f6d130 JavaThread "Reference Handler"          daemon [_thread_blocked, id=23448, stack(0x0000008b28100000,0x0000008b28200000) (1024K)]
  0x000001fc85f6e050 JavaThread "Finalizer"                  daemon [_thread_blocked, id=23228, stack(0x0000008b28200000,0x0000008b28300000) (1024K)]
  0x000001fc86064670 JavaThread "Signal Dispatcher"          daemon [_thread_blocked, id=23352, stack(0x0000008b28300000,0x0000008b28400000) (1024K)]
  0x000001fc86065680 JavaThread "Attach Listener"            daemon [_thread_blocked, id=16108, stack(0x0000008b28400000,0x0000008b28500000) (1024K)]
  0x000001fc860680f0 JavaThread "Service Thread"             daemon [_thread_blocked, id=23280, stack(0x0000008b28500000,0x0000008b28600000) (1024K)]
  0x000001fc86068b50 JavaThread "Monitor Deflation Thread"   daemon [_thread_blocked, id=23316, stack(0x0000008b28600000,0x0000008b28700000) (1024K)]
  0x000001fc860698e0 JavaThread "C2 CompilerThread0"         daemon [_thread_in_native, id=23056, stack(0x0000008b28700000,0x0000008b28800000) (1024K)]
  0x000001fc86073670 JavaThread "C1 CompilerThread0"         daemon [_thread_blocked, id=23116, stack(0x0000008b28800000,0x0000008b28900000) (1024K)]
  0x000001fcdef07260 JavaThread "Common-Cleaner"             daemon [_thread_blocked, id=6252, stack(0x0000008b28900000,0x0000008b28a00000) (1024K)]
  0x000001fcdf00f250 JavaThread "Notification Thread"        daemon [_thread_blocked, id=12676, stack(0x0000008b28a00000,0x0000008b28b00000) (1024K)]
=>0x000001fce4032f70 JavaThread "C2 CompilerThread1"         daemon [_thread_in_native, id=23388, stack(0x0000008b28b00000,0x0000008b28c00000) (1024K)]
  0x000001fce4d0be20 JavaThread "Active Thread: Equinox Container: e79ca510-8326-4ac6-a562-b46c661d3aac"        [_thread_blocked, id=22868, stack(0x0000008b29300000,0x0000008b29400000) (1024K)]
  0x000001fce48b81f0 JavaThread "Refresh Thread: Equinox Container: e79ca510-8326-4ac6-a562-b46c661d3aac" daemon [_thread_blocked, id=21284, stack(0x0000008b29500000,0x0000008b29600000) (1024K)]
  0x000001fce44a3520 JavaThread "Framework Event Dispatcher: Equinox Container: e79ca510-8326-4ac6-a562-b46c661d3aac" daemon [_thread_blocked, id=23088, stack(0x0000008b29600000,0x0000008b29700000) (1024K)]
  0x000001fce4ace790 JavaThread "Start Level: Equinox Container: e79ca510-8326-4ac6-a562-b46c661d3aac" daemon [_thread_blocked, id=9828, stack(0x0000008b29700000,0x0000008b29800000) (1024K)]
  0x000001fce4898860 JavaThread "C2 CompilerThread2"         daemon [_thread_in_native, id=23364, stack(0x0000008b28c00000,0x0000008b28d00000) (1024K)]
  0x000001fce4ff36f0 JavaThread "Bundle File Closer"         daemon [_thread_blocked, id=23500, stack(0x0000008b29a00000,0x0000008b29b00000) (1024K)]
  0x000001fce4defea0 JavaThread "SCR Component Actor"        daemon [_thread_blocked, id=23288, stack(0x0000008b29b00000,0x0000008b29c00000) (1024K)]
  0x000001fce50ab300 JavaThread "Worker-JM"                         [_thread_blocked, id=23376, stack(0x0000008b29c00000,0x0000008b29d00000) (1024K)]
  0x000001fce4f88440 JavaThread "JNA Cleaner"                daemon [_thread_blocked, id=10132, stack(0x0000008b29d00000,0x0000008b29e00000) (1024K)]
  0x000001fce4f87db0 JavaThread "Worker-0"                          [_thread_blocked, id=23044, stack(0x0000008b29e00000,0x0000008b29f00000) (1024K)]
  0x000001fce4f88ad0 JavaThread "Worker-1"                          [_thread_blocked, id=12664, stack(0x0000008b29f00000,0x0000008b2a000000) (1024K)]
  0x000001fce4f89160 JavaThread "Java indexing"              daemon [_thread_blocked, id=19136, stack(0x0000008b2a000000,0x0000008b2a100000) (1024K)]
  0x000001fce4f897f0 JavaThread "Worker-2: Repository registry initialization"        [_thread_in_Java, id=22764, stack(0x0000008b2a400000,0x0000008b2a500000) (1024K)]
  0x000001fce4f89e80 JavaThread "Worker-3"                          [_thread_blocked, id=23248, stack(0x0000008b2a500000,0x0000008b2a600000) (1024K)]
  0x000001fce4f87090 JavaThread "Thread-1"                   daemon [_thread_in_native, id=3548, stack(0x0000008b2a600000,0x0000008b2a700000) (1024K)]
  0x000001fce4f8a510 JavaThread "Thread-2"                   daemon [_thread_in_native, id=23100, stack(0x0000008b2a700000,0x0000008b2a800000) (1024K)]
  0x000001fce4f87720 JavaThread "Thread-3"                   daemon [_thread_in_native, id=23200, stack(0x0000008b2a800000,0x0000008b2a900000) (1024K)]
  0x000001fce68ac090 JavaThread "Thread-4"                   daemon [_thread_in_native, id=22884, stack(0x0000008b2a900000,0x0000008b2aa00000) (1024K)]
  0x000001fce68ad440 JavaThread "Thread-5"                   daemon [_thread_in_native, id=9472, stack(0x0000008b2aa00000,0x0000008b2ab00000) (1024K)]
  0x000001fce68afba0 JavaThread "Thread-6"                   daemon [_thread_in_native, id=23180, stack(0x0000008b2ab00000,0x0000008b2ac00000) (1024K)]
  0x000001fce68ac720 JavaThread "Thread-7"                   daemon [_thread_in_native, id=22568, stack(0x0000008b2ac00000,0x0000008b2ad00000) (1024K)]
  0x000001fce68af510 JavaThread "Thread-8"                   daemon [_thread_in_native, id=14404, stack(0x0000008b2ad00000,0x0000008b2ae00000) (1024K)]
  0x000001fce68b0230 JavaThread "Thread-9"                   daemon [_thread_in_native, id=23220, stack(0x0000008b2ae00000,0x0000008b2af00000) (1024K)]
  0x000001fce68acdb0 JavaThread "Thread-10"                  daemon [_thread_in_native, id=22856, stack(0x0000008b2af00000,0x0000008b2b000000) (1024K)]
  0x000001fce68b08c0 JavaThread "Thread-11"                  daemon [_thread_in_native, id=23424, stack(0x0000008b2b000000,0x0000008b2b100000) (1024K)]
  0x000001fce68b0f50 JavaThread "Thread-12"                  daemon [_thread_in_native, id=6692, stack(0x0000008b2b100000,0x0000008b2b200000) (1024K)]
  0x000001fce68adad0 JavaThread "Thread-13"                  daemon [_thread_in_native, id=23544, stack(0x0000008b2b200000,0x0000008b2b300000) (1024K)]
  0x000001fce68b15e0 JavaThread "pool-2-thread-1"                   [_thread_blocked, id=22980, stack(0x0000008b2b300000,0x0000008b2b400000) (1024K)]
  0x000001fce68ae160 JavaThread "ForkJoinPool.commonPool-worker-1" daemon [_thread_blocked, id=9872, stack(0x0000008b2b400000,0x0000008b2b500000) (1024K)]
  0x000001fce68b1c70 JavaThread "ForkJoinPool.commonPool-worker-2" daemon [_thread_blocked, id=23440, stack(0x0000008b2b500000,0x0000008b2b600000) (1024K)]
  0x000001fce68ae7f0 JavaThread "ForkJoinPool.commonPool-worker-3" daemon [_thread_blocked, id=10300, stack(0x0000008b2b600000,0x0000008b2b700000) (1024K)]
  0x000001fce68b2300 JavaThread "ForkJoinPool.commonPool-worker-4" daemon [_thread_blocked, id=23324, stack(0x0000008b2b700000,0x0000008b2b800000) (1024K)]
  0x000001fce68aee80 JavaThread "ForkJoinPool.commonPool-worker-5" daemon [_thread_blocked, id=16744, stack(0x0000008b2b800000,0x0000008b2b900000) (1024K)]
  0x000001fce68b2990 JavaThread "ForkJoinPool.commonPool-worker-6" daemon [_thread_blocked, id=22848, stack(0x0000008b2b900000,0x0000008b2ba00000) (1024K)]
  0x000001fce68b3020 JavaThread "WorkspaceEventsHandler"            [_thread_blocked, id=23428, stack(0x0000008b2ba00000,0x0000008b2bb00000) (1024K)]
  0x000001fce68b36b0 JavaThread "pool-1-thread-1"                   [_thread_blocked, id=22688, stack(0x0000008b2bb00000,0x0000008b2bc00000) (1024K)]
  0x000001fce5da7010 JavaThread "Keep-Alive-Timer"           daemon [_thread_blocked, id=9508, stack(0x0000008b2bd00000,0x0000008b2be00000) (1024K)]
Total: 49

Other Threads:
  0x000001fcdece0d70 VMThread "VM Thread"                           [id=18960, stack(0x0000008b28000000,0x0000008b28100000) (1024K)]
  0x000001fc85e4ca00 WatcherThread "VM Periodic Task Thread"        [id=23072, stack(0x0000008b27f00000,0x0000008b28000000) (1024K)]
  0x000001fc85fdc3c0 WorkerThread "GC Thread#0"                     [id=23140, stack(0x0000008b27e00000,0x0000008b27f00000) (1024K)]
  0x000001fce4512330 WorkerThread "GC Thread#1"                     [id=22592, stack(0x0000008b28d00000,0x0000008b28e00000) (1024K)]
  0x000001fce48260c0 WorkerThread "GC Thread#2"                     [id=23408, stack(0x0000008b28e00000,0x0000008b28f00000) (1024K)]
  0x000001fce48268e0 WorkerThread "GC Thread#3"                     [id=22924, stack(0x0000008b28f00000,0x0000008b29000000) (1024K)]
  0x000001fce44245a0 WorkerThread "GC Thread#4"                     [id=23216, stack(0x0000008b29000000,0x0000008b29100000) (1024K)]
  0x000001fce473ece0 WorkerThread "GC Thread#5"                     [id=22832, stack(0x0000008b29100000,0x0000008b29200000) (1024K)]
  0x000001fce4917350 WorkerThread "GC Thread#6"                     [id=22612, stack(0x0000008b29200000,0x0000008b29300000) (1024K)]
  0x000001fce489d750 WorkerThread "GC Thread#7"                     [id=17048, stack(0x0000008b29400000,0x0000008b29500000) (1024K)]
  0x000001fce4df0920 WorkerThread "GC Thread#8"                     [id=22572, stack(0x0000008b29800000,0x0000008b29900000) (1024K)]
  0x000001fce4cf1670 WorkerThread "GC Thread#9"                     [id=23204, stack(0x0000008b29900000,0x0000008b29a00000) (1024K)]
Total: 12

Threads with active compile tasks:
C2 CompilerThread0  5364 5908   !   4       java.util.zip.InflaterInputStream::read (129 bytes)
C2 CompilerThread1  5364 5698   !   4       org.eclipse.osgi.internal.loader.classpath.ClasspathManager::defineClass (636 bytes)
C2 CompilerThread2  5364 5899   !   4       org.eclipse.osgi.internal.loader.BundleLoader::findClass0 (490 bytes)
Total: 3

VM state: not at safepoint (normal execution)

VM Mutex/Monitor currently owned by a thread: None

Heap address: 0x0000000080000000, size: 2048 MB, Compressed Oops mode: 32-bit

CDS archive(s) mapped at: [0x000001fc9d000000-0x000001fc9dba0000-0x000001fc9dba0000), size 12189696, SharedBaseAddress: 0x000001fc9d000000, ArchiveRelocationMode: 1.
Compressed class space mapped at: 0x000001fc9e000000-0x000001fcde000000, reserved size: 1073741824
Narrow klass base: 0x000001fc9d000000, Narrow klass shift: 0, Narrow klass range: 0x100000000

GC Precious Log:
 CardTable entry size: 512
 CPUs: 12 total, 12 available
 Memory: 15740M
 Large Page Support: Disabled
 NUMA Support: Disabled
 Compressed Oops: Enabled (32-bit)
 Alignments: Space 512K, Generation 512K, Heap 2M
 Heap Min Capacity: 100M
 Heap Initial Capacity: 100M
 Heap Max Capacity: 2G
 Pre-touch: Disabled
 Parallel Workers: 10

Heap:
 PSYoungGen      total 20992K, used 19776K [0x00000000d5580000, 0x00000000d6e00000, 0x0000000100000000)
  eden space 19968K, 95% used [0x00000000d5580000,0x00000000d6809770,0x00000000d6900000)
  from space 1024K, 98% used [0x00000000d6c00000,0x00000000d6cfc068,0x00000000d6d00000)
  to   space 2560K, 0% used [0x00000000d6900000,0x00000000d6900000,0x00000000d6b80000)
 ParOldGen       total 68608K, used 24576K [0x0000000080000000, 0x0000000084300000, 0x00000000d5580000)
  object space 68608K, 35% used [0x0000000080000000,0x00000000818002c0,0x0000000084300000)
 Metaspace       used 47181K, committed 48448K, reserved 1114112K
  class space    used 5152K, committed 5696K, reserved 1048576K

Card table byte_map: [0x000001fc85960000,0x000001fc85d70000] _byte_map_base: 0x000001fc85560000

Marking Bits: (ParMarkBitMap*) 0x00007ff98ff33450
 Begin Bits: [0x000001fc98470000, 0x000001fc9a470000)
 End Bits:   [0x000001fc9a470000, 0x000001fc9c470000)

Polling page: 0x000001fc83de0000

Metaspace:

Usage:
  Non-class:     41.05 MB used.
      Class:      5.03 MB used.
       Both:     46.08 MB used.

Virtual space:
  Non-class space:       64.00 MB reserved,      41.75 MB ( 65%) committed,  1 nodes.
      Class space:        1.00 GB reserved,       5.56 MB ( <1%) committed,  1 nodes.
             Both:        1.06 GB reserved,      47.31 MB (  4%) committed. 

Chunk freelists:
   Non-Class:  5.62 MB
       Class:  10.38 MB
        Both:  16.00 MB

MaxMetaspaceSize: unlimited
CompressedClassSpaceSize: 1.00 GB
Initial GC threshold: 21.00 MB
Current GC threshold: 58.38 MB
CDS: on
 - commit_granule_bytes: 65536.
 - commit_granule_words: 8192.
 - virtual_space_node_default_size: 8388608.
 - enlarge_chunks_in_place: 1.
 - use_allocation_guard: 0.


Internal statistics:

num_allocs_failed_limit: 8.
num_arena_births: 946.
num_arena_deaths: 14.
num_vsnodes_births: 2.
num_vsnodes_deaths: 0.
num_space_committed: 757.
num_space_uncommitted: 0.
num_chunks_returned_to_freelist: 22.
num_chunks_taken_from_freelist: 2911.
num_chunk_merges: 11.
num_chunk_splits: 1772.
num_chunks_enlarged: 981.
num_inconsistent_stats: 0.

CodeHeap 'non-profiled nmethods': size=120000Kb used=2628Kb max_used=2628Kb free=117372Kb
 bounds [0x000001fc90c90000, 0x000001fc90f30000, 0x000001fc981c0000]
CodeHeap 'profiled nmethods': size=120000Kb used=11147Kb max_used=11147Kb free=108852Kb
 bounds [0x000001fc891c0000, 0x000001fc89cb0000, 0x000001fc906f0000]
CodeHeap 'non-nmethods': size=5760Kb used=1404Kb max_used=1468Kb free=4355Kb
 bounds [0x000001fc906f0000, 0x000001fc90960000, 0x000001fc90c90000]
CodeCache: size=245760Kb, used=15179Kb, max_used=15243Kb, free=230579Kb
 total_blobs=6071, nmethods=5368, adapters=609, full_count=0
Compilation: enabled, stopped_count=0, restarted_count=0

Compilation events (20 events):
Event: 5.250 Thread 0x000001fc86073670 nmethod 5883 0x000001fc89c7c490 code [0x000001fc89c7c780, 0x000001fc89c7da20]
Event: 5.250 Thread 0x000001fc86073670 5884       3       com.google.inject.Key::<init> (26 bytes)
Event: 5.250 Thread 0x000001fc86073670 nmethod 5884 0x000001fc89c7e110 code [0x000001fc89c7e2e0, 0x000001fc89c7e628]
Event: 5.250 Thread 0x000001fc86073670 5885       3       sun.reflect.generics.reflectiveObjects.ParameterizedTypeImpl::getActualTypeArguments (11 bytes)
Event: 5.250 Thread 0x000001fc86073670 nmethod 5885 0x000001fc89c7e790 code [0x000001fc89c7e940, 0x000001fc89c7ec20]
Event: 5.254 Thread 0x000001fc86073670 5886       3       com.google.inject.internal.Errors::<init> (22 bytes)
Event: 5.254 Thread 0x000001fc86073670 nmethod 5886 0x000001fc89c7ed10 code [0x000001fc89c7eec0, 0x000001fc89c7f070]
Event: 5.254 Thread 0x000001fc86073670 5888       3       sun.reflect.annotation.AnnotatedTypeFactory::isArray (32 bytes)
Event: 5.254 Thread 0x000001fc86073670 nmethod 5888 0x000001fc89c7f110 code [0x000001fc89c7f2e0, 0x000001fc89c7f7e8]
Event: 5.254 Thread 0x000001fc86073670 5887       3       sun.reflect.annotation.TypeAnnotationParser::parseTypeAnnotations (91 bytes)
Event: 5.255 Thread 0x000001fc86073670 nmethod 5887 0x000001fc89c7f910 code [0x000001fc89c7fb60, 0x000001fc89c805d0]
Event: 5.256 Thread 0x000001fc86073670 5889       3       com.google.inject.spi.InjectionPoint::forInstanceMethodsAndFields (40 bytes)
Event: 5.256 Thread 0x000001fc86073670 nmethod 5889 0x000001fc89c80a10 code [0x000001fc89c80c40, 0x000001fc89c81350]
Event: 5.256 Thread 0x000001fc86073670 5890       3       com.google.inject.spi.InjectionPoint::hierarchyFor (44 bytes)
Event: 5.257 Thread 0x000001fc86073670 nmethod 5890 0x000001fc89c81690 code [0x000001fc89c81920, 0x000001fc89c82408]
Event: 5.258 Thread 0x000001fc86073670 5891       3       java.lang.Class::getSimpleName (36 bytes)
Event: 5.258 Thread 0x000001fc86073670 nmethod 5891 0x000001fc89c82910 code [0x000001fc89c82ae0, 0x000001fc89c82d60]
Event: 5.259 Thread 0x000001fc86073670 5892       3       sun.reflect.annotation.AnnotationParser::toArray (18 bytes)
Event: 5.259 Thread 0x000001fc86073670 nmethod 5892 0x000001fc89c82e90 code [0x000001fc89c83060, 0x000001fc89c833f8]
Event: 5.262 Thread 0x000001fce4898860 5893       4       jdk.internal.org.objectweb.asm.Frame::getLocal (46 bytes)

GC Heap History (20 events):
Event: 3.901 GC heap before
{Heap before GC invocations=11 (full 1):
 PSYoungGen      total 26112K, used 24881K [0x00000000d5580000, 0x00000000d7300000, 0x0000000100000000)
  eden space 23552K, 100% used [0x00000000d5580000,0x00000000d6c80000,0x00000000d6c80000)
  from space 2560K, 51% used [0x00000000d6f00000,0x00000000d704c740,0x00000000d7180000)
  to   space 1536K, 0% used [0x00000000d7180000,0x00000000d7180000,0x00000000d7300000)
 ParOldGen       total 68608K, used 13443K [0x0000000080000000, 0x0000000084300000, 0x00000000d5580000)
  object space 68608K, 19% used [0x0000000080000000,0x0000000080d20d28,0x0000000084300000)
 Metaspace       used 28125K, committed 29184K, reserved 1114112K
  class space    used 2792K, committed 3264K, reserved 1048576K
}
Event: 3.903 GC heap after
{Heap after GC invocations=11 (full 1):
 PSYoungGen      total 24576K, used 1531K [0x00000000d5580000, 0x00000000d7400000, 0x0000000100000000)
  eden space 23040K, 0% used [0x00000000d5580000,0x00000000d5580000,0x00000000d6c00000)
  from space 1536K, 99% used [0x00000000d7180000,0x00000000d72feda0,0x00000000d7300000)
  to   space 4096K, 0% used [0x00000000d6c00000,0x00000000d6c00000,0x00000000d7000000)
 ParOldGen       total 68608K, used 15238K [0x0000000080000000, 0x0000000084300000, 0x00000000d5580000)
  object space 68608K, 22% used [0x0000000080000000,0x0000000080ee1958,0x0000000084300000)
 Metaspace       used 28125K, committed 29184K, reserved 1114112K
  class space    used 2792K, committed 3264K, reserved 1048576K
}
Event: 4.136 GC heap before
{Heap before GC invocations=12 (full 1):
 PSYoungGen      total 24576K, used 24571K [0x00000000d5580000, 0x00000000d7400000, 0x0000000100000000)
  eden space 23040K, 100% used [0x00000000d5580000,0x00000000d6c00000,0x00000000d6c00000)
  from space 1536K, 99% used [0x00000000d7180000,0x00000000d72feda0,0x00000000d7300000)
  to   space 4096K, 0% used [0x00000000d6c00000,0x00000000d6c00000,0x00000000d7000000)
 ParOldGen       total 68608K, used 15241K [0x0000000080000000, 0x0000000084300000, 0x00000000d5580000)
  object space 68608K, 22% used [0x0000000080000000,0x0000000080ee2588,0x0000000084300000)
 Metaspace       used 31520K, committed 32704K, reserved 1114112K
  class space    used 3156K, committed 3712K, reserved 1048576K
}
Event: 4.139 GC heap after
{Heap after GC invocations=12 (full 1):
 PSYoungGen      total 25600K, used 2347K [0x00000000d5580000, 0x00000000d7200000, 0x0000000100000000)
  eden space 23040K, 0% used [0x00000000d5580000,0x00000000d5580000,0x00000000d6c00000)
  from space 2560K, 91% used [0x00000000d6c00000,0x00000000d6e4ae50,0x00000000d6e80000)
  to   space 3072K, 0% used [0x00000000d6f00000,0x00000000d6f00000,0x00000000d7200000)
 ParOldGen       total 68608K, used 16698K [0x0000000080000000, 0x0000000084300000, 0x00000000d5580000)
  object space 68608K, 24% used [0x0000000080000000,0x000000008104eb60,0x0000000084300000)
 Metaspace       used 31520K, committed 32704K, reserved 1114112K
  class space    used 3156K, committed 3712K, reserved 1048576K
}
Event: 4.238 GC heap before
{Heap before GC invocations=13 (full 1):
 PSYoungGen      total 25600K, used 25387K [0x00000000d5580000, 0x00000000d7200000, 0x0000000100000000)
  eden space 23040K, 100% used [0x00000000d5580000,0x00000000d6c00000,0x00000000d6c00000)
  from space 2560K, 91% used [0x00000000d6c00000,0x00000000d6e4ae50,0x00000000d6e80000)
  to   space 3072K, 0% used [0x00000000d6f00000,0x00000000d6f00000,0x00000000d7200000)
 ParOldGen       total 68608K, used 16731K [0x0000000080000000, 0x0000000084300000, 0x00000000d5580000)
  object space 68608K, 24% used [0x0000000080000000,0x0000000081056f50,0x0000000084300000)
 Metaspace       used 34123K, committed 35392K, reserved 1114112K
  class space    used 3473K, committed 4032K, reserved 1048576K
}
Event: 4.240 GC heap after
{Heap after GC invocations=13 (full 1):
 PSYoungGen      total 23040K, used 3067K [0x00000000d5580000, 0x00000000d7780000, 0x0000000100000000)
  eden space 19968K, 0% used [0x00000000d5580000,0x00000000d5580000,0x00000000d6900000)
  from space 3072K, 99% used [0x00000000d6f00000,0x00000000d71fecb8,0x00000000d7200000)
  to   space 6144K, 0% used [0x00000000d6900000,0x00000000d6900000,0x00000000d6f00000)
 ParOldGen       total 68608K, used 18905K [0x0000000080000000, 0x0000000084300000, 0x00000000d5580000)
  object space 68608K, 27% used [0x0000000080000000,0x00000000812766a0,0x0000000084300000)
 Metaspace       used 34123K, committed 35392K, reserved 1114112K
  class space    used 3473K, committed 4032K, reserved 1048576K
}
Event: 4.263 GC heap before
{Heap before GC invocations=14 (full 1):
 PSYoungGen      total 23040K, used 8974K [0x00000000d5580000, 0x00000000d7780000, 0x0000000100000000)
  eden space 19968K, 29% used [0x00000000d5580000,0x00000000d5b44b48,0x00000000d6900000)
  from space 3072K, 99% used [0x00000000d6f00000,0x00000000d71fecb8,0x00000000d7200000)
  to   space 6144K, 0% used [0x00000000d6900000,0x00000000d6900000,0x00000000d6f00000)
 ParOldGen       total 68608K, used 18905K [0x0000000080000000, 0x0000000084300000, 0x00000000d5580000)
  object space 68608K, 27% used [0x0000000080000000,0x00000000812766a0,0x0000000084300000)
 Metaspace       used 34713K, committed 35840K, reserved 1114112K
  class space    used 3549K, committed 4032K, reserved 1048576K
}
Event: 4.265 GC heap after
{Heap after GC invocations=14 (full 1):
 PSYoungGen      total 20992K, used 770K [0x00000000d5580000, 0x00000000d7080000, 0x0000000100000000)
  eden space 19968K, 0% used [0x00000000d5580000,0x00000000d5580000,0x00000000d6900000)
  from space 1024K, 75% used [0x00000000d6900000,0x00000000d69c0a80,0x00000000d6a00000)
  to   space 2560K, 0% used [0x00000000d6e00000,0x00000000d6e00000,0x00000000d7080000)
 ParOldGen       total 68608K, used 20503K [0x0000000080000000, 0x0000000084300000, 0x00000000d5580000)
  object space 68608K, 29% used [0x0000000080000000,0x0000000081405f78,0x0000000084300000)
 Metaspace       used 34713K, committed 35840K, reserved 1114112K
  class space    used 3549K, committed 4032K, reserved 1048576K
}
Event: 4.265 GC heap before
{Heap before GC invocations=15 (full 2):
 PSYoungGen      total 20992K, used 770K [0x00000000d5580000, 0x00000000d7080000, 0x0000000100000000)
  eden space 19968K, 0% used [0x00000000d5580000,0x00000000d5580000,0x00000000d6900000)
  from space 1024K, 75% used [0x00000000d6900000,0x00000000d69c0a80,0x00000000d6a00000)
  to   space 2560K, 0% used [0x00000000d6e00000,0x00000000d6e00000,0x00000000d7080000)
 ParOldGen       total 68608K, used 20503K [0x0000000080000000, 0x0000000084300000, 0x00000000d5580000)
  object space 68608K, 29% used [0x0000000080000000,0x0000000081405f78,0x0000000084300000)
 Metaspace       used 34713K, committed 35840K, reserved 1114112K
  class space    used 3549K, committed 4032K, reserved 1048576K
}
Event: 4.289 GC heap after
{Heap after GC invocations=15 (full 2):
 PSYoungGen      total 20992K, used 0K [0x00000000d5580000, 0x00000000d7080000, 0x0000000100000000)
  eden space 19968K, 0% used [0x00000000d5580000,0x00000000d5580000,0x00000000d6900000)
  from space 1024K, 0% used [0x00000000d6900000,0x00000000d6900000,0x00000000d6a00000)
  to   space 2560K, 0% used [0x00000000d6e00000,0x00000000d6e00000,0x00000000d7080000)
 ParOldGen       total 68608K, used 20125K [0x0000000080000000, 0x0000000084300000, 0x00000000d5580000)
  object space 68608K, 29% used [0x0000000080000000,0x00000000813a7730,0x0000000084300000)
 Metaspace       used 34713K, committed 35840K, reserved 1114112K
  class space    used 3549K, committed 4032K, reserved 1048576K
}
Event: 4.383 GC heap before
{Heap before GC invocations=16 (full 2):
 PSYoungGen      total 20992K, used 19968K [0x00000000d5580000, 0x00000000d7080000, 0x0000000100000000)
  eden space 19968K, 100% used [0x00000000d5580000,0x00000000d6900000,0x00000000d6900000)
  from space 1024K, 0% used [0x00000000d6900000,0x00000000d6900000,0x00000000d6a00000)
  to   space 2560K, 0% used [0x00000000d6e00000,0x00000000d6e00000,0x00000000d7080000)
 ParOldGen       total 68608K, used 20125K [0x0000000080000000, 0x0000000084300000, 0x00000000d5580000)
  object space 68608K, 29% used [0x0000000080000000,0x00000000813a7730,0x0000000084300000)
 Metaspace       used 37652K, committed 38848K, reserved 1114112K
  class space    used 3889K, committed 4416K, reserved 1048576K
}
Event: 4.386 GC heap after
{Heap after GC invocations=16 (full 2):
 PSYoungGen      total 22528K, used 2530K [0x00000000d5580000, 0x00000000d7100000, 0x0000000100000000)
  eden space 19968K, 0% used [0x00000000d5580000,0x00000000d5580000,0x00000000d6900000)
  from space 2560K, 98% used [0x00000000d6e00000,0x00000000d7078850,0x00000000d7080000)
  to   space 4096K, 0% used [0x00000000d6900000,0x00000000d6900000,0x00000000d6d00000)
 ParOldGen       total 68608K, used 20965K [0x0000000080000000, 0x0000000084300000, 0x00000000d5580000)
  object space 68608K, 30% used [0x0000000080000000,0x0000000081479730,0x0000000084300000)
 Metaspace       used 37652K, committed 38848K, reserved 1114112K
  class space    used 3889K, committed 4416K, reserved 1048576K
}
Event: 4.521 GC heap before
{Heap before GC invocations=17 (full 2):
 PSYoungGen      total 22528K, used 22495K [0x00000000d5580000, 0x00000000d7100000, 0x0000000100000000)
  eden space 19968K, 99% used [0x00000000d5580000,0x00000000d68ff6a8,0x00000000d6900000)
  from space 2560K, 98% used [0x00000000d6e00000,0x00000000d7078850,0x00000000d7080000)
  to   space 4096K, 0% used [0x00000000d6900000,0x00000000d6900000,0x00000000d6d00000)
 ParOldGen       total 68608K, used 20965K [0x0000000080000000, 0x0000000084300000, 0x00000000d5580000)
  object space 68608K, 30% used [0x0000000080000000,0x0000000081479730,0x0000000084300000)
 Metaspace       used 39488K, committed 40768K, reserved 1114112K
  class space    used 4116K, committed 4672K, reserved 1048576K
}
Event: 4.522 GC heap after
{Heap after GC invocations=17 (full 2):
 PSYoungGen      total 21504K, used 1236K [0x00000000d5580000, 0x00000000d6e80000, 0x0000000100000000)
  eden space 19968K, 0% used [0x00000000d5580000,0x00000000d5580000,0x00000000d6900000)
  from space 1536K, 80% used [0x00000000d6900000,0x00000000d6a353f8,0x00000000d6a80000)
  to   space 2048K, 0% used [0x00000000d6c80000,0x00000000d6c80000,0x00000000d6e80000)
 ParOldGen       total 68608K, used 22052K [0x0000000080000000, 0x0000000084300000, 0x00000000d5580000)
  object space 68608K, 32% used [0x0000000080000000,0x0000000081589308,0x0000000084300000)
 Metaspace       used 39488K, committed 40768K, reserved 1114112K
  class space    used 4116K, committed 4672K, reserved 1048576K
}
Event: 4.737 GC heap before
{Heap before GC invocations=18 (full 2):
 PSYoungGen      total 21504K, used 21204K [0x00000000d5580000, 0x00000000d6e80000, 0x0000000100000000)
  eden space 19968K, 100% used [0x00000000d5580000,0x00000000d6900000,0x00000000d6900000)
  from space 1536K, 80% used [0x00000000d6900000,0x00000000d6a353f8,0x00000000d6a80000)
  to   space 2048K, 0% used [0x00000000d6c80000,0x00000000d6c80000,0x00000000d6e80000)
 ParOldGen       total 68608K, used 22052K [0x0000000080000000, 0x0000000084300000, 0x00000000d5580000)
  object space 68608K, 32% used [0x0000000080000000,0x0000000081589308,0x0000000084300000)
 Metaspace       used 42279K, committed 43520K, reserved 1114112K
  class space    used 4517K, committed 5056K, reserved 1048576K
}
Event: 4.739 GC heap after
{Heap after GC invocations=18 (full 2):
 PSYoungGen      total 20992K, used 844K [0x00000000d5580000, 0x00000000d6d80000, 0x0000000100000000)
  eden space 19968K, 0% used [0x00000000d5580000,0x00000000d5580000,0x00000000d6900000)
  from space 1024K, 82% used [0x00000000d6c80000,0x00000000d6d53138,0x00000000d6d80000)
  to   space 1536K, 0% used [0x00000000d6a80000,0x00000000d6a80000,0x00000000d6c00000)
 ParOldGen       total 68608K, used 22827K [0x0000000080000000, 0x0000000084300000, 0x00000000d5580000)
  object space 68608K, 33% used [0x0000000080000000,0x000000008164ad48,0x0000000084300000)
 Metaspace       used 42279K, committed 43520K, reserved 1114112K
  class space    used 4517K, committed 5056K, reserved 1048576K
}
Event: 4.870 GC heap before
{Heap before GC invocations=19 (full 2):
 PSYoungGen      total 20992K, used 20812K [0x00000000d5580000, 0x00000000d6d80000, 0x0000000100000000)
  eden space 19968K, 100% used [0x00000000d5580000,0x00000000d6900000,0x00000000d6900000)
  from space 1024K, 82% used [0x00000000d6c80000,0x00000000d6d53138,0x00000000d6d80000)
  to   space 1536K, 0% used [0x00000000d6a80000,0x00000000d6a80000,0x00000000d6c00000)
 ParOldGen       total 68608K, used 22827K [0x0000000080000000, 0x0000000084300000, 0x00000000d5580000)
  object space 68608K, 33% used [0x0000000080000000,0x000000008164ad48,0x0000000084300000)
 Metaspace       used 43579K, committed 44864K, reserved 1114112K
  class space    used 4687K, committed 5248K, reserved 1048576K
}
Event: 4.871 GC heap after
{Heap after GC invocations=19 (full 2):
 PSYoungGen      total 21504K, used 640K [0x00000000d5580000, 0x00000000d6d00000, 0x0000000100000000)
  eden space 19968K, 0% used [0x00000000d5580000,0x00000000d5580000,0x00000000d6900000)
  from space 1536K, 41% used [0x00000000d6a80000,0x00000000d6b20000,0x00000000d6c00000)
  to   space 1024K, 0% used [0x00000000d6c00000,0x00000000d6c00000,0x00000000d6d00000)
 ParOldGen       total 68608K, used 23455K [0x0000000080000000, 0x0000000084300000, 0x00000000d5580000)
  object space 68608K, 34% used [0x0000000080000000,0x00000000816e7e80,0x0000000084300000)
 Metaspace       used 43579K, committed 44864K, reserved 1114112K
  class space    used 4687K, committed 5248K, reserved 1048576K
}
Event: 5.090 GC heap before
{Heap before GC invocations=20 (full 2):
 PSYoungGen      total 21504K, used 20608K [0x00000000d5580000, 0x00000000d6d00000, 0x0000000100000000)
  eden space 19968K, 100% used [0x00000000d5580000,0x00000000d6900000,0x00000000d6900000)
  from space 1536K, 41% used [0x00000000d6a80000,0x00000000d6b20000,0x00000000d6c00000)
  to   space 1024K, 0% used [0x00000000d6c00000,0x00000000d6c00000,0x00000000d6d00000)
 ParOldGen       total 68608K, used 23455K [0x0000000080000000, 0x0000000084300000, 0x00000000d5580000)
  object space 68608K, 34% used [0x0000000080000000,0x00000000816e7e80,0x0000000084300000)
 Metaspace       used 45040K, committed 46336K, reserved 1114112K
  class space    used 4878K, committed 5440K, reserved 1048576K
}
Event: 5.092 GC heap after
{Heap after GC invocations=20 (full 2):
 PSYoungGen      total 20992K, used 1008K [0x00000000d5580000, 0x00000000d6e00000, 0x0000000100000000)
  eden space 19968K, 0% used [0x00000000d5580000,0x00000000d5580000,0x00000000d6900000)
  from space 1024K, 98% used [0x00000000d6c00000,0x00000000d6cfc068,0x00000000d6d00000)
  to   space 2560K, 0% used [0x00000000d6900000,0x00000000d6900000,0x00000000d6b80000)
 ParOldGen       total 68608K, used 24576K [0x0000000080000000, 0x0000000084300000, 0x00000000d5580000)
  object space 68608K, 35% used [0x0000000080000000,0x00000000818002c0,0x0000000084300000)
 Metaspace       used 45040K, committed 46336K, reserved 1114112K
  class space    used 4878K, committed 5440K, reserved 1048576K
}

Dll operation events (12 events):
Event: 0.011 Loaded shared library c:\Users\camil\.vscode\extensions\redhat.java-1.53.0-win32-x64\jre\21.0.10-win32-x86_64\bin\java.dll
Event: 0.082 Loaded shared library c:\Users\camil\.vscode\extensions\redhat.java-1.53.0-win32-x64\jre\21.0.10-win32-x86_64\bin\zip.dll
Event: 0.115 Loaded shared library C:\Users\camil\.vscode\extensions\redhat.java-1.53.0-win32-x64\jre\21.0.10-win32-x86_64\bin\instrument.dll
Event: 0.120 Loaded shared library C:\Users\camil\.vscode\extensions\redhat.java-1.53.0-win32-x64\jre\21.0.10-win32-x86_64\bin\net.dll
Event: 0.123 Loaded shared library C:\Users\camil\.vscode\extensions\redhat.java-1.53.0-win32-x64\jre\21.0.10-win32-x86_64\bin\nio.dll
Event: 0.128 Loaded shared library C:\Users\camil\.vscode\extensions\redhat.java-1.53.0-win32-x64\jre\21.0.10-win32-x86_64\bin\zip.dll
Event: 0.145 Loaded shared library C:\Users\camil\.vscode\extensions\redhat.java-1.53.0-win32-x64\jre\21.0.10-win32-x86_64\bin\jimage.dll
Event: 0.237 Loaded shared library c:\Users\camil\.vscode\extensions\redhat.java-1.53.0-win32-x64\jre\21.0.10-win32-x86_64\bin\verify.dll
Event: 1.489 Loaded shared library C:\Users\camil\AppData\Roaming\Code\User\globalStorage\redhat.java\1.53.0\config_win\org.eclipse.equinox.launcher\org.eclipse.equinox.launcher.win32.win32.x86_64_1.3.0.v20260203-2149\eclipse_11919.dll
Event: 2.756 Loaded shared library C:\Users\camil\AppData\Local\Temp\jna-94426418\jna3618391108813280713.dll
Event: 4.140 Loaded shared library C:\Users\camil\.vscode\extensions\redhat.java-1.53.0-win32-x64\jre\21.0.10-win32-x86_64\bin\sunmscapi.dll
Event: 4.476 Loaded shared library C:\Users\camil\.vscode\extensions\redhat.java-1.53.0-win32-x64\jre\21.0.10-win32-x86_64\bin\extnet.dll

Deoptimization events (20 events):
Event: 4.930 Thread 0x000001fce4f88ad0 DEOPT PACKING pc=0x000001fc89be7e3d sp=0x0000008b29ffe230
Event: 4.930 Thread 0x000001fce4f88ad0 DEOPT UNPACKING pc=0x000001fc90744242 sp=0x0000008b29ffd660 mode 0
Event: 4.930 Thread 0x000001fce4f88ad0 DEOPT PACKING pc=0x000001fc89be7e3d sp=0x0000008b29ffe230
Event: 4.930 Thread 0x000001fce4f88ad0 DEOPT UNPACKING pc=0x000001fc90744242 sp=0x0000008b29ffd660 mode 0
Event: 4.930 Thread 0x000001fce4f88ad0 DEOPT PACKING pc=0x000001fc89be7e3d sp=0x0000008b29ffe230
Event: 4.930 Thread 0x000001fce4f88ad0 DEOPT UNPACKING pc=0x000001fc90744242 sp=0x0000008b29ffd660 mode 0
Event: 4.942 Thread 0x000001fce4f88ad0 DEOPT PACKING pc=0x000001fc89bf203e sp=0x0000008b29ffe1f0
Event: 4.942 Thread 0x000001fce4f88ad0 DEOPT UNPACKING pc=0x000001fc90744242 sp=0x0000008b29ffd6e0 mode 0
Event: 4.943 Thread 0x000001fce4f88ad0 DEOPT PACKING pc=0x000001fc89bf203e sp=0x0000008b29ffe1f0
Event: 4.943 Thread 0x000001fce4f88ad0 DEOPT UNPACKING pc=0x000001fc90744242 sp=0x0000008b29ffd6e0 mode 0
Event: 4.945 Thread 0x000001fce4f88ad0 DEOPT PACKING pc=0x000001fc89bf203e sp=0x0000008b29ffe1f0
Event: 4.945 Thread 0x000001fce4f88ad0 DEOPT UNPACKING pc=0x000001fc90744242 sp=0x0000008b29ffd6e0 mode 0
Event: 4.945 Thread 0x000001fce4f88ad0 DEOPT PACKING pc=0x000001fc89bf203e sp=0x0000008b29ffe1f0
Event: 4.945 Thread 0x000001fce4f88ad0 DEOPT UNPACKING pc=0x000001fc90744242 sp=0x0000008b29ffd6e0 mode 0
Event: 4.946 Thread 0x000001fce4f88ad0 DEOPT PACKING pc=0x000001fc89bf203e sp=0x0000008b29ffe1f0
Event: 4.946 Thread 0x000001fce4f88ad0 DEOPT UNPACKING pc=0x000001fc90744242 sp=0x0000008b29ffd6e0 mode 0
Event: 4.947 Thread 0x000001fce4f88ad0 DEOPT PACKING pc=0x000001fc89bf203e sp=0x0000008b29ffe220
Event: 4.947 Thread 0x000001fce4f88ad0 DEOPT UNPACKING pc=0x000001fc90744242 sp=0x0000008b29ffd710 mode 0
Event: 4.963 Thread 0x000001fce4f897f0 DEOPT PACKING pc=0x000001fc893da854 sp=0x0000008b2a4fe2f0
Event: 4.963 Thread 0x000001fce4f897f0 DEOPT UNPACKING pc=0x000001fc90744242 sp=0x0000008b2a4fd778 mode 0

Classes loaded (20 events):
Event: 4.907 Loading class sun/net/www/MeteredStream done
Event: 4.907 Loading class sun/net/www/http/KeepAliveStream done
Event: 4.907 Loading class sun/net/www/http/KeepAliveStreamCleaner
Event: 4.907 Loading class sun/net/www/http/KeepAliveStreamCleaner done
Event: 4.908 Loading class sun/net/www/http/KeepAliveStreamCleaner$1
Event: 4.908 Loading class sun/net/www/http/KeepAliveStreamCleaner$1 done
Event: 4.908 Loading class sun/net/www/http/KeepAliveStreamCleaner$2
Event: 4.908 Loading class sun/net/www/http/KeepAliveStreamCleaner$2 done
Event: 4.909 Loading class sun/net/www/protocol/http/HttpURLConnection$HttpInputStream
Event: 4.909 Loading class sun/net/www/protocol/http/HttpURLConnection$HttpInputStream done
Event: 4.962 Loading class sun/net/www/http/KeepAliveCache$1
Event: 4.962 Loading class sun/net/www/http/KeepAliveCache$1 done
Event: 4.962 Loading class sun/net/www/http/KeepAliveCache$ClientVector
Event: 4.962 Loading class sun/net/www/http/KeepAliveCache$ClientVector done
Event: 4.963 Loading class sun/net/www/http/KeepAliveEntry
Event: 4.963 Loading class sun/net/www/http/KeepAliveEntry done
Event: 5.049 Loading class sun/reflect/annotation/AnnotatedTypeFactory$AnnotatedParameterizedTypeImpl
Event: 5.049 Loading class java/lang/reflect/AnnotatedParameterizedType
Event: 5.049 Loading class java/lang/reflect/AnnotatedParameterizedType done
Event: 5.049 Loading class sun/reflect/annotation/AnnotatedTypeFactory$AnnotatedParameterizedTypeImpl done

Classes unloaded (7 events):
Event: 3.241 Thread 0x000001fcdece0d70 Unloading class 0x000001fc9e1ad400 'java/lang/invoke/LambdaForm$MH+0x000001fc9e1ad400'
Event: 3.241 Thread 0x000001fcdece0d70 Unloading class 0x000001fc9e1ad000 'java/lang/invoke/LambdaForm$MH+0x000001fc9e1ad000'
Event: 3.241 Thread 0x000001fcdece0d70 Unloading class 0x000001fc9e1acc00 'java/lang/invoke/LambdaForm$MH+0x000001fc9e1acc00'
Event: 3.241 Thread 0x000001fcdece0d70 Unloading class 0x000001fc9e1ac800 'java/lang/invoke/LambdaForm$MH+0x000001fc9e1ac800'
Event: 3.241 Thread 0x000001fcdece0d70 Unloading class 0x000001fc9e1ac400 'java/lang/invoke/LambdaForm$BMH+0x000001fc9e1ac400'
Event: 3.241 Thread 0x000001fcdece0d70 Unloading class 0x000001fc9e1ac000 'java/lang/invoke/LambdaForm$DMH+0x000001fc9e1ac000'
Event: 3.241 Thread 0x000001fcdece0d70 Unloading class 0x000001fc9e1aac00 'java/lang/invoke/LambdaForm$DMH+0x000001fc9e1aac00'

Classes redefined (0 events):
No events

Internal exceptions (20 events):
Event: 4.250 Thread 0x000001fce4f87db0 Exception <a 'sun/nio/fs/WindowsException'{0x00000000d58c6eb0}> (0x00000000d58c6eb0) 
thrown [s\src\hotspot\share\prims\jni.cpp, line 520]
Event: 4.326 Thread 0x000001fce4f87db0 Exception <a 'java/io/FileNotFoundException'{0x00000000d5ff08d0}> (0x00000000d5ff08d0) 
thrown [s\src\hotspot\share\prims\jni.cpp, line 520]
Event: 4.326 Thread 0x000001fce4f87db0 Exception <a 'java/io/FileNotFoundException'{0x00000000d5ff1ee0}> (0x00000000d5ff1ee0) 
thrown [s\src\hotspot\share\prims\jni.cpp, line 520]
Event: 4.327 Thread 0x000001fce4f87db0 Exception <a 'java/lang/NoSuchMethodError'{0x00000000d6038340}: 'java.lang.Object java.lang.invoke.DirectMethodHandle$Holder.newInvokeSpecial(java.lang.Object, java.lang.Object, java.lang.Object, int)'> (0x00000000d6038340) 
thrown [s\src\hotspot\share\interpreter\linkResolver.cpp, line 773]
Event: 4.327 Thread 0x000001fce4f87db0 Exception <a 'java/lang/NoSuchMethodError'{0x00000000d603bfb8}: 'java.lang.Object java.lang.invoke.DirectMethodHandle$Holder.invokeSpecial(java.lang.Object, java.lang.Object, java.lang.Object, java.lang.Object, int)'> (0x00000000d603bfb8) 
thrown [s\src\hotspot\share\interpreter\linkResolver.cpp, line 773]
Event: 4.328 Thread 0x000001fce4f87db0 Exception <a 'java/lang/NoSuchMethodError'{0x00000000d603f460}: 'java.lang.Object java.lang.invoke.Invokers$Holder.linkToTargetMethod(java.lang.Object, java.lang.Object, int, java.lang.Object)'> (0x00000000d603f460) 
thrown [s\src\hotspot\share\interpreter\linkResolver.cpp, line 773]
Event: 4.329 Thread 0x000001fce4f87db0 Exception <a 'java/lang/NoSuchMethodError'{0x00000000d60a7088}: 'void java.lang.invoke.DirectMethodHandle$Holder.invokeStaticInit(java.lang.Object, java.lang.Object, java.lang.Object)'> (0x00000000d60a7088) 
thrown [s\src\hotspot\share\interpreter\linkResolver.cpp, line 773]
Event: 4.350 Thread 0x000001fce4f87db0 Exception <a 'java/io/FileNotFoundException'{0x00000000d629cd48}> (0x00000000d629cd48) 
thrown [s\src\hotspot\share\prims\jni.cpp, line 520]
Event: 4.350 Thread 0x000001fce4f87db0 Exception <a 'java/io/FileNotFoundException'{0x00000000d629dac8}> (0x00000000d629dac8) 
thrown [s\src\hotspot\share\prims\jni.cpp, line 520]
Event: 4.353 Thread 0x000001fc85fbe050 Exception <a 'java/lang/NoSuchMethodError'{0x00000000d646abe0}: 'void java.lang.invoke.DirectMethodHandle$Holder.invokeSpecial(java.lang.Object, java.lang.Object, java.lang.Object, java.lang.Object, java.lang.Object, java.lang.Object)'> (0x00000000d646abe0) 
thrown [s\src\hotspot\share\interpreter\linkResolver.cpp, line 773]
Event: 4.355 Thread 0x000001fc85fbe050 Exception <a 'java/lang/IncompatibleClassChangeError'{0x00000000d6472988}: Found class java.lang.Object, but interface was expected> (0x00000000d6472988) 
thrown [s\src\hotspot\share\interpreter\linkResolver.cpp, line 840]
Event: 4.355 Thread 0x000001fc85fbe050 Exception <a 'java/lang/IncompatibleClassChangeError'{0x00000000d64ab7f0}: Found class java.lang.Object, but interface was expected> (0x00000000d64ab7f0) 
thrown [s\src\hotspot\share\interpreter\linkResolver.cpp, line 840]
Event: 4.414 Thread 0x000001fce4f897f0 Exception <a 'java/lang/NoSuchMethodError'{0x00000000d5a4ff28}: 'java.lang.Object java.lang.invoke.DirectMethodHandle$Holder.invokeSpecialIFC(java.lang.Object, java.lang.Object, java.lang.Object, java.lang.Object)'> (0x00000000d5a4ff28) 
thrown [s\src\hotspot\share\interpreter\linkResolver.cpp, line 773]
Event: 4.550 Thread 0x000001fce68b36b0 Exception <a 'java/io/FileNotFoundException'{0x00000000d5a13e10}> (0x00000000d5a13e10) 
thrown [s\src\hotspot\share\prims\jni.cpp, line 520]
Event: 4.600 Thread 0x000001fce68b36b0 Exception <a 'java/lang/NoSuchMethodError'{0x00000000d6018270}: 'java.lang.Object java.lang.invoke.DirectMethodHandle$Holder.invokeStatic(java.lang.Object, int, java.lang.Object, java.lang.Object)'> (0x00000000d6018270) 
thrown [s\src\hotspot\share\interpreter\linkResolver.cpp, line 773]
Event: 4.600 Thread 0x000001fce68b36b0 Exception <a 'java/lang/NoSuchMethodError'{0x00000000d603f598}: 'java.lang.Object java.lang.invoke.DelegatingMethodHandle$Holder.delegate(java.lang.Object, int, java.lang.Object, java.lang.Object)'> (0x00000000d603f598) 
thrown [s\src\hotspot\share\interpreter\linkResolver.cpp, line 773]
Event: 4.603 Thread 0x000001fce68b36b0 Implicit null exception at 0x000001fc90e47976 to 0x000001fc90e47c98
Event: 4.605 Thread 0x000001fce68b36b0 Exception <a 'java/lang/NoSuchMethodError'{0x00000000d60a5c08}: 'int java.lang.invoke.Invokers$Holder.linkToTargetMethod(java.lang.Object, java.lang.Object, java.lang.Object)'> (0x00000000d60a5c08) 
thrown [s\src\hotspot\share\interpreter\linkResolver.cpp, line 773]
Event: 4.711 Thread 0x000001fce4f897f0 Exception <a 'java/lang/NoClassDefFoundError'{0x00000000d66d5b50}: javax/enterprise/inject/Typed> (0x00000000d66d5b50) 
thrown [s\src\hotspot\share\classfile\systemDictionary.cpp, line 301]
Event: 4.977 Thread 0x000001fce4f88ad0 Exception <a 'java/lang/NoSuchMethodError'{0x00000000d612e628}: 'void java.lang.invoke.DirectMethodHandle$Holder.invokeStaticInit(java.lang.Object, java.lang.Object, java.lang.Object, java.lang.Object)'> (0x00000000d612e628) 
thrown [s\src\hotspot\share\interpreter\linkResolver.cpp, line 773]

ZGC Phase Switch (0 events):
No events

VM Operations (20 events):
Event: 4.532 Executing non-safepoint VM operation: HandshakeAllThreads (Deoptimize)
Event: 4.532 Executing non-safepoint VM operation: HandshakeAllThreads (Deoptimize) done
Event: 4.534 Executing non-safepoint VM operation: HandshakeAllThreads (Deoptimize)
Event: 4.534 Executing non-safepoint VM operation: HandshakeAllThreads (Deoptimize) done
Event: 4.700 Executing non-safepoint VM operation: HandshakeAllThreads (Deoptimize)
Event: 4.700 Executing non-safepoint VM operation: HandshakeAllThreads (Deoptimize) done
Event: 4.737 Executing safepoint VM operation: ParallelGCFailedAllocation (Allocation Failure)
Event: 4.739 Executing safepoint VM operation: ParallelGCFailedAllocation (Allocation Failure) done
Event: 4.870 Executing safepoint VM operation: ParallelGCFailedAllocation (Allocation Failure)
Event: 4.871 Executing safepoint VM operation: ParallelGCFailedAllocation (Allocation Failure) done
Event: 4.908 Executing non-safepoint VM operation: HandshakeAllThreads (Deoptimize)
Event: 4.908 Executing non-safepoint VM operation: HandshakeAllThreads (Deoptimize) done
Event: 4.963 Executing non-safepoint VM operation: HandshakeAllThreads (Deoptimize)
Event: 4.963 Executing non-safepoint VM operation: HandshakeAllThreads (Deoptimize) done
Event: 5.090 Executing safepoint VM operation: ParallelGCFailedAllocation (Allocation Failure)
Event: 5.092 Executing safepoint VM operation: ParallelGCFailedAllocation (Allocation Failure) done
Event: 5.114 Executing non-safepoint VM operation: HandshakeAllThreads (Deoptimize)
Event: 5.114 Executing non-safepoint VM operation: HandshakeAllThreads (Deoptimize) done
Event: 5.170 Executing non-safepoint VM operation: HandshakeAllThreads (Deoptimize)
Event: 5.170 Executing non-safepoint VM operation: HandshakeAllThreads (Deoptimize) done

Memory protections (0 events):
No events

Nmethod flushes (20 events):
Event: 4.277 Thread 0x000001fcdece0d70 flushing  nmethod 0x000001fc89808c90
Event: 4.277 Thread 0x000001fcdece0d70 flushing  nmethod 0x000001fc8980a710
Event: 4.277 Thread 0x000001fcdece0d70 flushing  nmethod 0x000001fc8980b010
Event: 4.277 Thread 0x000001fcdece0d70 flushing  nmethod 0x000001fc8980c210
Event: 4.277 Thread 0x000001fcdece0d70 flushing  nmethod 0x000001fc8980ca10
Event: 4.277 Thread 0x000001fcdece0d70 flushing  nmethod 0x000001fc8980d190
Event: 4.277 Thread 0x000001fcdece0d70 flushing  nmethod 0x000001fc8980e710
Event: 4.277 Thread 0x000001fcdece0d70 flushing  nmethod 0x000001fc8980ec10
Event: 4.277 Thread 0x000001fcdece0d70 flushing  nmethod 0x000001fc8980f010
Event: 4.277 Thread 0x000001fcdece0d70 flushing  nmethod 0x000001fc8980f910
Event: 4.277 Thread 0x000001fcdece0d70 flushing  nmethod 0x000001fc89811a10
Event: 4.277 Thread 0x000001fcdece0d70 flushing  nmethod 0x000001fc89812a90
Event: 4.277 Thread 0x000001fcdece0d70 flushing  nmethod 0x000001fc89812d90
Event: 4.277 Thread 0x000001fcdece0d70 flushing  nmethod 0x000001fc89831910
Event: 4.277 Thread 0x000001fcdece0d70 flushing  nmethod 0x000001fc8984af10
Event: 4.277 Thread 0x000001fcdece0d70 flushing  nmethod 0x000001fc8984f890
Event: 4.277 Thread 0x000001fcdece0d70 flushing  nmethod 0x000001fc89855990
Event: 4.277 Thread 0x000001fcdece0d70 flushing  nmethod 0x000001fc89911b10
Event: 4.277 Thread 0x000001fcdece0d70 flushing  nmethod 0x000001fc89911f90
Event: 4.277 Thread 0x000001fcdece0d70 flushing  nmethod 0x000001fc89916210

Events (20 events):
Event: 4.159 Thread 0x000001fc85fbe050 Thread added: 0x000001fce68afba0
Event: 4.159 Thread 0x000001fc85fbe050 Thread added: 0x000001fce68ac720
Event: 4.159 Thread 0x000001fc85fbe050 Thread added: 0x000001fce68af510
Event: 4.159 Thread 0x000001fc85fbe050 Thread added: 0x000001fce68b0230
Event: 4.159 Thread 0x000001fc85fbe050 Thread added: 0x000001fce68acdb0
Event: 4.160 Thread 0x000001fc85fbe050 Thread added: 0x000001fce68b08c0
Event: 4.160 Thread 0x000001fc85fbe050 Thread added: 0x000001fce68b0f50
Event: 4.160 Thread 0x000001fc85fbe050 Thread added: 0x000001fce68adad0
Event: 4.190 Thread 0x000001fc85fbe050 Thread added: 0x000001fce68b15e0
Event: 4.352 Thread 0x000001fce4f87db0 Thread added: 0x000001fce68ae160
Event: 4.352 Thread 0x000001fce68ae160 Thread added: 0x000001fce68b1c70
Event: 4.353 Thread 0x000001fce68b1c70 Thread added: 0x000001fce68ae7f0
Event: 4.353 Thread 0x000001fce68ae7f0 Thread added: 0x000001fce68b2300
Event: 4.353 Thread 0x000001fce68b2300 Thread added: 0x000001fce68aee80
Event: 4.354 Thread 0x000001fce68aee80 Thread added: 0x000001fce68b2990
Event: 4.380 Thread 0x000001fc85fbe050 Thread added: 0x000001fce68b3020
Event: 4.380 Thread 0x000001fc85fbe050 Thread added: 0x000001fce68b36b0
Event: 4.878 Thread 0x000001fce4f88ad0 Thread added: 0x000001fce8372e50
Event: 4.879 Thread 0x000001fce8372e50 Thread exited: 0x000001fce8372e50
Event: 4.962 Thread 0x000001fce4f88ad0 Thread added: 0x000001fce5da7010


Dynamic libraries:
0x00007ff7d6b90000 - 0x00007ff7d6b9e000 	c:\Users\camil\.vscode\extensions\redhat.java-1.53.0-win32-x64\jre\21.0.10-win32-x86_64\bin\java.exe
0x00007ffa88a20000 - 0x00007ffa88c87000 	C:\WINDOWS\SYSTEM32\ntdll.dll
0x00007ffa87360000 - 0x00007ffa87429000 	C:\WINDOWS\System32\KERNEL32.DLL
0x00007ffa857b0000 - 0x00007ffa85ba1000 	C:\WINDOWS\System32\KERNELBASE.dll
0x00007ffa853c0000 - 0x00007ffa8550b000 	C:\WINDOWS\System32\ucrtbase.dll
0x00007ffa49550000 - 0x00007ffa49568000 	c:\Users\camil\.vscode\extensions\redhat.java-1.53.0-win32-x64\jre\21.0.10-win32-x86_64\bin\jli.dll
0x00007ffa87430000 - 0x00007ffa875f5000 	C:\WINDOWS\System32\USER32.dll
0x00007ffa85bb0000 - 0x00007ffa85bd7000 	C:\WINDOWS\System32\win32u.dll
0x00007ffa87a90000 - 0x00007ffa87abb000 	C:\WINDOWS\System32\GDI32.dll
0x00007ffa516c0000 - 0x00007ffa516de000 	c:\Users\camil\.vscode\extensions\redhat.java-1.53.0-win32-x64\jre\21.0.10-win32-x86_64\bin\VCRUNTIME140.dll
0x00007ffa85510000 - 0x00007ffa8563b000 	C:\WINDOWS\System32\gdi32full.dll
0x00007ffa85d60000 - 0x00007ffa85e03000 	C:\WINDOWS\System32\msvcp_win.dll
0x00007ffa6e900000 - 0x00007ffa6eb93000 	C:\WINDOWS\WinSxS\amd64_microsoft.windows.common-controls_6595b64144ccf1df_6.0.26100.8037_none_3e092faae333b53b\COMCTL32.dll
0x00007ffa86cb0000 - 0x00007ffa86d59000 	C:\WINDOWS\System32\msvcrt.dll
0x00007ffa869d0000 - 0x00007ffa86a01000 	C:\WINDOWS\System32\IMM32.DLL
0x00007ffa54330000 - 0x00007ffa5433c000 	c:\Users\camil\.vscode\extensions\redhat.java-1.53.0-win32-x64\jre\21.0.10-win32-x86_64\bin\vcruntime140_1.dll
0x00007ff9ac9f0000 - 0x00007ff9aca7d000 	c:\Users\camil\.vscode\extensions\redhat.java-1.53.0-win32-x64\jre\21.0.10-win32-x86_64\bin\msvcp140.dll
0x00007ff98f270000 - 0x00007ff990011000 	c:\Users\camil\.vscode\extensions\redhat.java-1.53.0-win32-x64\jre\21.0.10-win32-x86_64\bin\server\jvm.dll
0x00007ffa87020000 - 0x00007ffa870db000 	C:\WINDOWS\System32\ADVAPI32.dll
0x00007ffa86c00000 - 0x00007ffa86ca7000 	C:\WINDOWS\System32\sechost.dll
0x00007ffa87ac0000 - 0x00007ffa87bd8000 	C:\WINDOWS\System32\RPCRT4.dll
0x00007ffa867c0000 - 0x00007ffa86834000 	C:\WINDOWS\System32\WS2_32.dll
0x00007ffa7fbc0000 - 0x00007ffa7fbcb000 	C:\WINDOWS\SYSTEM32\VERSION.dll
0x00007ffa85160000 - 0x00007ffa851be000 	C:\WINDOWS\SYSTEM32\POWRPROF.dll
0x00007ffa7fb80000 - 0x00007ffa7fbb5000 	C:\WINDOWS\SYSTEM32\WINMM.dll
0x00007ffa85140000 - 0x00007ffa85154000 	C:\WINDOWS\SYSTEM32\UMPDC.dll
0x00007ffa84090000 - 0x00007ffa840ab000 	C:\WINDOWS\SYSTEM32\kernel.appcore.dll
0x00007ffa541c0000 - 0x00007ffa541ca000 	c:\Users\camil\.vscode\extensions\redhat.java-1.53.0-win32-x64\jre\21.0.10-win32-x86_64\bin\jimage.dll
0x00007ffa79a50000 - 0x00007ffa79c92000 	C:\WINDOWS\SYSTEM32\DBGHELP.DLL
0x00007ffa87600000 - 0x00007ffa87982000 	C:\WINDOWS\System32\combase.dll
0x00007ffa870e0000 - 0x00007ffa871b7000 	C:\WINDOWS\System32\OLEAUT32.dll
0x00007ffa5ea70000 - 0x00007ffa5eaab000 	C:\WINDOWS\SYSTEM32\dbgcore.DLL
0x00007ffa85ea0000 - 0x00007ffa85f45000 	C:\WINDOWS\System32\bcryptPrimitives.dll
0x00007ffa52250000 - 0x00007ffa5225f000 	c:\Users\camil\.vscode\extensions\redhat.java-1.53.0-win32-x64\jre\21.0.10-win32-x86_64\bin\instrument.dll
0x00007ffa46820000 - 0x00007ffa46840000 	c:\Users\camil\.vscode\extensions\redhat.java-1.53.0-win32-x64\jre\21.0.10-win32-x86_64\bin\java.dll
0x00007ffa87de0000 - 0x00007ffa8853f000 	C:\WINDOWS\System32\SHELL32.dll
0x00007ffa85640000 - 0x00007ffa857aa000 	C:\WINDOWS\System32\wintypes.dll
0x00007ffa85f50000 - 0x00007ffa867b4000 	C:\WINDOWS\System32\windows.storage.dll
0x00007ffa868d0000 - 0x00007ffa869c7000 	C:\WINDOWS\System32\SHCORE.dll
0x00007ffa87a20000 - 0x00007ffa87a87000 	C:\WINDOWS\System32\shlwapi.dll
0x00007ffa85220000 - 0x00007ffa85249000 	C:\WINDOWS\SYSTEM32\profapi.dll
0x00007ffa46770000 - 0x00007ffa46788000 	c:\Users\camil\.vscode\extensions\redhat.java-1.53.0-win32-x64\jre\21.0.10-win32-x86_64\bin\zip.dll
0x00007ffa52190000 - 0x00007ffa521a0000 	C:\Users\camil\.vscode\extensions\redhat.java-1.53.0-win32-x64\jre\21.0.10-win32-x86_64\bin\net.dll
0x00007ffa7ca50000 - 0x00007ffa7cb77000 	C:\WINDOWS\SYSTEM32\WINHTTP.dll
0x00007ffa84600000 - 0x00007ffa8466b000 	C:\WINDOWS\system32\mswsock.dll
0x00007ffa466b0000 - 0x00007ffa466c6000 	C:\Users\camil\.vscode\extensions\redhat.java-1.53.0-win32-x64\jre\21.0.10-win32-x86_64\bin\nio.dll
0x00007ffa52090000 - 0x00007ffa520a0000 	c:\Users\camil\.vscode\extensions\redhat.java-1.53.0-win32-x64\jre\21.0.10-win32-x86_64\bin\verify.dll
0x00007ffa0ceb0000 - 0x00007ffa0cef5000 	C:\Users\camil\AppData\Roaming\Code\User\globalStorage\redhat.java\1.53.0\config_win\org.eclipse.equinox.launcher\org.eclipse.equinox.launcher.win32.win32.x86_64_1.3.0.v20260203-2149\eclipse_11919.dll
0x00007ffa871c0000 - 0x00007ffa87355000 	C:\WINDOWS\System32\ole32.dll
0x00007ffa848f0000 - 0x00007ffa8490b000 	C:\WINDOWS\SYSTEM32\CRYPTSP.dll
0x00007ffa83ff0000 - 0x00007ffa84029000 	C:\WINDOWS\system32\rsaenh.dll
0x00007ffa846b0000 - 0x00007ffa846e2000 	C:\WINDOWS\SYSTEM32\USERENV.dll
0x00007ffa851f0000 - 0x00007ffa8521a000 	C:\WINDOWS\SYSTEM32\bcrypt.dll
0x00007ffa848e0000 - 0x00007ffa848ec000 	C:\WINDOWS\SYSTEM32\CRYPTBASE.dll
0x00007ffa83aa0000 - 0x00007ffa83ad3000 	C:\WINDOWS\SYSTEM32\IPHLPAPI.DLL
0x00007ffa868c0000 - 0x00007ffa868ca000 	C:\WINDOWS\System32\NSI.dll
0x00007ff9b8c10000 - 0x00007ff9b8c59000 	C:\Users\camil\AppData\Local\Temp\jna-94426418\jna3618391108813280713.dll
0x00007ffa86fd0000 - 0x00007ffa86fd8000 	C:\WINDOWS\System32\PSAPI.DLL
0x00007ffa7c910000 - 0x00007ffa7c92d000 	C:\WINDOWS\SYSTEM32\dhcpcsvc6.DLL
0x00007ffa7ca20000 - 0x00007ffa7ca43000 	C:\WINDOWS\SYSTEM32\dhcpcsvc.DLL
0x00007ffa521b0000 - 0x00007ffa521be000 	C:\Users\camil\.vscode\extensions\redhat.java-1.53.0-win32-x64\jre\21.0.10-win32-x86_64\bin\sunmscapi.dll
0x00007ffa85be0000 - 0x00007ffa85d57000 	C:\WINDOWS\System32\CRYPT32.dll
0x00007ffa84b00000 - 0x00007ffa84b30000 	C:\WINDOWS\SYSTEM32\ncrypt.dll
0x00007ffa84ab0000 - 0x00007ffa84aef000 	C:\WINDOWS\SYSTEM32\NTASN1.dll
0x00007ffa83b90000 - 0x00007ffa83cba000 	C:\WINDOWS\SYSTEM32\DNSAPI.dll
0x00007ffa76db0000 - 0x00007ffa76dbb000 	C:\Windows\System32\rasadhlp.dll
0x00007ffa7c670000 - 0x00007ffa7c6f6000 	C:\WINDOWS\System32\fwpuclnt.dll
0x00007ffa521a0000 - 0x00007ffa521a9000 	C:\Users\camil\.vscode\extensions\redhat.java-1.53.0-win32-x64\jre\21.0.10-win32-x86_64\bin\extnet.dll

JVMTI agents:
c:\Users\camil\.vscode\extensions\redhat.java-1.53.0-win32-x64\lombok\lombok-1.18.39-4050.jar path:c:\Users\camil\.vscode\extensions\redhat.java-1.53.0-win32-x64\jre\21.0.10-win32-x86_64\bin\instrument.dll, loaded, initialized, instrumentlib options:none

dbghelp: loaded successfully - version: 4.0.5 - missing functions: none
symbol engine: initialized successfully - sym options: 0x614 - pdb path: .;c:\Users\camil\.vscode\extensions\redhat.java-1.53.0-win32-x64\jre\21.0.10-win32-x86_64\bin;C:\WINDOWS\SYSTEM32;C:\WINDOWS\WinSxS\amd64_microsoft.windows.common-controls_6595b64144ccf1df_6.0.26100.8037_none_3e092faae333b53b;c:\Users\camil\.vscode\extensions\redhat.java-1.53.0-win32-x64\jre\21.0.10-win32-x86_64\bin\server;C:\Users\camil\AppData\Roaming\Code\User\globalStorage\redhat.java\1.53.0\config_win\org.eclipse.equinox.launcher\org.eclipse.equinox.launcher.win32.win32.x86_64_1.3.0.v20260203-2149;C:\Users\camil\AppData\Local\Temp\jna-94426418

VM Arguments:
jvm_args: --add-modules=ALL-SYSTEM --add-opens=java.base/java.util=ALL-UNNAMED --add-opens=java.base/java.lang=ALL-UNNAMED --add-opens=java.base/sun.nio.fs=ALL-UNNAMED -Declipse.application=org.eclipse.jdt.ls.core.id1 -Dosgi.bundles.defaultStartLevel=4 -Declipse.product=org.eclipse.jdt.ls.core.product -Djava.import.generatesMetadataFilesAtProjectRoot=false -DDetectVMInstallationsJob.disabled=true -Dfile.encoding=utf8 -XX:+UseParallelGC -XX:GCTimeRatio=4 -XX:AdaptiveSizePolicyWeight=90 -Dsun.zip.disableMemoryMapping=true -Xmx2G -Xms100m -Xlog:disable -javaagent:c:\Users\camil\.vscode\extensions\redhat.java-1.53.0-win32-x64\lombok\lombok-1.18.39-4050.jar -XX:+HeapDumpOnOutOfMemoryError -XX:HeapDumpPath=c:\Users\camil\AppData\Roaming\Code\User\workspaceStorage\fcb90d46bb9a1586029f89fc31149cd5\redhat.java -Daether.dependencyCollector.impl=bf 
java_command: c:\Users\camil\.vscode\extensions\redhat.java-1.53.0-win32-x64\server\plugins\org.eclipse.equinox.launcher_1.7.100.v20251111-0406.jar -configuration c:\Users\camil\AppData\Roaming\Code\User\globalStorage\redhat.java\1.53.0\config_win -data c:\Users\camil\AppData\Roaming\Code\User\workspaceStorage\fcb90d46bb9a1586029f89fc31149cd5\redhat.java\jdt_ws --pipe=\\.\pipe\lsp-be72f2106ff8e86c82553b8902d20889-sock
java_class_path (initial): c:\Users\camil\.vscode\extensions\redhat.java-1.53.0-win32-x64\server\plugins\org.eclipse.equinox.launcher_1.7.100.v20251111-0406.jar
Launcher Type: SUN_STANDARD

[Global flags]
    uintx AdaptiveSizePolicyWeight                 = 90                                        {product} {command line}
     intx CICompilerCount                          = 4                                         {product} {ergonomic}
    uintx GCTimeRatio                              = 4                                         {product} {command line}
     bool HeapDumpOnOutOfMemoryError               = true                                   {manageable} {command line}
    ccstr HeapDumpPath                             = c:\Users\camil\AppData\Roaming\Code\User\workspaceStorage\fcb90d46bb9a1586029f89fc31149cd5\redhat.java         {manageable} {command line}
   size_t InitialHeapSize                          = 104857600                                 {product} {command line}
   size_t MaxHeapSize                              = 2147483648                                {product} {command line}
   size_t MaxNewSize                               = 715653120                                 {product} {ergonomic}
   size_t MinHeapDeltaBytes                        = 524288                                    {product} {ergonomic}
   size_t MinHeapSize                              = 104857600                                 {product} {command line}
   size_t NewSize                                  = 34603008                                  {product} {ergonomic}
    uintx NonNMethodCodeHeapSize                   = 5839372                                {pd product} {ergonomic}
    uintx NonProfiledCodeHeapSize                  = 122909434                              {pd product} {ergonomic}
   size_t OldSize                                  = 70254592                                  {product} {ergonomic}
    uintx ProfiledCodeHeapSize                     = 122909434                              {pd product} {ergonomic}
    uintx ReservedCodeCacheSize                    = 251658240                              {pd product} {ergonomic}
     bool SegmentedCodeCache                       = true                                      {product} {ergonomic}
   size_t SoftMaxHeapSize                          = 2147483648                             {manageable} {ergonomic}
     bool UseCompressedOops                        = true                           {product lp64_product} {ergonomic}
     bool UseLargePagesIndividualAllocation        = false                                  {pd product} {ergonomic}
     bool UseParallelGC                            = true                                      {product} {command line}

Logging:
Log output configuration:
 #0: stdout all=off uptime,level,tags foldmultilines=false
 #1: stderr all=off uptime,level,tags foldmultilines=false

Release file:
JAVA_VERSION="21.0.10" 
MODULES="java.base java.compiler java.datatransfer java.xml java.prefs java.desktop java.instrument java.logging java.management java.security.sasl java.naming java.rmi java.management.rmi java.net.http java.scripting java.security.jgss java.transaction.xa java.sql java.sql.rowset java.xml.crypto java.se java.smartcardio jdk.accessibility jdk.internal.jvmstat jdk.attach jdk.charsets jdk.internal.opt jdk.zipfs jdk.compiler jdk.crypto.ec jdk.crypto.cryptoki jdk.crypto.mscapi jdk.dynalink jdk.internal.ed jdk.editpad jdk.hotspot.agent jdk.httpserver jdk.internal.le jdk.internal.vm.ci jdk.internal.vm.compiler jdk.internal.vm.compiler.management jdk.jartool jdk.javadoc jdk.jcmd jdk.management jdk.management.agent jdk.jconsole jdk.jdeps jdk.jdwp.agent jdk.jdi jdk.jfr jdk.jshell jdk.jsobject jdk.jstatd jdk.localedata jdk.management.jfr jdk.naming.dns jdk.naming.rmi jdk.net jdk.nio.mapmode jdk.random jdk.sctp jdk.security.auth jdk.security.jgss jdk.unsupported jdk.unsupported.desktop jdk.xml.dom" 

Environment Variables:
JAVA_HOME=C:\Program Files\Java\jdk-21
PATH=C:\Users\camil\AppData\Local\Programs\Microsoft VS Code;C:\Program Files\Common Files\Oracle\Java\javapath;C:\WINDOWS\system32;C:\WINDOWS;C:\WINDOWS\System32\Wbem;C:\WINDOWS\System32\WindowsPowerShell\v1.0\;C:\WINDOWS\System32\OpenSSH\;C:\Users\camil\Documents\CAMILO\DOC UNI\POLIGRAN\Semestre II\Programacion de Computadores\JAVA\bin;C:\Program Files\Microsoft SQL Server\Client SDK\ODBC\170\Tools\Binn\;C:\Program Files (x86)\Microsoft SQL Server\150\Tools\Binn\;C:\Program Files\Microsoft SQL Server\150\Tools\Binn\;C:\Program Files\Microsoft SQL Server\150\DTS\Binn\;C:\Program Files (x86)\Windows Kits\8.1\Windows Performance Toolkit\;C:\Program Files\Git\cmd;C:\Program Files\dotnet\;C:\Program Files (x86)\Windows Kits\10\Windows Performance Toolkit\;C:\dev\flutter\bin;C:\Program Files\Java\jdk-21\bin;C:\Users\camil\AppData\Local\Microsoft\WindowsApps;D:\CAMILO\DOC UNI\POLIGRAN\Semestre lV\IntelliJ IDEA Community Edition 2024.3.3\bin;;C:\Users\camil\AppData\Local\Programs\cursor\resources\app\bin;C:\Users\camil\AppData\Local\Programs\Microsoft VS Code\bin;C:\Users\camil\.dotnet\tools;C:\dev\flutter\bin;
USERNAME=camil
OS=Windows_NT
PROCESSOR_IDENTIFIER=AMD64 Family 25 Model 80 Stepping 0, AuthenticAMD
TMP=C:\Users\camil\AppData\Local\Temp
TEMP=C:\Users\camil\AppData\Local\Temp




Periodic native trim disabled

---------------  S Y S T E M  ---------------

OS:
 Windows 11 , 64 bit Build 26100 (10.0.26100.7920)
OS uptime: 0 days 2:29 hours

CPU: total 12 (initial active 12) (12 cores per cpu, 2 threads per core) family 25 model 80 stepping 0 microcode 0xa50000d, cx8, cmov, fxsr, ht, mmx, 3dnowpref, sse, sse2, sse3, ssse3, sse4a, sse4.1, sse4.2, popcnt, lzcnt, tsc, tscinvbit, avx, avx2, aes, erms, clmul, bmi1, bmi2, adx, sha, fma, vzeroupper, clflush, clflushopt, rdtscp, rdpid, fsrm, f16c, pku, cet_ss
Processor Information for the first 12 processors :
  Max Mhz: 3901, Current Mhz: 3901, Mhz Limit: 3901

Memory: 4k page, system-wide physical 15740M (3193M free)
TotalPageFile size 23543M (AvailPageFile size 7663M)
current process WorkingSet (physical memory assigned to process): 229M, peak: 229M
current process commit charge ("private bytes"): 349M, peak: 349M

vm_info: OpenJDK 64-Bit Server VM (21.0.10+7-LTS) for windows-amd64 JRE (21.0.10+7-LTS), built on 2026-01-20T00:00:00Z by "admin" with MS VC++ 17.12 (VS2022)

END.
